Archive member included to satisfy reference by file (symbol)

C:/ST/STM32CubeIDE_1.17.0/STM32CubeIDE/plugins/com.st.stm32cube.ide.mcu.externaltools.gnu-tools-for-stm32.13.3.rel1.win32_1.0.0.202411081344/tools/bin/../lib/gcc/arm-none-eabi/13.3.1/../../../../arm-none-eabi/lib/thumb/v7e-m+fp/hard\libc_nano.a(libc_a-exit.o)
                              C:/ST/STM32CubeIDE_1.17.0/STM32CubeIDE/plugins/com.st.stm32cube.ide.mcu.externaltools.gnu-tools-for-stm32.13.3.rel1.win32_1.0.0.202411081344/tools/bin/../lib/gcc/arm-none-eabi/13.3.1/../../../../arm-none-eabi/lib/thumb/v7e-m+fp/hard/crt0.o (exit)
C:/ST/STM32CubeIDE_1.17.0/STM32CubeIDE/plugins/com.st.stm32cube.ide.mcu.externaltools.gnu-tools-for-stm32.13.3.rel1.win32_1.0.0.202411081344/tools/bin/../lib/gcc/arm-none-eabi/13.3.1/../../../../arm-none-eabi/lib/thumb/v7e-m+fp/hard\libc_nano.a(libc_a-findfp.o)
                              C:/ST/STM32CubeIDE_1.17.0/STM32CubeIDE/plugins/com.st.stm32cube.ide.mcu.externaltools.gnu-tools-for-stm32.13.3.rel1.win32_1.0.0.202411081344/tools/bin/../lib/gcc/arm-none-eabi/13.3.1/../../../../arm-none-eabi/lib/thumb/v7e-m+fp/hard\libc_nano.a(libc_a-exit.o) (__stdio_exit_handler)
C:/ST/STM32CubeIDE_1.17.0/STM32CubeIDE/plugins/com.st.stm32cube.ide.mcu.externaltools.gnu-tools-for-stm32.13.3.rel1.win32_1.0.0.202411081344/tools/bin/../lib/gcc/arm-none-eabi/13.3.1/../../../../arm-none-eabi/lib/thumb/v7e-m+fp/hard\libc_nano.a(libc_a-fwalk.o)
                              C:/ST/STM32CubeIDE_1.17.0/STM32CubeIDE/plugins/com.st.stm32cube.ide.mcu.externaltools.gnu-tools-for-stm32.13.3.rel1.win32_1.0.0.202411081344/tools/bin/../lib/gcc/arm-none-eabi/13.3.1/../../../../arm-none-eabi/lib/thumb/v7e-m+fp/hard\libc_nano.a(libc_a-findfp.o) (_fwalk_sglue)
C:/ST/STM32CubeIDE_1.17.0/STM32CubeIDE/plugins/com.st.stm32cube.ide.mcu.externaltools.gnu-tools-for-stm32.13.3.rel1.win32_1.0.0.202411081344/tools/bin/../lib/gcc/arm-none-eabi/13.3.1/../../../../arm-none-eabi/lib/thumb/v7e-m+fp/hard\libc_nano.a(libc_a-stdio.o)
                              C:/ST/STM32CubeIDE_1.17.0/STM32CubeIDE/plugins/com.st.stm32cube.ide.mcu.externaltools.gnu-tools-for-stm32.13.3.rel1.win32_1.0.0.202411081344/tools/bin/../lib/gcc/arm-none-eabi/13.3.1/../../../../arm-none-eabi/lib/thumb/v7e-m+fp/hard\libc_nano.a(libc_a-findfp.o) (__sread)
C:/ST/STM32CubeIDE_1.17.0/STM32CubeIDE/plugins/com.st.stm32cube.ide.mcu.externaltools.gnu-tools-for-stm32.13.3.rel1.win32_1.0.0.202411081344/tools/bin/../lib/gcc/arm-none-eabi/13.3.1/../../../../arm-none-eabi/lib/thumb/v7e-m+fp/hard\libc_nano.a(libc_a-vsnprintf.o)
                              ./Core/Src/main.o (vsnprintf)
C:/ST/STM32CubeIDE_1.17.0/STM32CubeIDE/plugins/com.st.stm32cube.ide.mcu.externaltools.gnu-tools-for-stm32.13.3.rel1.win32_1.0.0.202411081344/tools/bin/../lib/gcc/arm-none-eabi/13.3.1/../../../../arm-none-eabi/lib/thumb/v7e-m+fp/hard\libc_nano.a(libc_a-memset.o)
                              C:/ST/STM32CubeIDE_1.17.0/STM32CubeIDE/plugins/com.st.stm32cube.ide.mcu.externaltools.gnu-tools-for-stm32.13.3.rel1.win32_1.0.0.202411081344/tools/bin/../lib/gcc/arm-none-eabi/13.3.1/../../../../arm-none-eabi/lib/thumb/v7e-m+fp/hard/crt0.o (memset)
C:/ST/STM32CubeIDE_1.17.0/STM32CubeIDE/plugins/com.st.stm32cube.ide.mcu.externaltools.gnu-tools-for-stm32.13.3.rel1.win32_1.0.0.202411081344/tools/bin/../lib/gcc/arm-none-eabi/13.3.1/../../../../arm-none-eabi/lib/thumb/v7e-m+fp/hard\libc_nano.a(libc_a-strncpy.o)
                              ./Core/Src/File_Handling.o (strncpy)
C:/ST/STM32CubeIDE_1.17.0/STM32CubeIDE/plugins/com.st.stm32cube.ide.mcu.externaltools.gnu-tools-for-stm32.13.3.rel1.win32_1.0.0.202411081344/tools/bin/../lib/gcc/arm-none-eabi/13.3.1/../../../../arm-none-eabi/lib/thumb/v7e-m+fp/hard\libc_nano.a(libc_a-strstr.o)
                              ./Core/Src/File_Handling.o (strstr)
C:/ST/STM32CubeIDE_1.17.0/STM32CubeIDE/plugins/com.st.stm32cube.ide.mcu.externaltools.gnu-tools-for-stm32.13.3.rel1.win32_1.0.0.202411081344/tools/bin/../lib/gcc/arm-none-eabi/13.3.1/../../../../arm-none-eabi/lib/thumb/v7e-m+fp/hard\libc_nano.a(libc_a-closer.o)
                              C:/ST/STM32CubeIDE_1.17.0/STM32CubeIDE/plugins/com.st.stm32cube.ide.mcu.externaltools.gnu-tools-for-stm32.13.3.rel1.win32_1.0.0.202411081344/tools/bin/../lib/gcc/arm-none-eabi/13.3.1/../../../../arm-none-eabi/lib/thumb/v7e-m+fp/hard\libc_nano.a(libc_a-stdio.o) (_close_r)
C:/ST/STM32CubeIDE_1.17.0/STM32CubeIDE/plugins/com.st.stm32cube.ide.mcu.externaltools.gnu-tools-for-stm32.13.3.rel1.win32_1.0.0.202411081344/tools/bin/../lib/gcc/arm-none-eabi/13.3.1/../../../../arm-none-eabi/lib/thumb/v7e-m+fp/hard\libc_nano.a(libc_a-reent.o)
                              C:/ST/STM32CubeIDE_1.17.0/STM32CubeIDE/plugins/com.st.stm32cube.ide.mcu.externaltools.gnu-tools-for-stm32.13.3.rel1.win32_1.0.0.202411081344/tools/bin/../lib/gcc/arm-none-eabi/13.3.1/../../../../arm-none-eabi/lib/thumb/v7e-m+fp/hard\libc_nano.a(libc_a-closer.o) (errno)
[...]
Memory Configuration

Name             Origin             Length             Attributes
CCMRAM           0x10000000         0x00010000         xrw
RAM              0x20000000         0x00020000         xrw
FLASH            0x08000000         0x00100000         xr
*default*        0x00000000         0xffffffff

Linker script and memory map

LOAD C:/ST/STM32CubeIDE_1.17.0/STM32CubeIDE/plugins/com.st.stm32cube.ide.mcu.externaltools.gnu-tools-for-stm32.13.3.rel1.win32_1.0.0.202411081344/tools/bin/../lib/gcc/arm-none-eabi/13.3.1/thumb/v7e-m+fp/hard/crti.o
LOAD C:/ST/STM32CubeIDE_1.17.0/STM32CubeIDE/plugins/com.st.stm32cube.ide.mcu.externaltools.gnu-tools-for-stm32.13.3.rel1.win32_1.0.0.202411081344/tools/bin/../lib/gcc/arm-none-eabi/13.3.1/thumb/v7e-m+fp/hard/crtbegin.o
LOAD C:/ST/STM32CubeIDE_1.17.0/STM32CubeIDE/plugins/com.st.stm32cube.ide.mcu.externaltools.gnu-tools-for-stm32.13.3.rel1.win32_1.0.0.202411081344/tools/bin/../lib/gcc/arm-none-eabi/13.3.1/../../../../arm-none-eabi/lib/thumb/v7e-m+fp/hard/crt0.o
LOAD ./Core/Src/AUDIO.o
LOAD ./Core/Src/AUDIO_LINK.o
LOAD ./Core/Src/File_Handling.o
LOAD ./Core/Src/cs43l22.o
LOAD ./Core/Src/main.o
LOAD ./Core/Src/myprintf.o
LOAD ./Core/Src/stm32f4xx_hal_msp.o
LOAD ./Core/Src/stm32f4xx_hal_timebase_tim.o
LOAD ./Core/Src/stm32f4xx_it.o
LOAD ./Core/Src/syscalls.o
LOAD ./Core/Src/sysmem.o
LOAD ./Core/Src/system_stm32f4xx.o
LOAD ./Core/Src/waveplayer.o
LOAD ./Core/Startup/startup_stm32f407vgtx.o
LOAD ./Drivers/STM32F4xx_HAL_Driver/Src/stm32f4xx_hal.o
LOAD ./Drivers/STM32F4xx_HAL_Driver/Src/stm32f4xx_hal_cortex.o
LOAD ./Drivers/STM32F4xx_HAL_Driver/Src/stm32f4xx_hal_dma.o
LOAD ./Drivers/STM32F4xx_HAL_Driver/Src/stm32f4xx_hal_dma_ex.o
LOAD ./Drivers/STM32F4xx_HAL_Driver/Src/stm32f4xx_hal_exti.o
LOAD ./Drivers/STM32F4xx_HAL_Driver/Src/stm32f4xx_hal_flash.o
LOAD ./Drivers/STM32F4xx_HAL_Driver/Src/stm32f4xx_hal_flash_ex.o
LOAD ./Drivers/STM32F4xx_HAL_Driver/Src/stm32f4xx_hal_flash_ramfunc.o
LOAD ./Drivers/STM32F4xx_HAL_Driver/Src/stm32f4xx_hal_gpio.o
LOAD ./Drivers/STM32F4xx_HAL_Driver/Src/stm32f4xx_hal_i2c.o
LOAD ./Drivers/STM32F4xx_HAL_Driver/Src/stm32f4xx_hal_i2c_ex.o
LOAD ./Drivers/STM32F4xx_HAL_Driver/Src/stm32f4xx_hal_i2s.o
LOAD ./Drivers/STM32F4xx_HAL_Driver/Src/stm32f4xx_hal_i2s_ex.o
LOAD ./Drivers/STM32F4xx_HAL_Driver/Src/stm32f4xx_hal_pwr.o
LOAD ./Drivers/STM32F4xx_HAL_Driver/Src/stm32f4xx_hal_pwr_ex.o
LOAD ./Drivers/STM32F4xx_HAL_Driver/Src/stm32f4xx_hal_rcc.o
LOAD ./Drivers/STM32F4xx_HAL_Driver/Src/stm32f4xx_hal_rcc_ex.o
LOAD ./Drivers/STM32F4xx_HAL_Driver/Src/stm32f4xx_hal_spi.o
LOAD ./Drivers/STM32F4xx_HAL_Driver/Src/stm32f4xx_hal_tim.o
LOAD ./Drivers/STM32F4xx_HAL_Driver/Src/stm32f4xx_hal_tim_ex.o
LOAD ./Drivers/STM32F4xx_HAL_Driver/Src/stm32f4xx_hal_uart.o
LOAD ./FATFS/App/fatfs.o
LOAD ./FATFS/Target/user_diskio.o
LOAD ./FATFS/Target/user_diskio_spi.o
LOAD ./FreeRTOS/croutine.o
LOAD ./FreeRTOS/event_groups.o
LOAD ./FreeRTOS/list.o
LOAD ./FreeRTOS/queue.o
LOAD ./FreeRTOS/stream_buffer.o
LOAD ./FreeRTOS/tasks.o
LOAD ./FreeRTOS/timers.o
LOAD ./FreeRTOS/portable/ARM_CM4F/port.o
LOAD ./FreeRTOS/portable/MemMang/heap_4.o
LOAD ./Middlewares/Third_Party/FatFs/src/diskio.o
LOAD ./Middlewares/Third_Party/FatFs/src/ff.o
LOAD ./Middlewares/Third_Party/FatFs/src/ff_gen_drv.o
LOAD ./Middlewares/Third_Party/FatFs/src/option/syscall.o
START GROUP
LOAD C:/ST/STM32CubeIDE_1.17.0/STM32CubeIDE/plugins/com.st.stm32cube.ide.mcu.externaltools.gnu-tools-for-stm32.13.3.rel1.win32_1.0.0.202411081344/tools/bin/../lib/gcc/arm-none-eabi/13.3.1/../../../../arm-none-eabi/lib/thumb/v7e-m+fp/hard\libc_nano.a
LOAD C:/ST/STM32CubeIDE_1.17.0/STM32CubeIDE/plugins/com.st.stm32cube.ide.mcu.externaltools.gnu-tools-for-stm32.13.3.rel1.win32_1.0.0.202411081344/tools/bin/../lib/gcc/arm-none-eabi/13.3.1/../../../../arm-none-eabi/lib/thumb/v7e-m+fp/hard\libm.a
END GROUP
START GROUP
LOAD C:/ST/STM32CubeIDE_1.17.0/STM32CubeIDE/plugins/com.st.stm32cube.ide.mcu.externaltools.gnu-tools-for-stm32.13.3.rel1.win32_1.0.0.202411081344/tools/bin/../lib/gcc/arm-none-eabi/13.3.1/thumb/v7e-m+fp/hard\libgcc.a
LOAD C:/ST/STM32CubeIDE_1.17.0/STM32CubeIDE/plugins/com.st.stm32cube.ide.mcu.externaltools.gnu-tools-for-stm32.13.3.rel1.win32_1.0.0.202411081344/tools/bin/../lib/gcc/arm-none-eabi/13.3.1/../../../../arm-none-eabi/lib/thumb/v7e-m+fp/hard\libc_nano.a
END GROUP
START GROUP
LOAD C:/ST/STM32CubeIDE_1.17.0/STM32CubeIDE/plugins/com.st.stm32cube.ide.mcu.externaltools.gnu-tools-for-stm32.13.3.rel1.win32_1.0.0.202411081344/tools/bin/../lib/gcc/arm-none-eabi/13.3.1/thumb/v7e-m+fp/hard\libgcc.a
LOAD C:/ST/STM32CubeIDE_1.17.0/STM32CubeIDE/plugins/com.st.stm32cube.ide.mcu.externaltools.gnu-tools-for-stm32.13.3.rel1.win32_1.0.0.202411081344/tools/bin/../lib/gcc/arm-none-eabi/13.3.1/../../../../arm-none-eabi/lib/thumb/v7e-m+fp/hard\libc_nano.a
LOAD C:/ST/STM32CubeIDE_1.17.0/STM32CubeIDE/plugins/com.st.stm32cube.ide.mcu.externaltools.gnu-tools-for-stm32.13.3.rel1.win32_1.0.0.202411081344/tools/bin/../lib/gcc/arm-none-eabi/13.3.1/../../../../arm-none-eabi/lib/thumb/v7e-m+fp/hard\libnosys.a
END GROUP
START GROUP
LOAD C:/ST/STM32CubeIDE_1.17.0/STM32CubeIDE/plugins/com.st.stm32cube.ide.mcu.externaltools.gnu-tools-for-stm32.13.3.rel1.win32_1.0.0.202411081344/tools/bin/../lib/gcc/arm-none-eabi/13.3.1/thumb/v7e-m+fp/hard\libgcc.a
LOAD C:/ST/STM32CubeIDE_1.17.0/STM32CubeIDE/plugins/com.st.stm32cube.ide.mcu.externaltools.gnu-tools-for-stm32.13.3.rel1.win32_1.0.0.202411081344/tools/bin/../lib/gcc/arm-none-eabi/13.3.1/../../../../arm-none-eabi/lib/thumb/v7e-m+fp/hard\libc_nano.a
LOAD C:/ST/STM32CubeIDE_1.17.0/STM32CubeIDE/plugins/com.st.stm32cube.ide.mcu.externaltools.gnu-tools-for-stm32.13.3.rel1.win32_1.0.0.202411081344/tools/bin/../lib/gcc/arm-none-eabi/13.3.1/../../../../arm-none-eabi/lib/thumb/v7e-m+fp/hard\libnosys.a
END GROUP
LOAD C:/ST/STM32CubeIDE_1.17.0/STM32CubeIDE/plugins/com.st.stm32cube.ide.mcu.externaltools.gnu-tools-for-stm32.13.3.rel1.win32_1.0.0.202411081344/tools/bin/../lib/gcc/arm-none-eabi/13.3.1/thumb/v7e-m+fp/hard/crtend.o
LOAD C:/ST/STM32CubeIDE_1.17.0/STM32CubeIDE/plugins/com.st.stm32cube.ide.mcu.externaltools.gnu-tools-for-stm32.13.3.rel1.win32_1.0.0.202411081344/tools/bin/../lib/gcc/arm-none-eabi/13.3.1/thumb/v7e-m+fp/hard/crtn.o
                0x20020000                        _estack = (ORIGIN (RAM) + LENGTH (RAM))
                0x00000200                        _Min_Heap_Size = 0x200
                0x00000400                        _Min_Stack_Size = 0x400

.isr_vector     0x08000000      0x188
                0x08000000                        . = ALIGN (0x4)
 *(.isr_vector)
 .isr_vector    0x08000000      0x188 ./Core/Startup/startup_stm32f407vgtx.o
                0x08000000                g_pfnVectors
                0x08000188                        . = ALIGN (0x4)

.text           0x08000190     0xed54
                0x08000190                        . = ALIGN (0x4)
 *(.text)
 .text          0x08000190       0x40 C:/ST/STM32CubeIDE_1.17.0/STM32CubeIDE/plugins/com.st.stm32cube.ide.mcu.externaltools.gnu-tools-for-stm32.13.3.rel1.win32_1.0.0.202411081344/tools/bin/../lib/gcc/arm-none-eabi/13.3.1/thumb/v7e-m+fp/hard/crtbegin.o
 .text          0x080001d0       0x10 C:/ST/STM32CubeIDE_1.17.0/STM32CubeIDE/plugins/com.st.stm32cube.ide.mcu.externaltools.gnu-tools-for-stm32.13.3.rel1.win32_1.0.0.202411081344/tools/bin/../lib/gcc/arm-none-eabi/13.3.1/../../../../arm-none-eabi/lib/thumb/v7e-m+fp/hard\libc_nano.a(libc_a-strlen.o)
                0x080001d0                strlen
 .text          0x080001e0       0xa0 C:/ST/STM32CubeIDE_1.17.0/STM32CubeIDE/plugins/com.st.stm32cube.ide.mcu.externaltools.gnu-tools-for-stm32.13.3.rel1.win32_1.0.0.202411081344/tools/bin/../lib/gcc/arm-none-eabi/13.3.1/../../../../arm-none-eabi/lib/thumb/v7e-m+fp/hard\libc_nano.a(libc_a-memchr.o)
                0x080001e0                memchr
 .text          0x08000280       0x30 C:/ST/STM32CubeIDE_1.17.0/STM32CubeIDE/plugins/com.st.stm32cube.ide.mcu.externaltools.gnu-tools-for-stm32.13.3.rel1.win32_1.0.0.202411081344/tools/bin/../lib/gcc/arm-none-eabi/13.3.1/thumb/v7e-m+fp/hard\libgcc.a(_aeabi_uldivmod.o)
                0x08000280                __aeabi_uldivmod
 .text          0x080002b0      0x2f8 C:/ST/STM32CubeIDE_1.17.0/STM32CubeIDE/plugins/com.st.stm32cube.ide.mcu.externaltools.gnu-tools-for-stm32.13.3.rel1.win32_1.0.0.202411081344/tools/bin/../lib/gcc/arm-none-eabi/13.3.1/thumb/v7e-m+fp/hard\libgcc.a(_udivmoddi4.o)
                0x080002b0                __udivmoddi4
 .text          0x080005a8        0x4 C:/ST/STM32CubeIDE_1.17.0/STM32CubeIDE/plugins/com.st.stm32cube.ide.mcu.externaltools.gnu-tools-for-stm32.13.3.rel1.win32_1.0.0.202411081344/tools/bin/../lib/gcc/arm-none-eabi/13.3.1/thumb/v7e-m+fp/hard\libgcc.a(_dvmd_tls.o)
                0x080005a8                __aeabi_idiv0
                0x080005a8                __aeabi_ldiv0
 *(.text*)
 .text.AUDIO_OUT_Init
                0x080005ac       0x9c ./Core/Src/AUDIO.o
                0x080005ac                AUDIO_OUT_Init
 .text.AUDIO_OUT_Play
                0x08000648       0x54 ./Core/Src/AUDIO.o
                0x08000648                AUDIO_OUT_Play
 .text.AUDIO_OUT_Pause
                0x0800069c       0x2c ./Core/Src/AUDIO.o
                0x0800069c                AUDIO_OUT_Pause
 .text.AUDIO_OUT_Resume
                0x080006c8       0x2c ./Core/Src/AUDIO.o
                0x080006c8                AUDIO_OUT_Resume
 .text.AUDIO_OUT_Stop
                0x080006f4       0x50 ./Core/Src/AUDIO.o
                0x080006f4                AUDIO_OUT_Stop
 .text.AUDIO_OUT_SetVolume
                0x08000744       0x30 ./Core/Src/AUDIO.o
                0x08000744                AUDIO_OUT_SetVolume
 .text.HAL_I2S_TxCpltCallback
                0x08000774       0x24 ./Core/Src/AUDIO.o
                0x08000774                HAL_I2S_TxCpltCallback
 .text.HAL_I2S_TxHalfCpltCallback
                0x08000798       0x24 ./Core/Src/AUDIO.o
                0x08000798                HAL_I2S_TxHalfCpltCallback
 .text.AUDIO_OUT_ClockConfig
                0x080007bc       0xb4 ./Core/Src/AUDIO.o
                0x080007bc                AUDIO_OUT_ClockConfig
 .text.AUDIO_OUT_MspInit
                0x08000870      0x180 ./Core/Src/AUDIO.o
                0x08000870                AUDIO_OUT_MspInit
 .text.AUDIO_OUT_Error_CallBack
                0x080009f0        0xe ./Core/Src/AUDIO.o
                0x080009f0                AUDIO_OUT_Error_CallBack
 *fill*         0x080009fe        0x2 
 .text.I2S3_Init
                0x08000a00       0x70 ./Core/Src/AUDIO.o
 .text.HAL_I2S_ErrorCallback
                0x08000a70       0x24 ./Core/Src/AUDIO.o
                0x08000a70                HAL_I2S_ErrorCallback
 .text.I2Cx_Init
                0x08000a94       0x64 ./Core/Src/AUDIO_LINK.o
 .text.I2Cx_WriteData
                0x08000af8       0x50 ./Core/Src/AUDIO_LINK.o
 .text.I2Cx_ReadData
                0x08000b48       0x58 ./Core/Src/AUDIO_LINK.o
 .text.I2Cx_Error
                0x08000ba0       0x18 ./Core/Src/AUDIO_LINK.o
 .text.I2Cx_MspInit
                0x08000bb8       0xac ./Core/Src/AUDIO_LINK.o
 .text.AUDIO_IO_Init
                0x08000c64       0x70 ./Core/Src/AUDIO_LINK.o
                0x08000c64                AUDIO_IO_Init
 .text.AUDIO_IO_DeInit
                0x08000cd4        0xe ./Core/Src/AUDIO_LINK.o
                0x08000cd4                AUDIO_IO_DeInit
 .text.AUDIO_IO_Write
                0x08000ce2       0x28 ./Core/Src/AUDIO_LINK.o
                0x08000ce2                AUDIO_IO_Write
 .text.AUDIO_IO_Read
                0x08000d0a       0x28 ./Core/Src/AUDIO_LINK.o
                0x08000d0a                AUDIO_IO_Read
 *fill*         0x08000d32        0x2 
 .text.AUDIO_StorageParse
                0x08000d34      0x15c ./Core/Src/File_Handling.o
                0x08000d34                AUDIO_StorageParse
 .text.AUDIO_GetWavObjectNumber
                0x08000e90       0x20 ./Core/Src/File_Handling.o
                0x08000e90                AUDIO_GetWavObjectNumber
 .text.Mount_SD
                0x08000eb0       0x4c ./Core/Src/File_Handling.o
                0x08000eb0                Mount_SD
 .text.cs43l22_Init
                0x08000efc      0x1c8 ./Core/Src/cs43l22.o
                0x08000efc                cs43l22_Init
 .text.cs43l22_DeInit
                0x080010c4        0xc ./Core/Src/cs43l22.o
                0x080010c4                cs43l22_DeInit
 .text.cs43l22_ReadID
                0x080010d0       0x30 ./Core/Src/cs43l22.o
                0x080010d0                cs43l22_ReadID
 .text.cs43l22_Play
                0x08001100       0x74 ./Core/Src/cs43l22.o
                0x08001100                cs43l22_Play
 .text.cs43l22_Pause
                0x08001174       0x42 ./Core/Src/cs43l22.o
                0x08001174                cs43l22_Pause
 *fill*         0x080011b6        0x2 
 .text.cs43l22_Resume
                0x080011b8       0x78 ./Core/Src/cs43l22.o
                0x080011b8                cs43l22_Resume
 .text.cs43l22_Stop
                0x08001230       0x68 ./Core/Src/cs43l22.o
                0x08001230                cs43l22_Stop
 .text.cs43l22_SetVolume
                0x08001298       0xbc ./Core/Src/cs43l22.o
                0x08001298                cs43l22_SetVolume
 .text.cs43l22_SetFrequency
                0x08001354       0x1a ./Core/Src/cs43l22.o
                0x08001354                cs43l22_SetFrequency
 *fill*         0x0800136e        0x2 
 .text.cs43l22_SetMute
                0x08001370       0xbc ./Core/Src/cs43l22.o
                0x08001370                cs43l22_SetMute
 .text.cs43l22_SetOutputMode
                0x0800142c       0xe4 ./Core/Src/cs43l22.o
                0x0800142c                cs43l22_SetOutputMode
 .text.cs43l22_Reset
                0x08001510       0x18 ./Core/Src/cs43l22.o
                0x08001510                cs43l22_Reset
 .text.CODEC_IO_Write
                0x08001528       0x2e ./Core/Src/cs43l22.o
 *fill*         0x08001556        0x2 
 .text.LogOperation
                0x08001558       0x50 ./Core/Src/main.o
                0x08001558                LogOperation
 .text.PrintLogFile
                0x080015a8       0xe8 ./Core/Src/main.o
                0x080015a8                PrintLogFile
 .text.LogTask  0x08001690      0x17c ./Core/Src/main.o
                0x08001690                LogTask
 .text.buttonState
                0x0800180c       0x98 ./Core/Src/main.o
                0x0800180c                buttonState
 .text.getButtonEvent
                0x080018a4      0x13c ./Core/Src/main.o
                0x080018a4                getButtonEvent
 .text.ButtonTask
                0x080019e0      0x184 ./Core/Src/main.o
                0x080019e0                ButtonTask
 .text.AudioPlayerTask
                0x08001b64       0x7c ./Core/Src/main.o
                0x08001b64                AudioPlayerTask
 .text.HAL_GPIO_EXTI_Callback
                0x08001be0       0x4c ./Core/Src/main.o
                0x08001be0                HAL_GPIO_EXTI_Callback
 .text.main     0x08001c2c       0xdc ./Core/Src/main.o
                0x08001c2c                main
 .text.SystemClock_Config
                0x08001d08       0xd4 ./Core/Src/main.o
                0x08001d08                SystemClock_Config
 .text.MX_I2C1_Init
                0x08001ddc       0x5c ./Core/Src/main.o
 .text.MX_I2S3_Init
                0x08001e38       0x5c ./Core/Src/main.o
 .text.MX_SPI2_Init
                0x08001e94       0x6c ./Core/Src/main.o
 .text.MX_USART2_UART_Init
                0x08001f00       0x54 ./Core/Src/main.o
 .text.MX_DMA_Init
                0x08001f54       0x40 ./Core/Src/main.o
 .text.MX_GPIO_Init
                0x08001f94       0xec ./Core/Src/main.o
 .text.HAL_TIM_PeriodElapsedCallback
                0x08002080       0x1e ./Core/Src/main.o
                0x08002080                HAL_TIM_PeriodElapsedCallback
 .text.Error_Handler
                0x0800209e        0xc ./Core/Src/main.o
                0x0800209e                Error_Handler
 *fill*         0x080020aa        0x2 
 .text.myprintf
                0x080020ac       0x4c ./Core/Src/myprintf.o
                0x080020ac                myprintf
 .text.HAL_MspInit
                0x080020f8       0x50 ./Core/Src/stm32f4xx_hal_msp.o
                0x080020f8                HAL_MspInit
 .text.HAL_I2C_MspInit
                0x08002148       0x90 ./Core/Src/stm32f4xx_hal_msp.o
                0x08002148                HAL_I2C_MspInit
 .text.HAL_I2C_MspDeInit
                0x080021d8       0x44 ./Core/Src/stm32f4xx_hal_msp.o
                0x080021d8                HAL_I2C_MspDeInit
 .text.HAL_I2S_MspInit
                0x0800221c      0x17c ./Core/Src/stm32f4xx_hal_msp.o
                0x0800221c                HAL_I2S_MspInit
 .text.HAL_SPI_MspInit
                0x08002398       0x90 ./Core/Src/stm32f4xx_hal_msp.o
                0x08002398                HAL_SPI_MspInit
 .text.HAL_UART_MspInit
                0x08002428       0x90 ./Core/Src/stm32f4xx_hal_msp.o
                0x08002428                HAL_UART_MspInit
 .text.HAL_InitTick
                0x080024b8       0xf8 ./Core/Src/stm32f4xx_hal_timebase_tim.o
                0x080024b8                HAL_InitTick
 .text.NMI_Handler
                0x080025b0        0x8 ./Core/Src/stm32f4xx_it.o
                0x080025b0                NMI_Handler
 .text.HardFault_Handler
                0x080025b8        0x8 ./Core/Src/stm32f4xx_it.o
                0x080025b8                HardFault_Handler
 .text.MemManage_Handler
                0x080025c0        0x8 ./Core/Src/stm32f4xx_it.o
                0x080025c0                MemManage_Handler
 .text.BusFault_Handler
                0x080025c8        0x8 ./Core/Src/stm32f4xx_it.o
                0x080025c8                BusFault_Handler
 .text.UsageFault_Handler
                0x080025d0        0x8 ./Core/Src/stm32f4xx_it.o
                0x080025d0                UsageFault_Handler
 .text.DebugMon_Handler
                0x080025d8        0xe ./Core/Src/stm32f4xx_it.o
                0x080025d8                DebugMon_Handler
 .text.EXTI0_IRQHandler
                0x080025e6        0xe ./Core/Src/stm32f4xx_it.o
                0x080025e6                EXTI0_IRQHandler
 .text.DMA1_Stream5_IRQHandler
                0x080025f4       0x14 ./Core/Src/stm32f4xx_it.o
                0x080025f4                DMA1_Stream5_IRQHandler
 .text.TIM2_IRQHandler
                0x08002608       0x14 ./Core/Src/stm32f4xx_it.o
                0x08002608                TIM2_IRQHandler
 .text._sbrk    0x0800261c       0x6c ./Core/Src/sysmem.o
                0x0800261c                _sbrk
 .text.SystemInit
                0x08002688       0x24 ./Core/Src/system_stm32f4xx.o
                0x08002688                SystemInit
 .text.PlayerInit
                0x080026ac       0x30 ./Core/Src/waveplayer.o
                0x080026ac                PlayerInit
 .text.AUDIO_PLAYER_Start
                0x080026dc       0xc0 ./Core/Src/waveplayer.o
                0x080026dc                AUDIO_PLAYER_Start
 .text.AUDIO_PLAYER_Process
                0x0800279c      0x234 ./Core/Src/waveplayer.o
                0x0800279c                AUDIO_PLAYER_Process
 .text.AUDIO_OUT_TransferComplete_CallBack
                0x080029d0       0x28 ./Core/Src/waveplayer.o
                0x080029d0                AUDIO_OUT_TransferComplete_CallBack
 .text.AUDIO_OUT_HalfTransfer_CallBack
                0x080029f8       0x28 ./Core/Src/waveplayer.o
                0x080029f8                AUDIO_OUT_HalfTransfer_CallBack
 .text.Reset_Handler
                0x08002a20       0x50 ./Core/Startup/startup_stm32f407vgtx.o
                0x08002a20                Reset_Handler
 .text.Default_Handler
                0x08002a70        0x2 ./Core/Startup/startup_stm32f407vgtx.o
                0x08002a70                RTC_Alarm_IRQHandler
                0x08002a70                HASH_RNG_IRQHandler
                0x08002a70                EXTI2_IRQHandler
                0x08002a70                TIM8_CC_IRQHandler
                0x08002a70                TIM1_CC_IRQHandler
                0x08002a70                DMA2_Stream5_IRQHandler
                0x08002a70                PVD_IRQHandler
                0x08002a70                SDIO_IRQHandler
                0x08002a70                TAMP_STAMP_IRQHandler
                0x08002a70                CAN2_RX1_IRQHandler
                0x08002a70                EXTI3_IRQHandler
                0x08002a70                TIM8_TRG_COM_TIM14_IRQHandler
                0x08002a70                TIM1_UP_TIM10_IRQHandler
                0x08002a70                TIM8_UP_TIM13_IRQHandler
                0x08002a70                I2C3_ER_IRQHandler
                0x08002a70                I2C2_EV_IRQHandler
                0x08002a70                DMA1_Stream2_IRQHandler
                0x08002a70                CAN1_RX0_IRQHandler
                0x08002a70                FPU_IRQHandler
                0x08002a70                OTG_HS_WKUP_IRQHandler
                0x08002a70                CAN2_SCE_IRQHandler
                0x08002a70                DMA2_Stream2_IRQHandler
                0x08002a70                SPI1_IRQHandler
                0x08002a70                TIM6_DAC_IRQHandler
                0x08002a70                TIM1_BRK_TIM9_IRQHandler
                0x08002a70                DCMI_IRQHandler
                0x08002a70                CAN2_RX0_IRQHandler
                0x08002a70                DMA2_Stream3_IRQHandler
                0x08002a70                USART6_IRQHandler
                0x08002a70                USART3_IRQHandler
                0x08002a70                CAN1_RX1_IRQHandler
                0x08002a70                UART5_IRQHandler
                0x08002a70                DMA2_Stream0_IRQHandler
                0x08002a70                TIM4_IRQHandler
                0x08002a70                I2C1_EV_IRQHandler
                0x08002a70                DMA1_Stream6_IRQHandler
                0x08002a70                DMA1_Stream1_IRQHandler
                0x08002a70                UART4_IRQHandler
                0x08002a70                TIM3_IRQHandler
                0x08002a70                RCC_IRQHandler
                0x08002a70                TIM8_BRK_TIM12_IRQHandler
                0x08002a70                Default_Handler
                0x08002a70                EXTI15_10_IRQHandler
                0x08002a70                ADC_IRQHandler
                0x08002a70                DMA1_Stream7_IRQHandler
                0x08002a70                TIM7_IRQHandler
                0x08002a70                CAN2_TX_IRQHandler
                0x08002a70                TIM5_IRQHandler
                0x08002a70                DMA2_Stream7_IRQHandler
                0x08002a70                I2C3_EV_IRQHandler
                0x08002a70                EXTI9_5_IRQHandler
                0x08002a70                RTC_WKUP_IRQHandler
                0x08002a70                ETH_WKUP_IRQHandler
                0x08002a70                SPI2_IRQHandler
                0x08002a70                OTG_HS_EP1_IN_IRQHandler
                0x08002a70                DMA1_Stream0_IRQHandler
                0x08002a70                CAN1_TX_IRQHandler
                0x08002a70                EXTI4_IRQHandler
                0x08002a70                FSMC_IRQHandler
                0x08002a70                ETH_IRQHandler
                0x08002a70                OTG_HS_EP1_OUT_IRQHandler
                0x08002a70                WWDG_IRQHandler
                0x08002a70                OTG_FS_WKUP_IRQHandler
                0x08002a70                TIM1_TRG_COM_TIM11_IRQHandler
                0x08002a70                OTG_HS_IRQHandler
                0x08002a70                EXTI1_IRQHandler
                0x08002a70                USART2_IRQHandler
                0x08002a70                I2C2_ER_IRQHandler
                0x08002a70                DMA2_Stream1_IRQHandler
                0x08002a70                CAN1_SCE_IRQHandler
                0x08002a70                FLASH_IRQHandler
                0x08002a70                DMA2_Stream4_IRQHandler
                0x08002a70                USART1_IRQHandler
                0x08002a70                OTG_FS_IRQHandler
                0x08002a70                SPI3_IRQHandler
                0x08002a70                DMA1_Stream4_IRQHandler
                0x08002a70                I2C1_ER_IRQHandler
                0x08002a70                DMA2_Stream6_IRQHandler
                0x08002a70                DMA1_Stream3_IRQHandler
 *fill*         0x08002a72        0x2 
 .text.HAL_Init
                0x08002a74       0x44 ./Drivers/STM32F4xx_HAL_Driver/Src/stm32f4xx_hal.o
                0x08002a74                HAL_Init
 .text.HAL_IncTick
                0x08002ab8       0x28 ./Drivers/STM32F4xx_HAL_Driver/Src/stm32f4xx_hal.o
                0x08002ab8                HAL_IncTick
 .text.HAL_GetTick
                0x08002ae0       0x18 ./Drivers/STM32F4xx_HAL_Driver/Src/stm32f4xx_hal.o
                0x08002ae0                HAL_GetTick
 .text.HAL_Delay
                0x08002af8       0x48 ./Drivers/STM32F4xx_HAL_Driver/Src/stm32f4xx_hal.o
                0x08002af8                HAL_Delay
 .text.__NVIC_SetPriorityGrouping
                0x08002b40       0x48 ./Drivers/STM32F4xx_HAL_Driver/Src/stm32f4xx_hal_cortex.o
 .text.__NVIC_GetPriorityGrouping
                0x08002b88       0x1c ./Drivers/STM32F4xx_HAL_Driver/Src/stm32f4xx_hal_cortex.o
 .text.__NVIC_EnableIRQ
                0x08002ba4       0x3c ./Drivers/STM32F4xx_HAL_Driver/Src/stm32f4xx_hal_cortex.o
 .text.__NVIC_SetPriority
                0x08002be0       0x54 ./Drivers/STM32F4xx_HAL_Driver/Src/stm32f4xx_hal_cortex.o
 .text.NVIC_EncodePriority
                0x08002c34       0x66 ./Drivers/STM32F4xx_HAL_Driver/Src/stm32f4xx_hal_cortex.o
 .text.HAL_NVIC_SetPriorityGrouping
                0x08002c9a       0x16 ./Drivers/STM32F4xx_HAL_Driver/Src/stm32f4xx_hal_cortex.o
                0x08002c9a                HAL_NVIC_SetPriorityGrouping
 .text.HAL_NVIC_SetPriority
                0x08002cb0       0x38 ./Drivers/STM32F4xx_HAL_Driver/Src/stm32f4xx_hal_cortex.o
                0x08002cb0                HAL_NVIC_SetPriority
 .text.HAL_NVIC_EnableIRQ
                0x08002ce8       0x1c ./Drivers/STM32F4xx_HAL_Driver/Src/stm32f4xx_hal_cortex.o
                0x08002ce8                HAL_NVIC_EnableIRQ
 .text.HAL_DMA_Init
                0x08002d04      0x15c ./Drivers/STM32F4xx_HAL_Driver/Src/stm32f4xx_hal_dma.o
                0x08002d04                HAL_DMA_Init
 .text.HAL_DMA_DeInit
                0x08002e60       0xbc ./Drivers/STM32F4xx_HAL_Driver/Src/stm32f4xx_hal_dma.o
                0x08002e60                HAL_DMA_DeInit
 .text.HAL_DMA_Start_IT
                0x08002f1c       0xb0 ./Drivers/STM32F4xx_HAL_Driver/Src/stm32f4xx_hal_dma.o
                0x08002f1c                HAL_DMA_Start_IT
 .text.HAL_DMA_Abort
                0x08002fcc       0xe0 ./Drivers/STM32F4xx_HAL_Driver/Src/stm32f4xx_hal_dma.o
                0x08002fcc                HAL_DMA_Abort
 .text.HAL_DMA_IRQHandler
                0x080030ac      0x314 ./Drivers/STM32F4xx_HAL_Driver/Src/stm32f4xx_hal_dma.o
                0x080030ac                HAL_DMA_IRQHandler
 .text.DMA_SetConfig
                0x080033c0       0x5c ./Drivers/STM32F4xx_HAL_Driver/Src/stm32f4xx_hal_dma.o
 .text.DMA_CalcBaseAndBitshift
                0x0800341c       0x6c ./Drivers/STM32F4xx_HAL_Driver/Src/stm32f4xx_hal_dma.o
 .text.DMA_CheckFifoParam
                0x08003488       0xf8 ./Drivers/STM32F4xx_HAL_Driver/Src/stm32f4xx_hal_dma.o
 .text.HAL_GPIO_Init
                0x08003580      0x338 ./Drivers/STM32F4xx_HAL_Driver/Src/stm32f4xx_hal_gpio.o
                0x08003580                HAL_GPIO_Init
 .text.HAL_GPIO_DeInit
                0x080038b8      0x1f8 ./Drivers/STM32F4xx_HAL_Driver/Src/stm32f4xx_hal_gpio.o
                0x080038b8                HAL_GPIO_DeInit
 .text.HAL_GPIO_ReadPin
                0x08003ab0       0x30 ./Drivers/STM32F4xx_HAL_Driver/Src/stm32f4xx_hal_gpio.o
                0x08003ab0                HAL_GPIO_ReadPin
 .text.HAL_GPIO_WritePin
                0x08003ae0       0x32 ./Drivers/STM32F4xx_HAL_Driver/Src/stm32f4xx_hal_gpio.o
                0x08003ae0                HAL_GPIO_WritePin
 *fill*         0x08003b12        0x2 
 .text.HAL_GPIO_EXTI_IRQHandler
                0x08003b14       0x30 ./Drivers/STM32F4xx_HAL_Driver/Src/stm32f4xx_hal_gpio.o
                0x08003b14                HAL_GPIO_EXTI_IRQHandler
 .text.HAL_I2C_Init
                0x08003b44      0x288 ./Drivers/STM32F4xx_HAL_Driver/Src/stm32f4xx_hal_i2c.o
                0x08003b44                HAL_I2C_Init
 .text.HAL_I2C_DeInit
                0x08003dcc       0x5e ./Drivers/STM32F4xx_HAL_Driver/Src/stm32f4xx_hal_i2c.o
                0x08003dcc                HAL_I2C_DeInit
 *fill*         0x08003e2a        0x2 
 .text.HAL_I2C_Mem_Write
                0x08003e2c      0x1f4 ./Drivers/STM32F4xx_HAL_Driver/Src/stm32f4xx_hal_i2c.o
                0x08003e2c                HAL_I2C_Mem_Write
 .text.HAL_I2C_Mem_Read
                0x08004020      0x464 ./Drivers/STM32F4xx_HAL_Driver/Src/stm32f4xx_hal_i2c.o
                0x08004020                HAL_I2C_Mem_Read
 .text.HAL_I2C_GetState
                0x08004484       0x1c ./Drivers/STM32F4xx_HAL_Driver/Src/stm32f4xx_hal_i2c.o
                0x08004484                HAL_I2C_GetState
 .text.I2C_RequestMemoryWrite
                0x080044a0      0x12c ./Drivers/STM32F4xx_HAL_Driver/Src/stm32f4xx_hal_i2c.o
 .text.I2C_RequestMemoryRead
                0x080045cc      0x1d0 ./Drivers/STM32F4xx_HAL_Driver/Src/stm32f4xx_hal_i2c.o
 .text.I2C_WaitOnFlagUntilTimeout
                0x0800479c       0xf4 ./Drivers/STM32F4xx_HAL_Driver/Src/stm32f4xx_hal_i2c.o
 .text.I2C_WaitOnMasterAddressFlagUntilTimeout
                0x08004890      0x140 ./Drivers/STM32F4xx_HAL_Driver/Src/stm32f4xx_hal_i2c.o
 .text.I2C_WaitOnTXEFlagUntilTimeout
                0x080049d0       0x90 ./Drivers/STM32F4xx_HAL_Driver/Src/stm32f4xx_hal_i2c.o
 .text.I2C_WaitOnBTFFlagUntilTimeout
                0x08004a60       0x90 ./Drivers/STM32F4xx_HAL_Driver/Src/stm32f4xx_hal_i2c.o
 .text.I2C_WaitOnRXNEFlagUntilTimeout
                0x08004af0       0xba ./Drivers/STM32F4xx_HAL_Driver/Src/stm32f4xx_hal_i2c.o
 .text.I2C_IsAcknowledgeFailed
                0x08004baa       0x5e ./Drivers/STM32F4xx_HAL_Driver/Src/stm32f4xx_hal_i2c.o
 .text.HAL_I2S_Init
                0x08004c08      0x280 ./Drivers/STM32F4xx_HAL_Driver/Src/stm32f4xx_hal_i2s.o
                0x08004c08                HAL_I2S_Init
 .text.HAL_I2S_Transmit_DMA
                0x08004e88      0x148 ./Drivers/STM32F4xx_HAL_Driver/Src/stm32f4xx_hal_i2s.o
                0x08004e88                HAL_I2S_Transmit_DMA
 .text.HAL_I2S_DMAPause
                0x08004fd0       0xc4 ./Drivers/STM32F4xx_HAL_Driver/Src/stm32f4xx_hal_i2s.o
                0x08004fd0                HAL_I2S_DMAPause
 .text.HAL_I2S_DMAResume
                0x08005094      0x128 ./Drivers/STM32F4xx_HAL_Driver/Src/stm32f4xx_hal_i2s.o
                0x08005094                HAL_I2S_DMAResume
 .text.HAL_I2S_DMAStop
                0x080051bc      0x3b4 ./Drivers/STM32F4xx_HAL_Driver/Src/stm32f4xx_hal_i2s.o
                0x080051bc                HAL_I2S_DMAStop
 .text.HAL_I2S_RxCpltCallback
                0x08005570       0x14 ./Drivers/STM32F4xx_HAL_Driver/Src/stm32f4xx_hal_i2s.o
                0x08005570                HAL_I2S_RxCpltCallback
 .text.HAL_I2S_GetState
                0x08005584       0x1c ./Drivers/STM32F4xx_HAL_Driver/Src/stm32f4xx_hal_i2s.o
                0x08005584                HAL_I2S_GetState
 .text.I2S_DMATxCplt
                0x080055a0       0x42 ./Drivers/STM32F4xx_HAL_Driver/Src/stm32f4xx_hal_i2s.o
 .text.I2S_DMATxHalfCplt
                0x080055e2       0x1c ./Drivers/STM32F4xx_HAL_Driver/Src/stm32f4xx_hal_i2s.o
 .text.I2S_DMAError
                0x080055fe       0x4c ./Drivers/STM32F4xx_HAL_Driver/Src/stm32f4xx_hal_i2s.o
 .text.I2S_Transmit_IT
                0x0800564a       0x5c ./Drivers/STM32F4xx_HAL_Driver/Src/stm32f4xx_hal_i2s.o
 .text.I2S_Receive_IT
                0x080056a6       0x5e ./Drivers/STM32F4xx_HAL_Driver/Src/stm32f4xx_hal_i2s.o
 .text.I2S_IRQHandler
                0x08005704      0x114 ./Drivers/STM32F4xx_HAL_Driver/Src/stm32f4xx_hal_i2s.o
 .text.I2S_WaitFlagStateUntilTimeout
                0x08005818       0x72 ./Drivers/STM32F4xx_HAL_Driver/Src/stm32f4xx_hal_i2s.o
 *fill*         0x0800588a        0x2 
 .text.HAL_I2SEx_FullDuplex_IRQHandler
                0x0800588c      0x2a8 ./Drivers/STM32F4xx_HAL_Driver/Src/stm32f4xx_hal_i2s_ex.o
                0x0800588c                HAL_I2SEx_FullDuplex_IRQHandler
 .text.HAL_I2SEx_TxRxCpltCallback
                0x08005b34       0x14 ./Drivers/STM32F4xx_HAL_Driver/Src/stm32f4xx_hal_i2s_ex.o
                0x08005b34                HAL_I2SEx_TxRxCpltCallback
 .text.I2SEx_TxISR_I2S
                0x08005b48       0x62 ./Drivers/STM32F4xx_HAL_Driver/Src/stm32f4xx_hal_i2s_ex.o
 *fill*         0x08005baa        0x2 
 .text.I2SEx_TxISR_I2SExt
                0x08005bac       0x98 ./Drivers/STM32F4xx_HAL_Driver/Src/stm32f4xx_hal_i2s_ex.o
 .text.I2SEx_RxISR_I2S
                0x08005c44       0x64 ./Drivers/STM32F4xx_HAL_Driver/Src/stm32f4xx_hal_i2s_ex.o
 .text.I2SEx_RxISR_I2SExt
                0x08005ca8       0x98 ./Drivers/STM32F4xx_HAL_Driver/Src/stm32f4xx_hal_i2s_ex.o
 .text.HAL_RCC_OscConfig
                0x08005d40      0x4f0 ./Drivers/STM32F4xx_HAL_Driver/Src/stm32f4xx_hal_rcc.o
                0x08005d40                HAL_RCC_OscConfig
 .text.HAL_RCC_ClockConfig
                0x08006230      0x1cc ./Drivers/STM32F4xx_HAL_Driver/Src/stm32f4xx_hal_rcc.o
                0x08006230                HAL_RCC_ClockConfig
 .text.HAL_RCC_GetSysClockFreq
                0x080063fc      0x20c ./Drivers/STM32F4xx_HAL_Driver/Src/stm32f4xx_hal_rcc.o
                0x080063fc                HAL_RCC_GetSysClockFreq
 .text.HAL_RCC_GetHCLKFreq
                0x08006608       0x18 ./Drivers/STM32F4xx_HAL_Driver/Src/stm32f4xx_hal_rcc.o
                0x08006608                HAL_RCC_GetHCLKFreq
 .text.HAL_RCC_GetPCLK1Freq
                0x08006620       0x28 ./Drivers/STM32F4xx_HAL_Driver/Src/stm32f4xx_hal_rcc.o
                0x08006620                HAL_RCC_GetPCLK1Freq
 .text.HAL_RCC_GetPCLK2Freq
                0x08006648       0x28 ./Drivers/STM32F4xx_HAL_Driver/Src/stm32f4xx_hal_rcc.o
                0x08006648                HAL_RCC_GetPCLK2Freq
 .text.HAL_RCC_GetClockConfig
                0x08006670       0x64 ./Drivers/STM32F4xx_HAL_Driver/Src/stm32f4xx_hal_rcc.o
                0x08006670                HAL_RCC_GetClockConfig
 .text.HAL_RCCEx_PeriphCLKConfig
                0x080066d4      0x1c4 ./Drivers/STM32F4xx_HAL_Driver/Src/stm32f4xx_hal_rcc_ex.o
                0x080066d4                HAL_RCCEx_PeriphCLKConfig
 .text.HAL_RCCEx_GetPeriphCLKConfig
                0x08006898       0x58 ./Drivers/STM32F4xx_HAL_Driver/Src/stm32f4xx_hal_rcc_ex.o
                0x08006898                HAL_RCCEx_GetPeriphCLKConfig
 .text.HAL_RCCEx_GetPeriphCLKFreq
                0x080068f0       0xc0 ./Drivers/STM32F4xx_HAL_Driver/Src/stm32f4xx_hal_rcc_ex.o
                0x080068f0                HAL_RCCEx_GetPeriphCLKFreq
 .text.HAL_SPI_Init
                0x080069b0      0x112 ./Drivers/STM32F4xx_HAL_Driver/Src/stm32f4xx_hal_spi.o
                0x080069b0                HAL_SPI_Init
 .text.HAL_SPI_Transmit
                0x08006ac2      0x288 ./Drivers/STM32F4xx_HAL_Driver/Src/stm32f4xx_hal_spi.o
                0x08006ac2                HAL_SPI_Transmit
 .text.HAL_SPI_TransmitReceive
                0x08006d4a      0x352 ./Drivers/STM32F4xx_HAL_Driver/Src/stm32f4xx_hal_spi.o
                0x08006d4a                HAL_SPI_TransmitReceive
 .text.SPI_WaitFlagStateUntilTimeout
                0x0800709c      0x110 ./Drivers/STM32F4xx_HAL_Driver/Src/stm32f4xx_hal_spi.o
 .text.SPI_EndRxTxTransaction
                0x080071ac       0xa8 ./Drivers/STM32F4xx_HAL_Driver/Src/stm32f4xx_hal_spi.o
 .text.HAL_TIM_Base_Init
                0x08007254       0x9e ./Drivers/STM32F4xx_HAL_Driver/Src/stm32f4xx_hal_tim.o
                0x08007254                HAL_TIM_Base_Init
 .text.HAL_TIM_Base_MspInit
                0x080072f2       0x14 ./Drivers/STM32F4xx_HAL_Driver/Src/stm32f4xx_hal_tim.o
                0x080072f2                HAL_TIM_Base_MspInit
 *fill*         0x08007306        0x2 
 .text.HAL_TIM_Base_Start_IT
                0x08007308       0xe0 ./Drivers/STM32F4xx_HAL_Driver/Src/stm32f4xx_hal_tim.o
                0x08007308                HAL_TIM_Base_Start_IT
 .text.HAL_TIM_IRQHandler
                0x080073e8      0x1e0 ./Drivers/STM32F4xx_HAL_Driver/Src/stm32f4xx_hal_tim.o
                0x080073e8                HAL_TIM_IRQHandler
 .text.HAL_TIM_OC_DelayElapsedCallback
                0x080075c8       0x14 ./Drivers/STM32F4xx_HAL_Driver/Src/stm32f4xx_hal_tim.o
                0x080075c8                HAL_TIM_OC_DelayElapsedCallback
 .text.HAL_TIM_IC_CaptureCallback
                0x080075dc       0x14 ./Drivers/STM32F4xx_HAL_Driver/Src/stm32f4xx_hal_tim.o
                0x080075dc                HAL_TIM_IC_CaptureCallback
 .text.HAL_TIM_PWM_PulseFinishedCallback
                0x080075f0       0x14 ./Drivers/STM32F4xx_HAL_Driver/Src/stm32f4xx_hal_tim.o
                0x080075f0                HAL_TIM_PWM_PulseFinishedCallback
 .text.HAL_TIM_TriggerCallback
                0x08007604       0x14 ./Drivers/STM32F4xx_HAL_Driver/Src/stm32f4xx_hal_tim.o
                0x08007604                HAL_TIM_TriggerCallback
 .text.TIM_Base_SetConfig
                0x08007618      0x158 ./Drivers/STM32F4xx_HAL_Driver/Src/stm32f4xx_hal_tim.o
                0x08007618                TIM_Base_SetConfig
 .text.HAL_TIMEx_CommutCallback
                0x08007770       0x14 ./Drivers/STM32F4xx_HAL_Driver/Src/stm32f4xx_hal_tim_ex.o
                0x08007770                HAL_TIMEx_CommutCallback
 .text.HAL_TIMEx_BreakCallback
                0x08007784       0x14 ./Drivers/STM32F4xx_HAL_Driver/Src/stm32f4xx_hal_tim_ex.o
                0x08007784                HAL_TIMEx_BreakCallback
 .text.HAL_UART_Init
                0x08007798       0xa0 ./Drivers/STM32F4xx_HAL_Driver/Src/stm32f4xx_hal_uart.o
                0x08007798                HAL_UART_Init
 .text.HAL_UART_Transmit
                0x08007838      0x116 ./Drivers/STM32F4xx_HAL_Driver/Src/stm32f4xx_hal_uart.o
                0x08007838                HAL_UART_Transmit
 .text.UART_WaitOnFlagUntilTimeout
                0x0800794e       0xb2 ./Drivers/STM32F4xx_HAL_Driver/Src/stm32f4xx_hal_uart.o
 .text.UART_EndRxTransfer
                0x08007a00       0xc6 ./Drivers/STM32F4xx_HAL_Driver/Src/stm32f4xx_hal_uart.o
 *fill*         0x08007ac6        0x2 
 .text.UART_SetConfig
                0x08007ac8      0x4e8 ./Drivers/STM32F4xx_HAL_Driver/Src/stm32f4xx_hal_uart.o
 .text.MX_FATFS_Init
                0x08007fb0       0x24 ./FATFS/App/fatfs.o
                0x08007fb0                MX_FATFS_Init
 .text.get_fattime
                0x08007fd4       0x10 ./FATFS/App/fatfs.o
                0x08007fd4                get_fattime
 .text.USER_initialize
                0x08007fe4       0x1c ./FATFS/Target/user_diskio.o
                0x08007fe4                USER_initialize
 .text.USER_status
                0x08008000       0x1c ./FATFS/Target/user_diskio.o
                0x08008000                USER_status
 .text.USER_read
                0x0800801c       0x26 ./FATFS/Target/user_diskio.o
                0x0800801c                USER_read
 .text.USER_write
                0x08008042       0x26 ./FATFS/Target/user_diskio.o
                0x08008042                USER_write
 .text.USER_ioctl
                0x08008068       0x26 ./FATFS/Target/user_diskio.o
                0x08008068                USER_ioctl
 *fill*         0x0800808e        0x2 
 .text.SPI_Timer_On
                0x08008090       0x28 ./FATFS/Target/user_diskio_spi.o
                0x08008090                SPI_Timer_On
 .text.SPI_Timer_Status
                0x080080b8       0x2c ./FATFS/Target/user_diskio_spi.o
                0x080080b8                SPI_Timer_Status
 .text.xchg_spi
                0x080080e4       0x2c ./FATFS/Target/user_diskio_spi.o
 .text.rcvr_spi_multi
                0x08008110       0x38 ./FATFS/Target/user_diskio_spi.o
 .text.xmit_spi_multi
                0x08008148       0x28 ./FATFS/Target/user_diskio_spi.o
 .text.wait_ready
                0x08008170       0x46 ./FATFS/Target/user_diskio_spi.o
 *fill*         0x080081b6        0x2 
 .text.despiselect
                0x080081b8       0x1c ./FATFS/Target/user_diskio_spi.o
 .text.spiselect
                0x080081d4       0x34 ./FATFS/Target/user_diskio_spi.o
 .text.rcvr_datablock
                0x08008208       0x52 ./FATFS/Target/user_diskio_spi.o
 .text.xmit_datablock
                0x0800825a       0x64 ./FATFS/Target/user_diskio_spi.o
 .text.send_cmd
                0x080082be       0xde ./FATFS/Target/user_diskio_spi.o
 .text.USER_SPI_initialize
                0x0800839c      0x1d8 ./FATFS/Target/user_diskio_spi.o
                0x0800839c                USER_SPI_initialize
 .text.USER_SPI_status
                0x08008574       0x2c ./FATFS/Target/user_diskio_spi.o
                0x08008574                USER_SPI_status
 .text.USER_SPI_read
                0x080085a0       0xcc ./FATFS/Target/user_diskio_spi.o
                0x080085a0                USER_SPI_read
 .text.USER_SPI_write
                0x0800866c       0xf8 ./FATFS/Target/user_diskio_spi.o
                0x0800866c                USER_SPI_write
 .text.USER_SPI_ioctl
                0x08008764      0x2e0 ./FATFS/Target/user_diskio_spi.o
                0x08008764                USER_SPI_ioctl
 .text.vListInitialise
                0x08008a44       0x40 ./FreeRTOS/list.o
                0x08008a44                vListInitialise
 .text.vListInitialiseItem
                0x08008a84       0x1a ./FreeRTOS/list.o
                0x08008a84                vListInitialiseItem
 .text.vListInsertEnd
                0x08008a9e       0x48 ./FreeRTOS/list.o
                0x08008a9e                vListInsertEnd
 .text.vListInsert
                0x08008ae6       0x72 ./FreeRTOS/list.o
                0x08008ae6                vListInsert
 .text.uxListRemove
                0x08008b58       0x54 ./FreeRTOS/list.o
                0x08008b58                uxListRemove
 .text.xQueueGenericReset
                0x08008bac       0xd4 ./FreeRTOS/queue.o
                0x08008bac                xQueueGenericReset
 .text.xQueueGenericCreate
                0x08008c80       0x7a ./FreeRTOS/queue.o
                0x08008c80                xQueueGenericCreate
 .text.prvInitialiseNewQueue
                0x08008cfa       0x46 ./FreeRTOS/queue.o
 .text.prvInitialiseMutex
                0x08008d40       0x34 ./FreeRTOS/queue.o
 .text.xQueueCreateMutex
                0x08008d74       0x30 ./FreeRTOS/queue.o
                0x08008d74                xQueueCreateMutex
 .text.xQueueGenericSend
                0x08008da4      0x204 ./FreeRTOS/queue.o
                0x08008da4                xQueueGenericSend
 .text.xQueueGenericSendFromISR
                0x08008fa8      0x136 ./FreeRTOS/queue.o
                0x08008fa8                xQueueGenericSendFromISR
 *fill*         0x080090de        0x2 
 .text.xQueueReceive
                0x080090e0      0x1c4 ./FreeRTOS/queue.o
                0x080090e0                xQueueReceive
 .text.xQueueSemaphoreTake
                0x080092a4      0x220 ./FreeRTOS/queue.o
                0x080092a4                xQueueSemaphoreTake
 .text.prvGetDisinheritPriorityAfterTimeout
                0x080094c4       0x30 ./FreeRTOS/queue.o
 .text.prvCopyDataToQueue
                0x080094f4       0xd4 ./FreeRTOS/queue.o
 .text.prvCopyDataFromQueue
                0x080095c8       0x4c ./FreeRTOS/queue.o
 .text.prvUnlockQueue
                0x08009614       0xa4 ./FreeRTOS/queue.o
 .text.prvIsQueueEmpty
                0x080096b8       0x2c ./FreeRTOS/queue.o
 .text.prvIsQueueFull
                0x080096e4       0x30 ./FreeRTOS/queue.o
 .text.vQueueAddToRegistry
                0x08009714       0x54 ./FreeRTOS/queue.o
                0x08009714                vQueueAddToRegistry
 .text.vQueueWaitForMessageRestricted
                0x08009768       0x68 ./FreeRTOS/queue.o
                0x08009768                vQueueWaitForMessageRestricted
 .text.xTaskCreate
                0x080097d0       0x82 ./FreeRTOS/tasks.o
                0x080097d0                xTaskCreate
 .text.prvInitialiseNewTask
                0x08009852      0x120 ./FreeRTOS/tasks.o
 *fill*         0x08009972        0x2 
 .text.prvAddNewTaskToReadyList
                0x08009974       0xdc ./FreeRTOS/tasks.o
 .text.vTaskDelay
                0x08009a50       0x6c ./FreeRTOS/tasks.o
                0x08009a50                vTaskDelay
 .text.vTaskStartScheduler
                0x08009abc       0x9c ./FreeRTOS/tasks.o
                0x08009abc                vTaskStartScheduler
 .text.vTaskSuspendAll
                0x08009b58       0x1c ./FreeRTOS/tasks.o
                0x08009b58                vTaskSuspendAll
 .text.xTaskResumeAll
                0x08009b74      0x13c ./FreeRTOS/tasks.o
                0x08009b74                xTaskResumeAll
 .text.xTaskGetTickCount
                0x08009cb0       0x20 ./FreeRTOS/tasks.o
                0x08009cb0                xTaskGetTickCount
 .text.xTaskIncrementTick
                0x08009cd0      0x174 ./FreeRTOS/tasks.o
                0x08009cd0                xTaskIncrementTick
 .text.vTaskSwitchContext
                0x08009e44       0xb8 ./FreeRTOS/tasks.o
                0x08009e44                vTaskSwitchContext
 .text.vTaskPlaceOnEventList
                0x08009efc       0x4c ./FreeRTOS/tasks.o
                0x08009efc                vTaskPlaceOnEventList
 .text.vTaskPlaceOnEventListRestricted
                0x08009f48       0x58 ./FreeRTOS/tasks.o
                0x08009f48                vTaskPlaceOnEventListRestricted
 .text.xTaskRemoveFromEventList
                0x08009fa0       0xc8 ./FreeRTOS/tasks.o
                0x08009fa0                xTaskRemoveFromEventList
 .text.vTaskInternalSetTimeOutState
                0x0800a068       0x2c ./FreeRTOS/tasks.o
                0x0800a068                vTaskInternalSetTimeOutState
 .text.xTaskCheckForTimeOut
                0x0800a094       0xc8 ./FreeRTOS/tasks.o
                0x0800a094                xTaskCheckForTimeOut
 .text.vTaskMissedYield
                0x0800a15c       0x18 ./FreeRTOS/tasks.o
                0x0800a15c                vTaskMissedYield
 .text.prvIdleTask
                0x0800a174       0x30 ./FreeRTOS/tasks.o
 .text.prvInitialiseTaskLists
                0x0800a1a4       0x80 ./FreeRTOS/tasks.o
 .text.prvCheckTasksWaitingTermination
                0x0800a224       0x5c ./FreeRTOS/tasks.o
 .text.prvDeleteTCB
                0x0800a280       0x20 ./FreeRTOS/tasks.o
 .text.prvResetNextTaskUnblockTime
                0x0800a2a0       0x40 ./FreeRTOS/tasks.o
 .text.xTaskGetSchedulerState
                0x0800a2e0       0x3c ./FreeRTOS/tasks.o
                0x0800a2e0                xTaskGetSchedulerState
 .text.xTaskPriorityInherit
                0x0800a31c      0x100 ./FreeRTOS/tasks.o
                0x0800a31c                xTaskPriorityInherit
 .text.xTaskPriorityDisinherit
                0x0800a41c      0x110 ./FreeRTOS/tasks.o
                0x0800a41c                xTaskPriorityDisinherit
 .text.vTaskPriorityDisinheritAfterTimeout
                0x0800a52c      0x138 ./FreeRTOS/tasks.o
                0x0800a52c                vTaskPriorityDisinheritAfterTimeout
 .text.pvTaskIncrementMutexHeldCount
                0x0800a664       0x28 ./FreeRTOS/tasks.o
                0x0800a664                pvTaskIncrementMutexHeldCount
 .text.xTaskNotifyWait
                0x0800a68c       0xb4 ./FreeRTOS/tasks.o
                0x0800a68c                xTaskNotifyWait
 .text.vTaskNotifyGiveFromISR
                0x0800a740      0x128 ./FreeRTOS/tasks.o
                0x0800a740                vTaskNotifyGiveFromISR
 .text.prvAddCurrentTaskToDelayedList
                0x0800a868       0xcc ./FreeRTOS/tasks.o
 .text.xTimerCreateTimerTask
                0x0800a934       0x68 ./FreeRTOS/timers.o
                0x0800a934                xTimerCreateTimerTask
 .text.xTimerGenericCommand
                0x0800a99c       0x9c ./FreeRTOS/timers.o
                0x0800a99c                xTimerGenericCommand
 .text.prvProcessExpiredTimer
                0x0800aa38       0x9c ./FreeRTOS/timers.o
 .text.prvTimerTask
                0x0800aad4       0x26 ./FreeRTOS/timers.o
 *fill*         0x0800aafa        0x2 
 .text.prvProcessTimerOrBlockTask
                0x0800aafc       0x9c ./FreeRTOS/timers.o
 .text.prvGetNextExpireTime
                0x0800ab98       0x48 ./FreeRTOS/timers.o
 .text.prvSampleTimeNow
                0x0800abe0       0x40 ./FreeRTOS/timers.o
 .text.prvInsertTimerInActiveList
                0x0800ac20       0x84 ./FreeRTOS/timers.o
 .text.prvProcessReceivedCommands
                0x0800aca4      0x194 ./FreeRTOS/timers.o
 .text.prvSwitchTimerLists
                0x0800ae38       0xcc ./FreeRTOS/timers.o
 .text.prvCheckForValidListAndQueue
                0x0800af04       0x6c ./FreeRTOS/timers.o
 .text.pxPortInitialiseStack
                0x0800af70       0x68 ./FreeRTOS/portable/ARM_CM4F/port.o
                0x0800af70                pxPortInitialiseStack
 .text.prvTaskExitError
                0x0800afd8       0x5c ./FreeRTOS/portable/ARM_CM4F/port.o
 *fill*         0x0800b034        0xc 
 .text.SVC_Handler
                0x0800b040       0x28 ./FreeRTOS/portable/ARM_CM4F/port.o
                0x0800b040                SVC_Handler
 .text.prvPortStartFirstTask
                0x0800b068       0x28 ./FreeRTOS/portable/ARM_CM4F/port.o
 .text.xPortStartScheduler
                0x0800b090      0x148 ./FreeRTOS/portable/ARM_CM4F/port.o
                0x0800b090                xPortStartScheduler
 .text.vPortEnterCritical
                0x0800b1d8       0x64 ./FreeRTOS/portable/ARM_CM4F/port.o
                0x0800b1d8                vPortEnterCritical
 .text.vPortExitCritical
                0x0800b23c       0x54 ./FreeRTOS/portable/ARM_CM4F/port.o
                0x0800b23c                vPortExitCritical
 .text.PendSV_Handler
                0x0800b290       0x68 ./FreeRTOS/portable/ARM_CM4F/port.o
                0x0800b290                PendSV_Handler
 .text.SysTick_Handler
                0x0800b2f8       0x44 ./FreeRTOS/portable/ARM_CM4F/port.o
                0x0800b2f8                SysTick_Handler
 .text.vPortSetupTimerInterrupt
                0x0800b33c       0x48 ./FreeRTOS/portable/ARM_CM4F/port.o
                0x0800b33c                vPortSetupTimerInterrupt
 .text.vPortEnableVFP
                0x0800b384       0x14 ./FreeRTOS/portable/ARM_CM4F/port.o
 .text.vPortValidateInterruptPriority
                0x0800b398       0x84 ./FreeRTOS/portable/ARM_CM4F/port.o
                0x0800b398                vPortValidateInterruptPriority
 .text.pvPortMalloc
                0x0800b41c      0x190 ./FreeRTOS/portable/MemMang/heap_4.o
                0x0800b41c                pvPortMalloc
 .text.vPortFree
                0x0800b5ac       0xb8 ./FreeRTOS/portable/MemMang/heap_4.o
                0x0800b5ac                vPortFree
 .text.prvHeapInit
                0x0800b664       0xc4 ./FreeRTOS/portable/MemMang/heap_4.o
 .text.prvInsertBlockIntoFreeList
                0x0800b728       0xb4 ./FreeRTOS/portable/MemMang/heap_4.o
 .text.disk_status
                0x0800b7dc       0x34 ./Middlewares/Third_Party/FatFs/src/diskio.o
                0x0800b7dc                disk_status
 .text.disk_initialize
                0x0800b810       0x50 ./Middlewares/Third_Party/FatFs/src/diskio.o
                0x0800b810                disk_initialize
 .text.disk_read
                0x0800b860       0x40 ./Middlewares/Third_Party/FatFs/src/diskio.o
                0x0800b860                disk_read
 .text.disk_write
                0x0800b8a0       0x40 ./Middlewares/Third_Party/FatFs/src/diskio.o
                0x0800b8a0                disk_write
 .text.disk_ioctl
                0x0800b8e0       0x3c ./Middlewares/Third_Party/FatFs/src/diskio.o
                0x0800b8e0                disk_ioctl
 .text.ld_word  0x0800b91c       0x32 ./Middlewares/Third_Party/FatFs/src/ff.o
 .text.ld_dword
                0x0800b94e       0x46 ./Middlewares/Third_Party/FatFs/src/ff.o
 .text.st_word  0x0800b994       0x36 ./Middlewares/Third_Party/FatFs/src/ff.o
 .text.st_dword
                0x0800b9ca       0x58 ./Middlewares/Third_Party/FatFs/src/ff.o
 .text.mem_cpy  0x0800ba22       0x42 ./Middlewares/Third_Party/FatFs/src/ff.o
 .text.mem_set  0x0800ba64       0x36 ./Middlewares/Third_Party/FatFs/src/ff.o
 .text.mem_cmp  0x0800ba9a       0x4e ./Middlewares/Third_Party/FatFs/src/ff.o
 .text.chk_chr  0x0800bae8       0x36 ./Middlewares/Third_Party/FatFs/src/ff.o
 *fill*         0x0800bb1e        0x2 
 .text.chk_lock
                0x0800bb20       0xb8 ./Middlewares/Third_Party/FatFs/src/ff.o
 .text.enq_lock
                0x0800bbd8       0x44 ./Middlewares/Third_Party/FatFs/src/ff.o
 .text.inc_lock
                0x0800bc1c      0x11c ./Middlewares/Third_Party/FatFs/src/ff.o
 .text.dec_lock
                0x0800bd38       0x78 ./Middlewares/Third_Party/FatFs/src/ff.o
 .text.clear_lock
                0x0800bdb0       0x48 ./Middlewares/Third_Party/FatFs/src/ff.o
 .text.sync_window
                0x0800bdf8       0x88 ./Middlewares/Third_Party/FatFs/src/ff.o
 .text.move_window
                0x0800be80       0x5a ./Middlewares/Third_Party/FatFs/src/ff.o
 *fill*         0x0800beda        0x2 
 .text.sync_fs  0x0800bedc       0xdc ./Middlewares/Third_Party/FatFs/src/ff.o
 .text.clust2sect
                0x0800bfb8       0x3e ./Middlewares/Third_Party/FatFs/src/ff.o
 .text.get_fat  0x0800bff6      0x14e ./Middlewares/Third_Party/FatFs/src/ff.o
 .text.put_fat  0x0800c144      0x1d4 ./Middlewares/Third_Party/FatFs/src/ff.o
 .text.remove_chain
                0x0800c318       0xca ./Middlewares/Third_Party/FatFs/src/ff.o
 .text.create_chain
                0x0800c3e2      0x130 ./Middlewares/Third_Party/FatFs/src/ff.o
 .text.clmt_clust
                0x0800c512       0x68 ./Middlewares/Third_Party/FatFs/src/ff.o
 .text.dir_sdi  0x0800c57a       0xf6 ./Middlewares/Third_Party/FatFs/src/ff.o
 .text.dir_next
                0x0800c670      0x18a ./Middlewares/Third_Party/FatFs/src/ff.o
 .text.dir_alloc
                0x0800c7fa       0x8e ./Middlewares/Third_Party/FatFs/src/ff.o
 .text.ld_clust
                0x0800c888       0x3e ./Middlewares/Third_Party/FatFs/src/ff.o
 .text.st_clust
                0x0800c8c6       0x40 ./Middlewares/Third_Party/FatFs/src/ff.o
 .text.dir_read
                0x0800c906       0xba ./Middlewares/Third_Party/FatFs/src/ff.o
 .text.dir_find
                0x0800c9c0       0xaa ./Middlewares/Third_Party/FatFs/src/ff.o
 .text.dir_register
                0x0800ca6a       0x64 ./Middlewares/Third_Party/FatFs/src/ff.o
 .text.get_fileinfo
                0x0800cace       0xc0 ./Middlewares/Third_Party/FatFs/src/ff.o
 *fill*         0x0800cb8e        0x2 
 .text.create_name
                0x0800cb90      0x128 ./Middlewares/Third_Party/FatFs/src/ff.o
 .text.follow_path
                0x0800ccb8       0xe2 ./Middlewares/Third_Party/FatFs/src/ff.o
 .text.get_ldnumber
                0x0800cd9a       0x88 ./Middlewares/Third_Party/FatFs/src/ff.o
 *fill*         0x0800ce22        0x2 
 .text.check_fs
                0x0800ce24       0xac ./Middlewares/Third_Party/FatFs/src/ff.o
 .text.find_volume
                0x0800ced0      0x498 ./Middlewares/Third_Party/FatFs/src/ff.o
 .text.validate
                0x0800d368       0x6a ./Middlewares/Third_Party/FatFs/src/ff.o
 *fill*         0x0800d3d2        0x2 
 .text.f_mount  0x0800d3d4       0x8c ./Middlewares/Third_Party/FatFs/src/ff.o
                0x0800d3d4                f_mount
 .text.f_open   0x0800d460      0x374 ./Middlewares/Third_Party/FatFs/src/ff.o
                0x0800d460                f_open
 .text.f_read   0x0800d7d4      0x27e ./Middlewares/Third_Party/FatFs/src/ff.o
                0x0800d7d4                f_read
 .text.f_write  0x0800da52      0x2ea ./Middlewares/Third_Party/FatFs/src/ff.o
                0x0800da52                f_write
 .text.f_sync   0x0800dd3c       0xfc ./Middlewares/Third_Party/FatFs/src/ff.o
                0x0800dd3c                f_sync
 .text.f_close  0x0800de38       0x54 ./Middlewares/Third_Party/FatFs/src/ff.o
                0x0800de38                f_close
 .text.f_lseek  0x0800de8c      0x412 ./Middlewares/Third_Party/FatFs/src/ff.o
                0x0800de8c                f_lseek
 .text.f_opendir
                0x0800e29e       0xe6 ./Middlewares/Third_Party/FatFs/src/ff.o
                0x0800e29e                f_opendir
 .text.f_closedir
                0x0800e384       0x4c ./Middlewares/Third_Party/FatFs/src/ff.o
                0x0800e384                f_closedir
 .text.f_readdir
                0x0800e3d0       0x7a ./Middlewares/Third_Party/FatFs/src/ff.o
                0x0800e3d0                f_readdir
 *fill*         0x0800e44a        0x2 
 .text.FATFS_LinkDriverEx
                0x0800e44c       0x98 ./Middlewares/Third_Party/FatFs/src/ff_gen_drv.o
                0x0800e44c                FATFS_LinkDriverEx
 .text.FATFS_LinkDriver
                0x0800e4e4       0x1e ./Middlewares/Third_Party/FatFs/src/ff_gen_drv.o
                0x0800e4e4                FATFS_LinkDriver
 .text._vsnprintf_r
                0x0800e502       0x5c C:/ST/STM32CubeIDE_1.17.0/STM32CubeIDE/plugins/com.st.stm32cube.ide.mcu.externaltools.gnu-tools-for-stm32.13.3.rel1.win32_1.0.0.202411081344/tools/bin/../lib/gcc/arm-none-eabi/13.3.1/../../../../arm-none-eabi/lib/thumb/v7e-m+fp/hard\libc_nano.a(libc_a-vsnprintf.o)
                0x0800e502                _vsniprintf_r
                0x0800e502                _vsnprintf_r
 *fill*         0x0800e55e        0x2 
 .text.vsnprintf
                0x0800e560       0x1c C:/ST/STM32CubeIDE_1.17.0/STM32CubeIDE/plugins/com.st.stm32cube.ide.mcu.externaltools.gnu-tools-for-stm32.13.3.rel1.win32_1.0.0.202411081344/tools/bin/../lib/gcc/arm-none-eabi/13.3.1/../../../../arm-none-eabi/lib/thumb/v7e-m+fp/hard\libc_nano.a(libc_a-vsnprintf.o)
                0x0800e560                vsniprintf
                0x0800e560                vsnprintf
 .text.memset   0x0800e57c       0x10 C:/ST/STM32CubeIDE_1.17.0/STM32CubeIDE/plugins/com.st.stm32cube.ide.mcu.externaltools.gnu-tools-for-stm32.13.3.rel1.win32_1.0.0.202411081344/tools/bin/../lib/gcc/arm-none-eabi/13.3.1/../../../../arm-none-eabi/lib/thumb/v7e-m+fp/hard\libc_nano.a(libc_a-memset.o)
                0x0800e57c                memset
 .text.strncpy  0x0800e58c       0x26 C:/ST/STM32CubeIDE_1.17.0/STM32CubeIDE/plugins/com.st.stm32cube.ide.mcu.externaltools.gnu-tools-for-stm32.13.3.rel1.win32_1.0.0.202411081344/tools/bin/../lib/gcc/arm-none-eabi/13.3.1/../../../../arm-none-eabi/lib/thumb/v7e-m+fp/hard\libc_nano.a(libc_a-strncpy.o)
                0x0800e58c                strncpy
 .text.strstr   0x0800e5b2       0x2c C:/ST/STM32CubeIDE_1.17.0/STM32CubeIDE/plugins/com.st.stm32cube.ide.mcu.externaltools.gnu-tools-for-stm32.13.3.rel1.win32_1.0.0.202411081344/tools/bin/../lib/gcc/arm-none-eabi/13.3.1/../../../../arm-none-eabi/lib/thumb/v7e-m+fp/hard\libc_nano.a(libc_a-strstr.o)
                0x0800e5b2                strstr
 *fill*         0x0800e5de        0x2 
 .text.__errno  0x0800e5e0        0xc C:/ST/STM32CubeIDE_1.17.0/STM32CubeIDE/plugins/com.st.stm32cube.ide.mcu.externaltools.gnu-tools-for-stm32.13.3.rel1.win32_1.0.0.202411081344/tools/bin/../lib/gcc/arm-none-eabi/13.3.1/../../../../arm-none-eabi/lib/thumb/v7e-m+fp/hard\libc_nano.a(libc_a-errno.o)
                0x0800e5e0                __errno
 .text.__libc_init_array
                0x0800e5ec       0x48 C:/ST/STM32CubeIDE_1.17.0/STM32CubeIDE/plugins/com.st.stm32cube.ide.mcu.externaltools.gnu-tools-for-stm32.13.3.rel1.win32_1.0.0.202411081344/tools/bin/../lib/gcc/arm-none-eabi/13.3.1/../../../../arm-none-eabi/lib/thumb/v7e-m+fp/hard\libc_nano.a(libc_a-init.o)
                0x0800e5ec                __libc_init_array
 .text.__retarget_lock_acquire_recursive
                0x0800e634        0x2 C:/ST/STM32CubeIDE_1.17.0/STM32CubeIDE/plugins/com.st.stm32cube.ide.mcu.externaltools.gnu-tools-for-stm32.13.3.rel1.win32_1.0.0.202411081344/tools/bin/../lib/gcc/arm-none-eabi/13.3.1/../../../../arm-none-eabi/lib/thumb/v7e-m+fp/hard\libc_nano.a(libc_a-lock.o)
                0x0800e634                __retarget_lock_acquire_recursive
 .text.__retarget_lock_release_recursive
                0x0800e636        0x2 C:/ST/STM32CubeIDE_1.17.0/STM32CubeIDE/plugins/com.st.stm32cube.ide.mcu.externaltools.gnu-tools-for-stm32.13.3.rel1.win32_1.0.0.202411081344/tools/bin/../lib/gcc/arm-none-eabi/13.3.1/../../../../arm-none-eabi/lib/thumb/v7e-m+fp/hard\libc_nano.a(libc_a-lock.o)
                0x0800e636                __retarget_lock_release_recursive
 .text.memcpy   0x0800e638       0x1c C:/ST/STM32CubeIDE_1.17.0/STM32CubeIDE/plugins/com.st.stm32cube.ide.mcu.externaltools.gnu-tools-for-stm32.13.3.rel1.win32_1.0.0.202411081344/tools/bin/../lib/gcc/arm-none-eabi/13.3.1/../../../../arm-none-eabi/lib/thumb/v7e-m+fp/hard\libc_nano.a(libc_a-memcpy-stub.o)
                0x0800e638                memcpy
 .text._free_r  0x0800e654       0x94 C:/ST/STM32CubeIDE_1.17.0/STM32CubeIDE/plugins/com.st.stm32cube.ide.mcu.externaltools.gnu-tools-for-stm32.13.3.rel1.win32_1.0.0.202411081344/tools/bin/../lib/gcc/arm-none-eabi/13.3.1/../../../../arm-none-eabi/lib/thumb/v7e-m+fp/hard\libc_nano.a(libc_a-freer.o)
                0x0800e654                _free_r
 .text.sbrk_aligned
                0x0800e6e8       0x44 C:/ST/STM32CubeIDE_1.17.0/STM32CubeIDE/plugins/com.st.stm32cube.ide.mcu.externaltools.gnu-tools-for-stm32.13.3.rel1.win32_1.0.0.202411081344/tools/bin/../lib/gcc/arm-none-eabi/13.3.1/../../../../arm-none-eabi/lib/thumb/v7e-m+fp/hard\libc_nano.a(libc_a-mallocr.o)
 .text._malloc_r
                0x0800e72c      0x100 C:/ST/STM32CubeIDE_1.17.0/STM32CubeIDE/plugins/com.st.stm32cube.ide.mcu.externaltools.gnu-tools-for-stm32.13.3.rel1.win32_1.0.0.202411081344/tools/bin/../lib/gcc/arm-none-eabi/13.3.1/../../../../arm-none-eabi/lib/thumb/v7e-m+fp/hard\libc_nano.a(libc_a-mallocr.o)
                0x0800e72c                _malloc_r
 .text.__malloc_lock
                0x0800e82c        0xc C:/ST/STM32CubeIDE_1.17.0/STM32CubeIDE/plugins/com.st.stm32cube.ide.mcu.externaltools.gnu-tools-for-stm32.13.3.rel1.win32_1.0.0.202411081344/tools/bin/../lib/gcc/arm-none-eabi/13.3.1/../../../../arm-none-eabi/lib/thumb/v7e-m+fp/hard\libc_nano.a(libc_a-mlock.o)
                0x0800e82c                __malloc_lock
 .text.__malloc_unlock
                0x0800e838        0xc C:/ST/STM32CubeIDE_1.17.0/STM32CubeIDE/plugins/com.st.stm32cube.ide.mcu.externaltools.gnu-tools-for-stm32.13.3.rel1.win32_1.0.0.202411081344/tools/bin/../lib/gcc/arm-none-eabi/13.3.1/../../../../arm-none-eabi/lib/thumb/v7e-m+fp/hard\libc_nano.a(libc_a-mlock.o)
                0x0800e838                __malloc_unlock
 .text.__ssputs_r
                0x0800e844       0xb6 C:/ST/STM32CubeIDE_1.17.0/STM32CubeIDE/plugins/com.st.stm32cube.ide.mcu.externaltools.gnu-tools-for-stm32.13.3.rel1.win32_1.0.0.202411081344/tools/bin/../lib/gcc/arm-none-eabi/13.3.1/../../../../arm-none-eabi/lib/thumb/v7e-m+fp/hard\libc_nano.a(libc_a-nano-svfprintf.o)
                0x0800e844                __ssputs_r
 *fill*         0x0800e8fa        0x2 
 .text._svfprintf_r
                0x0800e8fc      0x1f8 C:/ST/STM32CubeIDE_1.17.0/STM32CubeIDE/plugins/com.st.stm32cube.ide.mcu.externaltools.gnu-tools-for-stm32.13.3.rel1.win32_1.0.0.202411081344/tools/bin/../lib/gcc/arm-none-eabi/13.3.1/../../../../arm-none-eabi/lib/thumb/v7e-m+fp/hard\libc_nano.a(libc_a-nano-svfprintf.o)
                0x0800e8fc                _svfiprintf_r
                0x0800e8fc                _svfprintf_r
 .text._printf_common
                0x0800eaf4       0xda C:/ST/STM32CubeIDE_1.17.0/STM32CubeIDE/plugins/com.st.stm32cube.ide.mcu.externaltools.gnu-tools-for-stm32.13.3.rel1.win32_1.0.0.202411081344/tools/bin/../lib/gcc/arm-none-eabi/13.3.1/../../../../arm-none-eabi/lib/thumb/v7e-m+fp/hard\libc_nano.a(libc_a-nano-vfprintf_i.o)
                0x0800eaf4                _printf_common
 *fill*         0x0800ebce        0x2 
 .text._printf_i
                0x0800ebd0      0x23c C:/ST/STM32CubeIDE_1.17.0/STM32CubeIDE/plugins/com.st.stm32cube.ide.mcu.externaltools.gnu-tools-for-stm32.13.3.rel1.win32_1.0.0.202411081344/tools/bin/../lib/gcc/arm-none-eabi/13.3.1/../../../../arm-none-eabi/lib/thumb/v7e-m+fp/hard\libc_nano.a(libc_a-nano-vfprintf_i.o)
                0x0800ebd0                _printf_i
 .text.memmove  0x0800ee0c       0x34 C:/ST/STM32CubeIDE_1.17.0/STM32CubeIDE/plugins/com.st.stm32cube.ide.mcu.externaltools.gnu-tools-for-stm32.13.3.rel1.win32_1.0.0.202411081344/tools/bin/../lib/gcc/arm-none-eabi/13.3.1/../../../../arm-none-eabi/lib/thumb/v7e-m+fp/hard\libc_nano.a(libc_a-memmove.o)
                0x0800ee0c                memmove
 .text._sbrk_r  0x0800ee40       0x20 C:/ST/STM32CubeIDE_1.17.0/STM32CubeIDE/plugins/com.st.stm32cube.ide.mcu.externaltools.gnu-tools-for-stm32.13.3.rel1.win32_1.0.0.202411081344/tools/bin/../lib/gcc/arm-none-eabi/13.3.1/../../../../arm-none-eabi/lib/thumb/v7e-m+fp/hard\libc_nano.a(libc_a-sbrkr.o)
                0x0800ee40                _sbrk_r
 .text._realloc_r
                0x0800ee60       0x5c C:/ST/STM32CubeIDE_1.17.0/STM32CubeIDE/plugins/com.st.stm32cube.ide.mcu.externaltools.gnu-tools-for-stm32.13.3.rel1.win32_1.0.0.202411081344/tools/bin/../lib/gcc/arm-none-eabi/13.3.1/../../../../arm-none-eabi/lib/thumb/v7e-m+fp/hard\libc_nano.a(libc_a-reallocr.o)
                0x0800ee60                _realloc_r
 .text._malloc_usable_size_r
                0x0800eebc       0x10 C:/ST/STM32CubeIDE_1.17.0/STM32CubeIDE/plugins/com.st.stm32cube.ide.mcu.externaltools.gnu-tools-for-stm32.13.3.rel1.win32_1.0.0.202411081344/tools/bin/../lib/gcc/arm-none-eabi/13.3.1/../../../../arm-none-eabi/lib/thumb/v7e-m+fp/hard\libc_nano.a(libc_a-msizer.o)
                0x0800eebc                _malloc_usable_size_r
 *(.glue_7)
 .glue_7        0x0800eecc        0x0 linker stubs
 *(.glue_7t)
 .glue_7t       0x0800eecc        0x0 linker stubs
 *(.eh_frame)
 .eh_frame      0x0800eecc        0x0 C:/ST/STM32CubeIDE_1.17.0/STM32CubeIDE/plugins/com.st.stm32cube.ide.mcu.externaltools.gnu-tools-for-stm32.13.3.rel1.win32_1.0.0.202411081344/tools/bin/../lib/gcc/arm-none-eabi/13.3.1/thumb/v7e-m+fp/hard/crtbegin.o
 *(.init)
 .init          0x0800eecc        0x4 C:/ST/STM32CubeIDE_1.17.0/STM32CubeIDE/plugins/com.st.stm32cube.ide.mcu.externaltools.gnu-tools-for-stm32.13.3.rel1.win32_1.0.0.202411081344/tools/bin/../lib/gcc/arm-none-eabi/13.3.1/thumb/v7e-m+fp/hard/crti.o
                0x0800eecc                _init
 .init          0x0800eed0        0x8 C:/ST/STM32CubeIDE_1.17.0/STM32CubeIDE/plugins/com.st.stm32cube.ide.mcu.externaltools.gnu-tools-for-stm32.13.3.rel1.win32_1.0.0.202411081344/tools/bin/../lib/gcc/arm-none-eabi/13.3.1/thumb/v7e-m+fp/hard/crtn.o
 *(.fini)
 .fini          0x0800eed8        0x4 C:/ST/STM32CubeIDE_1.17.0/STM32CubeIDE/plugins/com.st.stm32cube.ide.mcu.externaltools.gnu-tools-for-stm32.13.3.rel1.win32_1.0.0.202411081344/tools/bin/../lib/gcc/arm-none-eabi/13.3.1/thumb/v7e-m+fp/hard/crti.o
                0x0800eed8                _fini
 .fini          0x0800eedc        0x8 C:/ST/STM32CubeIDE_1.17.0/STM32CubeIDE/plugins/com.st.stm32cube.ide.mcu.externaltools.gnu-tools-for-stm32.13.3.rel1.win32_1.0.0.202411081344/tools/bin/../lib/gcc/arm-none-eabi/13.3.1/thumb/v7e-m+fp/hard/crtn.o
                0x0800eee4                        . = ALIGN (0x4)
                0x0800eee4                        _etext = .

.vfp11_veneer   0x0800eee4        0x0
 .vfp11_veneer  0x0800eee4        0x0 linker stubs

.v4_bx          0x0800eee4        0x0
 .v4_bx         0x0800eee4        0x0 linker stubs

.iplt           0x0800eee4        0x0
 .iplt          0x0800eee4        0x0 C:/ST/STM32CubeIDE_1.17.0/STM32CubeIDE/plugins/com.st.stm32cube.ide.mcu.externaltools.gnu-tools-for-stm32.13.3.rel1.win32_1.0.0.202411081344/tools/bin/../lib/gcc/arm-none-eabi/13.3.1/thumb/v7e-m+fp/hard/crtbegin.o

.rodata         0x0800eee4      0x704
                0x0800eee4                        . = ALIGN (0x4)
 *(.rodata)
 .rodata        0x0800eee4      0x133 ./Core/Src/File_Handling.o
 *fill*         0x0800f017        0x1 
 .rodata        0x0800f018      0x434 ./Core/Src/main.o
 .rodata        0x0800f44c        0x5 ./FreeRTOS/tasks.o
 *fill*         0x0800f451        0x3 
 .rodata        0x0800f454        0xd ./FreeRTOS/timers.o
 *fill*         0x0800f461        0x3 
 .rodata        0x0800f464       0x44 ./Middlewares/Third_Party/FatFs/src/ff.o
 *(.rodata*)
 .rodata.I2SFreq
                0x0800f4a8       0x20 ./Core/Src/AUDIO.o
                0x0800f4a8                I2SFreq
 .rodata.I2SPLLN
                0x0800f4c8       0x20 ./Core/Src/AUDIO.o
                0x0800f4c8                I2SPLLN
 .rodata.I2SPLLR
                0x0800f4e8       0x20 ./Core/Src/AUDIO.o
                0x0800f4e8                I2SPLLR
 .rodata.DEBOUNCE_MILLIS.9
                0x0800f508        0x4 ./Core/Src/main.o
 .rodata.DOUBLE_GAP_MILLIS_MAX.2
                0x0800f50c        0x4 ./Core/Src/main.o
 .rodata.LONG_MILLIS_MIN.0
                0x0800f510        0x4 ./Core/Src/main.o
 .rodata.AHBPrescTable
                0x0800f514       0x10 ./Core/Src/system_stm32f4xx.o
                0x0800f514                AHBPrescTable
 .rodata.APBPrescTable
                0x0800f524        0x8 ./Core/Src/system_stm32f4xx.o
                0x0800f524                APBPrescTable
 .rodata.flagBitshiftOffset.0
                0x0800f52c        0x8 ./Drivers/STM32F4xx_HAL_Driver/Src/stm32f4xx_hal_dma.o
 .rodata.ExCvt  0x0800f534       0x80 ./Middlewares/Third_Party/FatFs/src/ff.o
 .rodata._svfprintf_r.str1.1
                0x0800f5b4       0x33 C:/ST/STM32CubeIDE_1.17.0/STM32CubeIDE/plugins/com.st.stm32cube.ide.mcu.externaltools.gnu-tools-for-stm32.13.3.rel1.win32_1.0.0.202411081344/tools/bin/../lib/gcc/arm-none-eabi/13.3.1/../../../../arm-none-eabi/lib/thumb/v7e-m+fp/hard\libc_nano.a(libc_a-nano-svfprintf.o)
                                 0x11 (size before relaxing)
 .rodata._printf_i.str1.1
                0x0800f5e7       0x22 C:/ST/STM32CubeIDE_1.17.0/STM32CubeIDE/plugins/com.st.stm32cube.ide.mcu.externaltools.gnu-tools-for-stm32.13.3.rel1.win32_1.0.0.202411081344/tools/bin/../lib/gcc/arm-none-eabi/13.3.1/../../../../arm-none-eabi/lib/thumb/v7e-m+fp/hard\libc_nano.a(libc_a-nano-vfprintf_i.o)
                0x0800f60c                        . = ALIGN (0x4)
 *fill*         0x0800f5e7        0x1 

.ARM.extab      0x0800f5e8        0x0
                0x0800f5e8                        . = ALIGN (0x4)
 *(.ARM.extab* .gnu.linkonce.armextab.*)
                0x0800f5e8                        . = ALIGN (0x4)

.ARM            0x0800f5e8        0x8
                0x0800f5e8                        . = ALIGN (0x4)
                0x0800f5e8                        __exidx_start = .
 *(.ARM.exidx*)
 .ARM.exidx     0x0800f5e8        0x8 C:/ST/STM32CubeIDE_1.17.0/STM32CubeIDE/plugins/com.st.stm32cube.ide.mcu.externaltools.gnu-tools-for-stm32.13.3.rel1.win32_1.0.0.202411081344/tools/bin/../lib/gcc/arm-none-eabi/13.3.1/../../../../arm-none-eabi/lib/thumb/v7e-m+fp/hard\libc_nano.a(libc_a-strlen.o)
 .ARM.exidx     0x0800f5f0        0x0 C:/ST/STM32CubeIDE_1.17.0/STM32CubeIDE/plugins/com.st.stm32cube.ide.mcu.externaltools.gnu-tools-for-stm32.13.3.rel1.win32_1.0.0.202411081344/tools/bin/../lib/gcc/arm-none-eabi/13.3.1/../../../../arm-none-eabi/lib/thumb/v7e-m+fp/hard\libc_nano.a(libc_a-memchr.o)
                                  0x8 (size before relaxing)
 .ARM.exidx     0x0800f5f0        0x0 C:/ST/STM32CubeIDE_1.17.0/STM32CubeIDE/plugins/com.st.stm32cube.ide.mcu.externaltools.gnu-tools-for-stm32.13.3.rel1.win32_1.0.0.202411081344/tools/bin/../lib/gcc/arm-none-eabi/13.3.1/thumb/v7e-m+fp/hard\libgcc.a(_udivmoddi4.o)
                                  0x8 (size before relaxing)
                0x0800f5f0                        __exidx_end = .
                0x0800f5f0                        . = ALIGN (0x4)

.preinit_array  0x0800f5f0        0x0
                0x0800f5f0                        . = ALIGN (0x4)
                0x0800f5f0                        PROVIDE (__preinit_array_start = .)
 *(.preinit_array*)
                0x0800f5f0                        PROVIDE (__preinit_array_end = .)
                0x0800f5f0                        . = ALIGN (0x4)

.init_array     0x0800f5f0        0x4
                0x0800f5f0                        . = ALIGN (0x4)
                0x0800f5f0                        PROVIDE (__init_array_start = .)
 *(SORT_BY_NAME(.init_array.*))
 *(.init_array*)
 .init_array    0x0800f5f0        0x4 C:/ST/STM32CubeIDE_1.17.0/STM32CubeIDE/plugins/com.st.stm32cube.ide.mcu.externaltools.gnu-tools-for-stm32.13.3.rel1.win32_1.0.0.202411081344/tools/bin/../lib/gcc/arm-none-eabi/13.3.1/thumb/v7e-m+fp/hard/crtbegin.o
                0x0800f5f4                        PROVIDE (__init_array_end = .)
                0x0800f5f4                        . = ALIGN (0x4)

.fini_array     0x0800f5f4        0x4
                0x0800f5f4                        . = ALIGN (0x4)
                [!provide]                        PROVIDE (__fini_array_start = .)
 *(SORT_BY_NAME(.fini_array.*))
 *(.fini_array*)
 .fini_array    0x0800f5f4        0x4 C:/ST/STM32CubeIDE_1.17.0/STM32CubeIDE/plugins/com.st.stm32cube.ide.mcu.externaltools.gnu-tools-for-stm32.13.3.rel1.win32_1.0.0.202411081344/tools/bin/../lib/gcc/arm-none-eabi/13.3.1/thumb/v7e-m+fp/hard/crtbegin.o
                [!provide]                        PROVIDE (__fini_array_end = .)
                0x0800f5f8                        . = ALIGN (0x4)
                0x0800f5f8                        _sidata = LOADADDR (.data)

.rel.dyn        0x0800f5f8        0x0
 .rel.iplt      0x0800f5f8        0x0 C:/ST/STM32CubeIDE_1.17.0/STM32CubeIDE/plugins/com.st.stm32cube.ide.mcu.externaltools.gnu-tools-for-stm32.13.3.rel1.win32_1.0.0.202411081344/tools/bin/../lib/gcc/arm-none-eabi/13.3.1/thumb/v7e-m+fp/hard/crtbegin.o

.data           0x20000000       0xb4 load address 0x0800f5f8
                0x20000000                        . = ALIGN (0x4)
                0x20000000                        _sdata = .
 *(.data)
 *(.data*)
 .data.I2cxTimeout
                0x20000000        0x4 ./Core/Src/AUDIO_LINK.o
                0x20000000                I2cxTimeout
 .data.cs43l22_drv
                0x20000004       0x30 ./Core/Src/cs43l22.o
                0x20000004                cs43l22_drv
 .data.Is_cs43l22_Stop
                0x20000034        0x1 ./Core/Src/cs43l22.o
 *fill*         0x20000035        0x3 
 .data.SystemCoreClock
                0x20000038        0x4 ./Core/Src/system_stm32f4xx.o
                0x20000038                SystemCoreClock
 .data.uwVolume
                0x2000003c        0x4 ./Core/Src/waveplayer.o
 .data.uwTickPrio
                0x20000040        0x4 ./Drivers/STM32F4xx_HAL_Driver/Src/stm32f4xx_hal.o
                0x20000040                uwTickPrio
 .data.uwTickFreq
                0x20000044        0x1 ./Drivers/STM32F4xx_HAL_Driver/Src/stm32f4xx_hal.o
                0x20000044                uwTickFreq
 *fill*         0x20000045        0x3 
 .data.USER_Driver
                0x20000048       0x14 ./FATFS/Target/user_diskio.o
                0x20000048                USER_Driver
 .data.Stat     0x2000005c        0x1 ./FATFS/Target/user_diskio_spi.o
 *fill*         0x2000005d        0x3 
 .data.uxCriticalNesting
                0x20000060        0x4 ./FreeRTOS/portable/ARM_CM4F/port.o
 .data._impure_ptr
                0x20000064        0x4 C:/ST/STM32CubeIDE_1.17.0/STM32CubeIDE/plugins/com.st.stm32cube.ide.mcu.externaltools.gnu-tools-for-stm32.13.3.rel1.win32_1.0.0.202411081344/tools/bin/../lib/gcc/arm-none-eabi/13.3.1/../../../../arm-none-eabi/lib/thumb/v7e-m+fp/hard\libc_nano.a(libc_a-impure.o)
                0x20000064                _impure_ptr
 .data._impure_data
                0x20000068       0x4c C:/ST/STM32CubeIDE_1.17.0/STM32CubeIDE/plugins/com.st.stm32cube.ide.mcu.externaltools.gnu-tools-for-stm32.13.3.rel1.win32_1.0.0.202411081344/tools/bin/../lib/gcc/arm-none-eabi/13.3.1/../../../../arm-none-eabi/lib/thumb/v7e-m+fp/hard\libc_nano.a(libc_a-impure.o)
                0x20000068                _impure_data
 *(.RamFunc)
 *(.RamFunc*)
                0x200000b4                        . = ALIGN (0x4)
                0x200000b4                        _edata = .
                0x0800f6ac                        _siccmram = LOADADDR (.ccmram)

.igot.plt       0x200000b4        0x0 load address 0x0800f6ac
 .igot.plt      0x200000b4        0x0 C:/ST/STM32CubeIDE_1.17.0/STM32CubeIDE/plugins/com.st.stm32cube.ide.mcu.externaltools.gnu-tools-for-stm32.13.3.rel1.win32_1.0.0.202411081344/tools/bin/../lib/gcc/arm-none-eabi/13.3.1/thumb/v7e-m+fp/hard/crtbegin.o

.ccmram         0x10000000        0x0 load address 0x0800f6ac
                0x10000000                        . = ALIGN (0x4)
                0x10000000                        _sccmram = .
 *(.ccmram)
 *(.ccmram*)
                0x10000000                        . = ALIGN (0x4)
                0x10000000                        _eccmram = .
                0x10000000                        . = ALIGN (0x4)

.bss            0x200000b4    0x14be0
                0x200000b4                        _sbss = .
                0x200000b4                        __bss_start__ = _sbss
 *(.bss)
 .bss           0x200000b4       0x1c C:/ST/STM32CubeIDE_1.17.0/STM32CubeIDE/plugins/com.st.stm32cube.ide.mcu.externaltools.gnu-tools-for-stm32.13.3.rel1.win32_1.0.0.202411081344/tools/bin/../lib/gcc/arm-none-eabi/13.3.1/thumb/v7e-m+fp/hard/crtbegin.o
 *(.bss*)
 .bss.pAudioDrv
                0x200000d0        0x4 ./Core/Src/AUDIO.o
 .bss.hAudioOutI2s
                0x200000d4       0x48 ./Core/Src/AUDIO.o
                0x200000d4                hAudioOutI2s
 .bss.hdma_i2sTx.0
                0x2000011c       0x60 ./Core/Src/AUDIO.o
 .bss.I2cHandle
                0x2000017c       0x54 ./Core/Src/AUDIO_LINK.o
 .bss.fs        0x200001d0      0x230 ./Core/Src/File_Handling.o
                0x200001d0                fs
 .bss.fresult   0x20000400        0x1 ./Core/Src/File_Handling.o
                0x20000400                fresult
 *fill*         0x20000401        0x1 
 .bss.NumObs    0x20000402        0x2 ./Core/Src/File_Handling.o
                0x20000402                NumObs
 .bss.OutputDev
                0x20000404        0x1 ./Core/Src/cs43l22.o
                0x20000404                OutputDev
 *fill*         0x20000405        0x3 
 .bss.hi2c1     0x20000408       0x54 ./Core/Src/main.o
                0x20000408                hi2c1
 .bss.hi2s3     0x2000045c       0x48 ./Core/Src/main.o
                0x2000045c                hi2s3
 .bss.hdma_spi3_tx
                0x200004a4       0x60 ./Core/Src/main.o
                0x200004a4                hdma_spi3_tx
 .bss.hspi2     0x20000504       0x58 ./Core/Src/main.o
                0x20000504                hspi2
 .bss.huart2    0x2000055c       0x48 ./Core/Src/main.o
                0x2000055c                huart2
 .bss.buttonTaskHandle
                0x200005a4        0x4 ./Core/Src/main.o
                0x200005a4                buttonTaskHandle
 .bss.initialized
                0x200005a8        0x1 ./Core/Src/main.o
                0x200005a8                initialized
 .bss.currentState
                0x200005a9        0x1 ./Core/Src/main.o
                0x200005a9                currentState
 *fill*         0x200005aa        0x2 
 .bss.fatfsMutex
                0x200005ac        0x4 ./Core/Src/main.o
                0x200005ac                fatfsMutex
 .bss.logQueue  0x200005b0        0x4 ./Core/Src/main.o
                0x200005b0                logQueue
 .bss.buttonstate.11
                0x200005b4        0x1 ./Core/Src/main.o
 *fill*         0x200005b5        0x3 
 .bss.buttonstate_ts.10
                0x200005b8        0x4 ./Core/Src/main.o
 .bss.button_down.8
                0x200005bc        0x1 ./Core/Src/main.o
 *fill*         0x200005bd        0x3 
 .bss.button_down_ts.7
                0x200005c0        0x4 ./Core/Src/main.o
 .bss.long_press_pending.6
                0x200005c4        0x1 ./Core/Src/main.o
 .bss.long_press_fired.5
                0x200005c5        0x1 ./Core/Src/main.o
 *fill*         0x200005c6        0x2 
 .bss.button_up_ts.4
                0x200005c8        0x4 ./Core/Src/main.o
 .bss.double_pending.3
                0x200005cc        0x1 ./Core/Src/main.o
 .bss.pending_event.1
                0x200005cd        0x1 ./Core/Src/main.o
 *fill*         0x200005ce        0x2 
 .bss.buffer.0  0x200005d0      0x100 ./Core/Src/myprintf.o
 .bss.htim2     0x200006d0       0x48 ./Core/Src/stm32f4xx_hal_timebase_tim.o
                0x200006d0                htim2
 .bss.__sbrk_heap_end
                0x20000718        0x4 ./Core/Src/sysmem.o
 .bss.BufferCtl
                0x2000071c     0x1008 ./Core/Src/waveplayer.o
 .bss.AudioState
                0x20001724        0x1 ./Core/Src/waveplayer.o
                0x20001724                AudioState
 *fill*         0x20001725        0x1 
 .bss.FilePos   0x20001726        0x2 ./Core/Src/waveplayer.o
 .bss.FileList  0x20001728      0x3da ./Core/Src/waveplayer.o
                0x20001728                FileList
 *fill*         0x20001b02        0x2 
 .bss.WaveFormat
                0x20001b04       0x2c ./Core/Src/waveplayer.o
                0x20001b04                WaveFormat
 .bss.WavFile   0x20001b30      0x230 ./Core/Src/waveplayer.o
                0x20001b30                WavFile
 .bss.uwTick    0x20001d60        0x4 ./Drivers/STM32F4xx_HAL_Driver/Src/stm32f4xx_hal.o
                0x20001d60                uwTick
 .bss.retUSER   0x20001d64        0x1 ./FATFS/App/fatfs.o
                0x20001d64                retUSER
 *fill*         0x20001d65        0x3 
 .bss.USERPath  0x20001d68        0x4 ./FATFS/App/fatfs.o
                0x20001d68                USERPath
 .bss.CardType  0x20001d6c        0x1 ./FATFS/Target/user_diskio_spi.o
 *fill*         0x20001d6d        0x3 
 .bss.spiTimerTickStart
                0x20001d70        0x4 ./FATFS/Target/user_diskio_spi.o
                0x20001d70                spiTimerTickStart
 .bss.spiTimerTickDelay
                0x20001d74        0x4 ./FATFS/Target/user_diskio_spi.o
                0x20001d74                spiTimerTickDelay
 .bss.xQueueRegistry
                0x20001d78       0x40 ./FreeRTOS/queue.o
                0x20001d78                xQueueRegistry
 .bss.pxCurrentTCB
                0x20001db8        0x4 ./FreeRTOS/tasks.o
                0x20001db8                pxCurrentTCB
 .bss.pxReadyTasksLists
                0x20001dbc       0x64 ./FreeRTOS/tasks.o
 .bss.xDelayedTaskList1
                0x20001e20       0x14 ./FreeRTOS/tasks.o
 .bss.xDelayedTaskList2
                0x20001e34       0x14 ./FreeRTOS/tasks.o
 .bss.pxDelayedTaskList
                0x20001e48        0x4 ./FreeRTOS/tasks.o
 .bss.pxOverflowDelayedTaskList
                0x20001e4c        0x4 ./FreeRTOS/tasks.o
 .bss.xPendingReadyList
                0x20001e50       0x14 ./FreeRTOS/tasks.o
 .bss.xTasksWaitingTermination
                0x20001e64       0x14 ./FreeRTOS/tasks.o
 .bss.uxDeletedTasksWaitingCleanUp
                0x20001e78        0x4 ./FreeRTOS/tasks.o
 .bss.xSuspendedTaskList
                0x20001e7c       0x14 ./FreeRTOS/tasks.o
 .bss.uxCurrentNumberOfTasks
                0x20001e90        0x4 ./FreeRTOS/tasks.o
 .bss.xTickCount
                0x20001e94        0x4 ./FreeRTOS/tasks.o
 .bss.uxTopReadyPriority
                0x20001e98        0x4 ./FreeRTOS/tasks.o
 .bss.xSchedulerRunning
                0x20001e9c        0x4 ./FreeRTOS/tasks.o
 .bss.uxPendedTicks
                0x20001ea0        0x4 ./FreeRTOS/tasks.o
 .bss.xYieldPending
                0x20001ea4        0x4 ./FreeRTOS/tasks.o
 .bss.xNumOfOverflows
                0x20001ea8        0x4 ./FreeRTOS/tasks.o
 .bss.uxTaskNumber
                0x20001eac        0x4 ./FreeRTOS/tasks.o
 .bss.xNextTaskUnblockTime
                0x20001eb0        0x4 ./FreeRTOS/tasks.o
 .bss.xIdleTaskHandle
                0x20001eb4        0x4 ./FreeRTOS/tasks.o
 .bss.uxSchedulerSuspended
                0x20001eb8        0x4 ./FreeRTOS/tasks.o
 .bss.xActiveTimerList1
                0x20001ebc       0x14 ./FreeRTOS/timers.o
 .bss.xActiveTimerList2
                0x20001ed0       0x14 ./FreeRTOS/timers.o
 .bss.pxCurrentTimerList
                0x20001ee4        0x4 ./FreeRTOS/timers.o
 .bss.pxOverflowTimerList
                0x20001ee8        0x4 ./FreeRTOS/timers.o
 .bss.xTimerQueue
                0x20001eec        0x4 ./FreeRTOS/timers.o
 .bss.xTimerTaskHandle
                0x20001ef0        0x4 ./FreeRTOS/timers.o
 .bss.xLastTime.0
                0x20001ef4        0x4 ./FreeRTOS/timers.o
 .bss.ucMaxSysCallPriority
                0x20001ef8        0x1 ./FreeRTOS/portable/ARM_CM4F/port.o
 *fill*         0x20001ef9        0x3 
 .bss.ulMaxPRIGROUPValue
                0x20001efc        0x4 ./FreeRTOS/portable/ARM_CM4F/port.o
 .bss.ucHeap    0x20001f00    0x12c00 ./FreeRTOS/portable/MemMang/heap_4.o
 .bss.xStart    0x20014b00        0x8 ./FreeRTOS/portable/MemMang/heap_4.o
 .bss.pxEnd     0x20014b08        0x4 ./FreeRTOS/portable/MemMang/heap_4.o
 .bss.xFreeBytesRemaining
                0x20014b0c        0x4 ./FreeRTOS/portable/MemMang/heap_4.o
 .bss.xMinimumEverFreeBytesRemaining
                0x20014b10        0x4 ./FreeRTOS/portable/MemMang/heap_4.o
 .bss.xBlockAllocatedBit
                0x20014b14        0x4 ./FreeRTOS/portable/MemMang/heap_4.o
 .bss.FatFs     0x20014b18        0x4 ./Middlewares/Third_Party/FatFs/src/ff.o
 .bss.Fsid      0x20014b1c        0x2 ./Middlewares/Third_Party/FatFs/src/ff.o
 *fill*         0x20014b1e        0x2 
 .bss.Files     0x20014b20       0x20 ./Middlewares/Third_Party/FatFs/src/ff.o
 .bss.disk      0x20014b40        0xc ./Middlewares/Third_Party/FatFs/src/ff_gen_drv.o
                0x20014b40                disk
 .bss.__sf      0x20014b4c      0x138 C:/ST/STM32CubeIDE_1.17.0/STM32CubeIDE/plugins/com.st.stm32cube.ide.mcu.externaltools.gnu-tools-for-stm32.13.3.rel1.win32_1.0.0.202411081344/tools/bin/../lib/gcc/arm-none-eabi/13.3.1/../../../../arm-none-eabi/lib/thumb/v7e-m+fp/hard\libc_nano.a(libc_a-findfp.o)
                0x20014b4c                __sf
 .bss.errno     0x20014c84        0x4 C:/ST/STM32CubeIDE_1.17.0/STM32CubeIDE/plugins/com.st.stm32cube.ide.mcu.externaltools.gnu-tools-for-stm32.13.3.rel1.win32_1.0.0.202411081344/tools/bin/../lib/gcc/arm-none-eabi/13.3.1/../../../../arm-none-eabi/lib/thumb/v7e-m+fp/hard\libc_nano.a(libc_a-reent.o)
                0x20014c84                errno
 .bss.__lock___malloc_recursive_mutex
                0x20014c88        0x1 C:/ST/STM32CubeIDE_1.17.0/STM32CubeIDE/plugins/com.st.stm32cube.ide.mcu.externaltools.gnu-tools-for-stm32.13.3.rel1.win32_1.0.0.202411081344/tools/bin/../lib/gcc/arm-none-eabi/13.3.1/../../../../arm-none-eabi/lib/thumb/v7e-m+fp/hard\libc_nano.a(libc_a-lock.o)
                0x20014c88                __lock___malloc_recursive_mutex
 *fill*         0x20014c89        0x3 
 .bss.__malloc_sbrk_start
                0x20014c8c        0x4 C:/ST/STM32CubeIDE_1.17.0/STM32CubeIDE/plugins/com.st.stm32cube.ide.mcu.externaltools.gnu-tools-for-stm32.13.3.rel1.win32_1.0.0.202411081344/tools/bin/../lib/gcc/arm-none-eabi/13.3.1/../../../../arm-none-eabi/lib/thumb/v7e-m+fp/hard\libc_nano.a(libc_a-mallocr.o)
                0x20014c8c                __malloc_sbrk_start
 .bss.__malloc_free_list
                0x20014c90        0x4 C:/ST/STM32CubeIDE_1.17.0/STM32CubeIDE/plugins/com.st.stm32cube.ide.mcu.externaltools.gnu-tools-for-stm32.13.3.rel1.win32_1.0.0.202411081344/tools/bin/../lib/gcc/arm-none-eabi/13.3.1/../../../../arm-none-eabi/lib/thumb/v7e-m+fp/hard\libc_nano.a(libc_a-mallocr.o)
                0x20014c90                __malloc_free_list
 *(COMMON)
                0x20014c94                        . = ALIGN (0x4)
                0x20014c94                        _ebss = .
                0x20014c94                        __bss_end__ = _ebss

._user_heap_stack
                0x20014c94      0x604
                0x20014c98                        . = ALIGN (0x8)
 *fill*         0x20014c94        0x4 
                [!provide]                        PROVIDE (end = .)
                0x20014c98                        PROVIDE (_end = .)
                0x20014e98                        . = (. + _Min_Heap_Size)
 *fill*         0x20014c98      0x200 
                0x20015298                        . = (. + _Min_Stack_Size)
 *fill*         0x20014e98      0x400 
                0x20015298                        . = ALIGN (0x8)

/DISCARD/
 libc.a(*)
 libm.a(*)
 libgcc.a(*)

.ARM.attributes
                0x00000000       0x30
 *(.ARM.attributes)
 .ARM.attributes
                0x00000000       0x22 C:/ST/STM32CubeIDE_1.17.0/STM32CubeIDE/plugins/com.st.stm32cube.ide.mcu.externaltools.gnu-tools-for-stm32.13.3.rel1.win32_1.0.0.202411081344/tools/bin/../lib/gcc/arm-none-eabi/13.3.1/thumb/v7e-m+fp/hard/crti.o
 .ARM.attributes
                0x00000022       0x34 C:/ST/STM32CubeIDE_1.17.0/STM32CubeIDE/plugins/com.st.stm32cube.ide.mcu.externaltools.gnu-tools-for-stm32.13.3.rel1.win32_1.0.0.202411081344/tools/bin/../lib/gcc/arm-none-eabi/13.3.1/thumb/v7e-m+fp/hard/crtbegin.o
 .ARM.attributes
                0x00000056       0x34 ./Core/Src/AUDIO.o
 .ARM.attributes
                0x0000008a       0x34 ./Core/Src/AUDIO_LINK.o
 .ARM.attributes
                0x000000be       0x34 ./Core/Src/File_Handling.o
 .ARM.attributes
                0x000000f2       0x34 ./Core/Src/cs43l22.o
 .ARM.attributes
                0x00000126       0x34 ./Core/Src/main.o
 .ARM.attributes
                0x0000015a       0x34 ./Core/Src/myprintf.o
 .ARM.attributes
                0x0000018e       0x34 ./Core/Src/stm32f4xx_hal_msp.o
 .ARM.attributes
                0x000001c2       0x34 ./Core/Src/stm32f4xx_hal_timebase_tim.o
 .ARM.attributes
                0x000001f6       0x34 ./Core/Src/stm32f4xx_it.o
 .ARM.attributes
                0x0000022a       0x34 ./Core/Src/sysmem.o
 .ARM.attributes
                0x0000025e       0x34 ./Core/Src/system_stm32f4xx.o
 .ARM.attributes
                0x00000292       0x34 ./Core/Src/waveplayer.o
 .ARM.attributes
                0x000002c6       0x21 ./Core/Startup/startup_stm32f407vgtx.o
 .ARM.attributes
                0x000002e7       0x34 ./Drivers/STM32F4xx_HAL_Driver/Src/stm32f4xx_hal.o
 .ARM.attributes
                0x0000031b       0x34 ./Drivers/STM32F4xx_HAL_Driver/Src/stm32f4xx_hal_cortex.o
 .ARM.attributes
                0x0000034f       0x34 ./Drivers/STM32F4xx_HAL_Driver/Src/stm32f4xx_hal_dma.o
 .ARM.attributes
                0x00000383       0x34 ./Drivers/STM32F4xx_HAL_Driver/Src/stm32f4xx_hal_gpio.o
 .ARM.attributes
                0x000003b7       0x34 ./Drivers/STM32F4xx_HAL_Driver/Src/stm32f4xx_hal_i2c.o
 .ARM.attributes
                0x000003eb       0x34 ./Drivers/STM32F4xx_HAL_Driver/Src/stm32f4xx_hal_i2s.o
 .ARM.attributes
                0x0000041f       0x34 ./Drivers/STM32F4xx_HAL_Driver/Src/stm32f4xx_hal_i2s_ex.o
 .ARM.attributes
                0x00000453       0x34 ./Drivers/STM32F4xx_HAL_Driver/Src/stm32f4xx_hal_rcc.o
 .ARM.attributes
                0x00000487       0x34 ./Drivers/STM32F4xx_HAL_Driver/Src/stm32f4xx_hal_rcc_ex.o
 .ARM.attributes
                0x000004bb       0x34 ./Drivers/STM32F4xx_HAL_Driver/Src/stm32f4xx_hal_spi.o
 .ARM.attributes
                0x000004ef       0x34 ./Drivers/STM32F4xx_HAL_Driver/Src/stm32f4xx_hal_tim.o
 .ARM.attributes
                0x00000523       0x34 ./Drivers/STM32F4xx_HAL_Driver/Src/stm32f4xx_hal_tim_ex.o
 .ARM.attributes
                0x00000557       0x34 ./Drivers/STM32F4xx_HAL_Driver/Src/stm32f4xx_hal_uart.o
 .ARM.attributes
                0x0000058b       0x34 ./FATFS/App/fatfs.o
 .ARM.attributes
                0x000005bf       0x34 ./FATFS/Target/user_diskio.o
 .ARM.attributes
                0x000005f3       0x34 ./FATFS/Target/user_diskio_spi.o
 .ARM.attributes
                0x00000627       0x34 ./FreeRTOS/list.o
 .ARM.attributes
                0x0000065b       0x34 ./FreeRTOS/queue.o
 .ARM.attributes
                0x0000068f       0x34 ./FreeRTOS/tasks.o
 .ARM.attributes
                0x000006c3       0x34 ./FreeRTOS/timers.o
 .ARM.attributes
                0x000006f7       0x34 ./FreeRTOS/portable/ARM_CM4F/port.o
 .ARM.attributes
                0x0000072b       0x34 ./FreeRTOS/portable/MemMang/heap_4.o
 .ARM.attributes
                0x0000075f       0x34 ./Middlewares/Third_Party/FatFs/src/diskio.o
 .ARM.attributes
                0x00000793       0x34 ./Middlewares/Third_Party/FatFs/src/ff.o
 .ARM.attributes
                0x000007c7       0x34 ./Middlewares/Third_Party/FatFs/src/ff_gen_drv.o
 .ARM.attributes
                0x000007fb       0x34 C:/ST/STM32CubeIDE_1.17.0/STM32CubeIDE/plugins/com.st.stm32cube.ide.mcu.externaltools.gnu-tools-for-stm32.13.3.rel1.win32_1.0.0.202411081344/tools/bin/../lib/gcc/arm-none-eabi/13.3.1/../../../../arm-none-eabi/lib/thumb/v7e-m+fp/hard\libc_nano.a(libc_a-findfp.o)
 .ARM.attributes