../Core/Src/main.c:59:6:red_LED_task	16	static
../Core/Src/main.c:67:6:green_LED_task	16	static
../Core/Src/main.c:75:6:task1	16	static
../Core/Src/main.c:82:6:task2	16	static
../Core/Src/main.c:89:6:task3	16	static
../Core/Src/main.c:96:6:print_task	16	static
../Core/Src/main.c:108:5:main	16	static
../Core/Src/main.c:159:6:SystemClock_Config	88	static
../Core/Src/main.c:206:13:MX_USART2_UART_Init	8	static
../Core/Src/main.c:239:13:MX_GPIO_Init	56	static
../Core/Src/main.c:390:6:HAL_TIM_PeriodElapsedCallback	16	static
../Core/Src/main.c:408:6:Error_Handler	4	static,ignoring_inline_asm
