../Core/Src/main.c:88:6:MEMS_Write	16	static
../Core/Src/main.c:95:6:MEMS_Read	16	static
../Core/Src/main.c:103:6:Green_LED_Task	16	static
../Core/Src/main.c:134:6:vHandlerTask	24	static
../Core/Src/main.c:171:6:HAL_GPIO_EXTI_Callback	24	static,ignoring_inline_asm
../Core/Src/main.c:189:5:main	16	static
../Core/Src/main.c:248:6:SystemClock_Config	88	static
../Core/Src/main.c:295:13:MX_SPI1_Init	8	static
../Core/Src/main.c:333:13:MX_GPIO_Init	56	static
../Core/Src/main.c:480:6:HAL_TIM_PeriodElapsedCallback	16	static
../Core/Src/main.c:498:6:Error_Handler	4	static,ignoring_inline_asm
