Archive member included to satisfy reference by file (symbol)

C:/ST/STM32CubeIDE_1.17.0/STM32CubeIDE/plugins/com.st.stm32cube.ide.mcu.externaltools.gnu-tools-for-stm32.13.3.rel1.win32_1.0.0.202411081344/tools/bin/../lib/gcc/arm-none-eabi/13.3.1/../../../../arm-none-eabi/lib/thumb/v7e-m+fp/hard\libc_nano.a(libc_a-exit.o)
                              C:/ST/STM32CubeIDE_1.17.0/STM32CubeIDE/plugins/com.st.stm32cube.ide.mcu.externaltools.gnu-tools-for-stm32.13.3.rel1.win32_1.0.0.202411081344/tools/bin/../lib/gcc/arm-none-eabi/13.3.1/../../../../arm-none-eabi/lib/thumb/v7e-m+fp/hard/crt0.o (exit)
C:/ST/STM32CubeIDE_1.17.0/STM32CubeIDE/plugins/com.st.stm32cube.ide.mcu.externaltools.gnu-tools-for-stm32.13.3.rel1.win32_1.0.0.202411081344/tools/bin/../lib/gcc/arm-none-eabi/13.3.1/../../../../arm-none-eabi/lib/thumb/v7e-m+fp/hard\libc_nano.a(libc_a-findfp.o)
                              C:/ST/STM32CubeIDE_1.17.0/STM32CubeIDE/plugins/com.st.stm32cube.ide.mcu.externaltools.gnu-tools-for-stm32.13.3.rel1.win32_1.0.0.202411081344/tools/bin/../lib/gcc/arm-none-eabi/13.3.1/../../../../arm-none-eabi/lib/thumb/v7e-m+fp/hard\libc_nano.a(libc_a-exit.o) (__stdio_exit_handler)
C:/ST/STM32CubeIDE_1.17.0/STM32CubeIDE/plugins/com.st.stm32cube.ide.mcu.externaltools.gnu-tools-for-stm32.13.3.rel1.win32_1.0.0.202411081344/tools/bin/../lib/gcc/arm-none-eabi/13.3.1/../../../../arm-none-eabi/lib/thumb/v7e-m+fp/hard\libc_nano.a(libc_a-fwalk.o)
                              C:/ST/STM32CubeIDE_1.17.0/STM32CubeIDE/plugins/com.st.stm32cube.ide.mcu.externaltools.gnu-tools-for-stm32.13.3.rel1.win32_1.0.0.202411081344/tools/bin/../lib/gcc/arm-none-eabi/13.3.1/../../../../arm-none-eabi/lib/thumb/v7e-m+fp/hard\libc_nano.a(libc_a-findfp.o) (_fwalk_sglue)
C:/ST/STM32CubeIDE_1.17.0/STM32CubeIDE/plugins/com.st.stm32cube.ide.mcu.externaltools.gnu-tools-for-stm32.13.3.rel1.win32_1.0.0.202411081344/tools/bin/../lib/gcc/arm-none-eabi/13.3.1/../../../../arm-none-eabi/lib/thumb/v7e-m+fp/hard\libc_nano.a(libc_a-stdio.o)
                              C:/ST/STM32CubeIDE_1.17.0/STM32CubeIDE/plugins/com.st.stm32cube.ide.mcu.externaltools.gnu-tools-for-stm32.13.3.rel1.win32_1.0.0.202411081344/tools/bin/../lib/gcc/arm-none-eabi/13.3.1/../../../../arm-none-eabi/lib/thumb/v7e-m+fp/hard\libc_nano.a(libc_a-findfp.o) (__sread)
C:/ST/STM32CubeIDE_1.17.0/STM32CubeIDE/plugins/com.st.stm32cube.ide.mcu.externaltools.gnu-tools-for-stm32.13.3.rel1.win32_1.0.0.202411081344/tools/bin/../lib/gcc/arm-none-eabi/13.3.1/../../../../arm-none-eabi/lib/thumb/v7e-m+fp/hard\libc_nano.a(libc_a-memset.o)
                              C:/ST/STM32CubeIDE_1.17.0/STM32CubeIDE/plugins/com.st.stm32cube.ide.mcu.externaltools.gnu-tools-for-stm32.13.3.rel1.win32_1.0.0.202411081344/tools/bin/../lib/gcc/arm-none-eabi/13.3.1/../../../../arm-none-eabi/lib/thumb/v7e-m+fp/hard/crt0.o (memset)
C:/ST/STM32CubeIDE_1.17.0/STM32CubeIDE/plugins/com.st.stm32cube.ide.mcu.externaltools.gnu-tools-for-stm32.13.3.rel1.win32_1.0.0.202411081344/tools/bin/../lib/gcc/arm-none-eabi/13.3.1/../../../../arm-none-eabi/lib/thumb/v7e-m+fp/hard\libc_nano.a(libc_a-closer.o)
                              C:/ST/STM32CubeIDE_1.17.0/STM32CubeIDE/plugins/com.st.stm32cube.ide.mcu.externaltools.gnu-tools-for-stm32.13.3.rel1.win32_1.0.0.202411081344/tools/bin/../lib/gcc/arm-none-eabi/13.3.1/../../../../arm-none-eabi/lib/thumb/v7e-m+fp/hard\libc_nano.a(libc_a-stdio.o) (_close_r)
C:/ST/STM32CubeIDE_1.17.0/STM32CubeIDE/plugins/com.st.stm32cube.ide.mcu.externaltools.gnu-tools-for-stm32.13.3.rel1.win32_1.0.0.202411081344/tools/bin/../lib/gcc/arm-none-eabi/13.3.1/../../../../arm-none-eabi/lib/thumb/v7e-m+fp/hard\libc_nano.a(libc_a-reent.o)
                              C:/ST/STM32CubeIDE_1.17.0/STM32CubeIDE/plugins/com.st.stm32cube.ide.mcu.externaltools.gnu-tools-for-stm32.13.3.rel1.win32_1.0.0.202411081344/tools/bin/../lib/gcc/arm-none-eabi/13.3.1/../../../../arm-none-eabi/lib/thumb/v7e-m+fp/hard\libc_nano.a(libc_a-closer.o) (errno)
C:/ST/STM32CubeIDE_1.17.0/STM32CubeIDE/plugins/com.st.stm32cube.ide.mcu.externaltools.gnu-tools-for-stm32.13.3.rel1.win32_1.0.0.202411081344/tools/bin/../lib/gcc/arm-none-eabi/13.3.1/../../../../arm-none-eabi/lib/thumb/v7e-m+fp/hard\libc_nano.a(libc_a-impure.o)
                              C:/ST/STM32CubeIDE_1.17.0/STM32CubeIDE/plugins/com.st.stm32cube.ide.mcu.externaltools.gnu-tools-for-stm32.13.3.rel1.win32_1.0.0.202411081344/tools/bin/../lib/gcc/arm-none-eabi/13.3.1/../../../../arm-none-eabi/lib/thumb/v7e-m+fp/hard\libc_nano.a(libc_a-reent.o) (_impure_ptr)
C:/ST/STM32CubeIDE_1.17.0/STM32CubeIDE/plugins/com.st.stm32cube.ide.mcu.externaltools.gnu-tools-for-stm32.13.3.rel1.win32_1.0.0.202411081344/tools/bin/../lib/gcc/arm-none-eabi/13.3.1/../../../../arm-none-eabi/lib/thumb/v7e-m+fp/hard\libc_nano.a(libc_a-lseekr.o)
[...]
Memory Configuration

Name             Origin             Length             Attributes
CCMRAM           0x10000000         0x00010000         xrw
RAM              0x20000000         0x00020000         xrw
FLASH            0x08000000         0x00100000         xr
*default*        0x00000000         0xffffffff

Linker script and memory map

LOAD C:/ST/STM32CubeIDE_1.17.0/STM32CubeIDE/plugins/com.st.stm32cube.ide.mcu.externaltools.gnu-tools-for-stm32.13.3.rel1.win32_1.0.0.202411081344/tools/bin/../lib/gcc/arm-none-eabi/13.3.1/thumb/v7e-m+fp/hard/crti.o
LOAD C:/ST/STM32CubeIDE_1.17.0/STM32CubeIDE/plugins/com.st.stm32cube.ide.mcu.externaltools.gnu-tools-for-stm32.13.3.rel1.win32_1.0.0.202411081344/tools/bin/../lib/gcc/arm-none-eabi/13.3.1/thumb/v7e-m+fp/hard/crtbegin.o
LOAD C:/ST/STM32CubeIDE_1.17.0/STM32CubeIDE/plugins/com.st.stm32cube.ide.mcu.externaltools.gnu-tools-for-stm32.13.3.rel1.win32_1.0.0.202411081344/tools/bin/../lib/gcc/arm-none-eabi/13.3.1/../../../../arm-none-eabi/lib/thumb/v7e-m+fp/hard/crt0.o
LOAD ./Core/Src/main.o
LOAD ./Core/Src/stm32f4xx_hal_msp.o
LOAD ./Core/Src/stm32f4xx_hal_timebase_tim.o
LOAD ./Core/Src/stm32f4xx_it.o
LOAD ./Core/Src/syscalls.o
LOAD ./Core/Src/sysmem.o
LOAD ./Core/Src/system_stm32f4xx.o
LOAD ./Core/Startup/startup_stm32f407vgtx.o
LOAD ./Drivers/STM32F4xx_HAL_Driver/Src/stm32f4xx_hal.o
LOAD ./Drivers/STM32F4xx_HAL_Driver/Src/stm32f4xx_hal_cortex.o
LOAD ./Drivers/STM32F4xx_HAL_Driver/Src/stm32f4xx_hal_dma.o
LOAD ./Drivers/STM32F4xx_HAL_Driver/Src/stm32f4xx_hal_dma_ex.o
LOAD ./Drivers/STM32F4xx_HAL_Driver/Src/stm32f4xx_hal_exti.o
LOAD ./Drivers/STM32F4xx_HAL_Driver/Src/stm32f4xx_hal_flash.o
LOAD ./Drivers/STM32F4xx_HAL_Driver/Src/stm32f4xx_hal_flash_ex.o
LOAD ./Drivers/STM32F4xx_HAL_Driver/Src/stm32f4xx_hal_flash_ramfunc.o
LOAD ./Drivers/STM32F4xx_HAL_Driver/Src/stm32f4xx_hal_gpio.o
LOAD ./Drivers/STM32F4xx_HAL_Driver/Src/stm32f4xx_hal_pwr.o
LOAD ./Drivers/STM32F4xx_HAL_Driver/Src/stm32f4xx_hal_pwr_ex.o
LOAD ./Drivers/STM32F4xx_HAL_Driver/Src/stm32f4xx_hal_rcc.o
LOAD ./Drivers/STM32F4xx_HAL_Driver/Src/stm32f4xx_hal_rcc_ex.o
LOAD ./Drivers/STM32F4xx_HAL_Driver/Src/stm32f4xx_hal_tim.o
LOAD ./Drivers/STM32F4xx_HAL_Driver/Src/stm32f4xx_hal_tim_ex.o
LOAD ./FreeRTOS/croutine.o
LOAD ./FreeRTOS/event_groups.o
LOAD ./FreeRTOS/list.o
LOAD ./FreeRTOS/queue.o
LOAD ./FreeRTOS/stream_buffer.o
LOAD ./FreeRTOS/tasks.o
LOAD ./FreeRTOS/timers.o
LOAD ./FreeRTOS/portable/ARM_CM4F/port.o
LOAD ./FreeRTOS/portable/MemMang/heap_4.o
START GROUP
LOAD C:/ST/STM32CubeIDE_1.17.0/STM32CubeIDE/plugins/com.st.stm32cube.ide.mcu.externaltools.gnu-tools-for-stm32.13.3.rel1.win32_1.0.0.202411081344/tools/bin/../lib/gcc/arm-none-eabi/13.3.1/../../../../arm-none-eabi/lib/thumb/v7e-m+fp/hard\libc_nano.a
LOAD C:/ST/STM32CubeIDE_1.17.0/STM32CubeIDE/plugins/com.st.stm32cube.ide.mcu.externaltools.gnu-tools-for-stm32.13.3.rel1.win32_1.0.0.202411081344/tools/bin/../lib/gcc/arm-none-eabi/13.3.1/../../../../arm-none-eabi/lib/thumb/v7e-m+fp/hard\libm.a
END GROUP
START GROUP
LOAD C:/ST/STM32CubeIDE_1.17.0/STM32CubeIDE/plugins/com.st.stm32cube.ide.mcu.externaltools.gnu-tools-for-stm32.13.3.rel1.win32_1.0.0.202411081344/tools/bin/../lib/gcc/arm-none-eabi/13.3.1/thumb/v7e-m+fp/hard\libgcc.a
LOAD C:/ST/STM32CubeIDE_1.17.0/STM32CubeIDE/plugins/com.st.stm32cube.ide.mcu.externaltools.gnu-tools-for-stm32.13.3.rel1.win32_1.0.0.202411081344/tools/bin/../lib/gcc/arm-none-eabi/13.3.1/../../../../arm-none-eabi/lib/thumb/v7e-m+fp/hard\libc_nano.a
END GROUP
START GROUP
LOAD C:/ST/STM32CubeIDE_1.17.0/STM32CubeIDE/plugins/com.st.stm32cube.ide.mcu.externaltools.gnu-tools-for-stm32.13.3.rel1.win32_1.0.0.202411081344/tools/bin/../lib/gcc/arm-none-eabi/13.3.1/thumb/v7e-m+fp/hard\libgcc.a
LOAD C:/ST/STM32CubeIDE_1.17.0/STM32CubeIDE/plugins/com.st.stm32cube.ide.mcu.externaltools.gnu-tools-for-stm32.13.3.rel1.win32_1.0.0.202411081344/tools/bin/../lib/gcc/arm-none-eabi/13.3.1/../../../../arm-none-eabi/lib/thumb/v7e-m+fp/hard\libc_nano.a
LOAD C:/ST/STM32CubeIDE_1.17.0/STM32CubeIDE/plugins/com.st.stm32cube.ide.mcu.externaltools.gnu-tools-for-stm32.13.3.rel1.win32_1.0.0.202411081344/tools/bin/../lib/gcc/arm-none-eabi/13.3.1/../../../../arm-none-eabi/lib/thumb/v7e-m+fp/hard\libnosys.a
END GROUP
START GROUP
LOAD C:/ST/STM32CubeIDE_1.17.0/STM32CubeIDE/plugins/com.st.stm32cube.ide.mcu.externaltools.gnu-tools-for-stm32.13.3.rel1.win32_1.0.0.202411081344/tools/bin/../lib/gcc/arm-none-eabi/13.3.1/thumb/v7e-m+fp/hard\libgcc.a
LOAD C:/ST/STM32CubeIDE_1.17.0/STM32CubeIDE/plugins/com.st.stm32cube.ide.mcu.externaltools.gnu-tools-for-stm32.13.3.rel1.win32_1.0.0.202411081344/tools/bin/../lib/gcc/arm-none-eabi/13.3.1/../../../../arm-none-eabi/lib/thumb/v7e-m+fp/hard\libc_nano.a
LOAD C:/ST/STM32CubeIDE_1.17.0/STM32CubeIDE/plugins/com.st.stm32cube.ide.mcu.externaltools.gnu-tools-for-stm32.13.3.rel1.win32_1.0.0.202411081344/tools/bin/../lib/gcc/arm-none-eabi/13.3.1/../../../../arm-none-eabi/lib/thumb/v7e-m+fp/hard\libnosys.a
END GROUP
LOAD C:/ST/STM32CubeIDE_1.17.0/STM32CubeIDE/plugins/com.st.stm32cube.ide.mcu.externaltools.gnu-tools-for-stm32.13.3.rel1.win32_1.0.0.202411081344/tools/bin/../lib/gcc/arm-none-eabi/13.3.1/thumb/v7e-m+fp/hard/crtend.o
LOAD C:/ST/STM32CubeIDE_1.17.0/STM32CubeIDE/plugins/com.st.stm32cube.ide.mcu.externaltools.gnu-tools-for-stm32.13.3.rel1.win32_1.0.0.202411081344/tools/bin/../lib/gcc/arm-none-eabi/13.3.1/thumb/v7e-m+fp/hard/crtn.o
                0x20020000                        _estack = (ORIGIN (RAM) + LENGTH (RAM))
                0x00000200                        _Min_Heap_Size = 0x200
                0x00000400                        _Min_Stack_Size = 0x400

.isr_vector     0x08000000      0x188
                0x08000000                        . = ALIGN (0x4)
 *(.isr_vector)
 .isr_vector    0x08000000      0x188 ./Core/Startup/startup_stm32f407vgtx.o
                0x08000000                g_pfnVectors
                0x08000188                        . = ALIGN (0x4)

.text           0x08000190     0x4728
                0x08000190                        . = ALIGN (0x4)
 *(.text)
 .text          0x08000190       0x40 C:/ST/STM32CubeIDE_1.17.0/STM32CubeIDE/plugins/com.st.stm32cube.ide.mcu.externaltools.gnu-tools-for-stm32.13.3.rel1.win32_1.0.0.202411081344/tools/bin/../lib/gcc/arm-none-eabi/13.3.1/thumb/v7e-m+fp/hard/crtbegin.o
 .text          0x080001d0       0x30 C:/ST/STM32CubeIDE_1.17.0/STM32CubeIDE/plugins/com.st.stm32cube.ide.mcu.externaltools.gnu-tools-for-stm32.13.3.rel1.win32_1.0.0.202411081344/tools/bin/../lib/gcc/arm-none-eabi/13.3.1/thumb/v7e-m+fp/hard\libgcc.a(_aeabi_uldivmod.o)
                0x080001d0                __aeabi_uldivmod
 .text          0x08000200      0x2f8 C:/ST/STM32CubeIDE_1.17.0/STM32CubeIDE/plugins/com.st.stm32cube.ide.mcu.externaltools.gnu-tools-for-stm32.13.3.rel1.win32_1.0.0.202411081344/tools/bin/../lib/gcc/arm-none-eabi/13.3.1/thumb/v7e-m+fp/hard\libgcc.a(_udivmoddi4.o)
                0x08000200                __udivmoddi4
 .text          0x080004f8        0x4 C:/ST/STM32CubeIDE_1.17.0/STM32CubeIDE/plugins/com.st.stm32cube.ide.mcu.externaltools.gnu-tools-for-stm32.13.3.rel1.win32_1.0.0.202411081344/tools/bin/../lib/gcc/arm-none-eabi/13.3.1/thumb/v7e-m+fp/hard\libgcc.a(_dvmd_tls.o)
                0x080004f8                __aeabi_idiv0
                0x080004f8                __aeabi_ldiv0
 *(.text*)
 .text.main     0x080004fc       0x70 ./Core/Src/main.o
                0x080004fc                main
 .text.vTaskBlueButtonControl
                0x0800056c       0x78 ./Core/Src/main.o
                0x0800056c                vTaskBlueButtonControl
 .text.vTaskLEDControl
                0x080005e4      0x144 ./Core/Src/main.o
                0x080005e4                vTaskLEDControl
 .text.SystemClock_Config
                0x08000728       0xd4 ./Core/Src/main.o
                0x08000728                SystemClock_Config
 .text.MX_GPIO_Init
                0x080007fc      0x2b8 ./Core/Src/main.o
 .text.HAL_TIM_PeriodElapsedCallback
                0x08000ab4       0x24 ./Core/Src/main.o
                0x08000ab4                HAL_TIM_PeriodElapsedCallback
 .text.Error_Handler
                0x08000ad8        0xc ./Core/Src/main.o
                0x08000ad8                Error_Handler
 .text.HAL_MspInit
                0x08000ae4       0x50 ./Core/Src/stm32f4xx_hal_msp.o
                0x08000ae4                HAL_MspInit
 .text.HAL_InitTick
                0x08000b34       0xf8 ./Core/Src/stm32f4xx_hal_timebase_tim.o
                0x08000b34                HAL_InitTick
 .text.NMI_Handler
                0x08000c2c        0x8 ./Core/Src/stm32f4xx_it.o
                0x08000c2c                NMI_Handler
 .text.HardFault_Handler
                0x08000c34        0x8 ./Core/Src/stm32f4xx_it.o
                0x08000c34                HardFault_Handler
 .text.MemManage_Handler
                0x08000c3c        0x8 ./Core/Src/stm32f4xx_it.o
                0x08000c3c                MemManage_Handler
 .text.BusFault_Handler
                0x08000c44        0x8 ./Core/Src/stm32f4xx_it.o
                0x08000c44                BusFault_Handler
 .text.UsageFault_Handler
                0x08000c4c        0x8 ./Core/Src/stm32f4xx_it.o
                0x08000c4c                UsageFault_Handler
 .text.DebugMon_Handler
                0x08000c54        0xe ./Core/Src/stm32f4xx_it.o
                0x08000c54                DebugMon_Handler
 *fill*         0x08000c62        0x2 
 .text.TIM7_IRQHandler
                0x08000c64       0x14 ./Core/Src/stm32f4xx_it.o
                0x08000c64                TIM7_IRQHandler
 .text.SystemInit
                0x08000c78       0x24 ./Core/Src/system_stm32f4xx.o
                0x08000c78                SystemInit
 .text.Reset_Handler
                0x08000c9c       0x50 ./Core/Startup/startup_stm32f407vgtx.o
                0x08000c9c                Reset_Handler
 .text.Default_Handler
                0x08000cec        0x2 ./Core/Startup/startup_stm32f407vgtx.o
                0x08000cec                RTC_Alarm_IRQHandler
                0x08000cec                HASH_RNG_IRQHandler
                0x08000cec                EXTI2_IRQHandler
                0x08000cec                TIM8_CC_IRQHandler
                0x08000cec                TIM1_CC_IRQHandler
                0x08000cec                DMA2_Stream5_IRQHandler
                0x08000cec                DMA1_Stream5_IRQHandler
                0x08000cec                PVD_IRQHandler
                0x08000cec                SDIO_IRQHandler
                0x08000cec                TAMP_STAMP_IRQHandler
                0x08000cec                CAN2_RX1_IRQHandler
                0x08000cec                EXTI3_IRQHandler
                0x08000cec                TIM8_TRG_COM_TIM14_IRQHandler
                0x08000cec                TIM1_UP_TIM10_IRQHandler
                0x08000cec                TIM8_UP_TIM13_IRQHandler
                0x08000cec                I2C3_ER_IRQHandler
                0x08000cec                EXTI0_IRQHandler
                0x08000cec                I2C2_EV_IRQHandler
                0x08000cec                DMA1_Stream2_IRQHandler
                0x08000cec                CAN1_RX0_IRQHandler
                0x08000cec                FPU_IRQHandler
                0x08000cec                OTG_HS_WKUP_IRQHandler
                0x08000cec                CAN2_SCE_IRQHandler
                0x08000cec                DMA2_Stream2_IRQHandler
                0x08000cec                SPI1_IRQHandler
                0x08000cec                TIM6_DAC_IRQHandler
                0x08000cec                TIM1_BRK_TIM9_IRQHandler
                0x08000cec                DCMI_IRQHandler
                0x08000cec                CAN2_RX0_IRQHandler
                0x08000cec                DMA2_Stream3_IRQHandler
                0x08000cec                USART6_IRQHandler
                0x08000cec                USART3_IRQHandler
                0x08000cec                CAN1_RX1_IRQHandler
                0x08000cec                UART5_IRQHandler
                0x08000cec                DMA2_Stream0_IRQHandler
                0x08000cec                TIM4_IRQHandler
                0x08000cec                I2C1_EV_IRQHandler
                0x08000cec                DMA1_Stream6_IRQHandler
                0x08000cec                DMA1_Stream1_IRQHandler
                0x08000cec                UART4_IRQHandler
                0x08000cec                TIM3_IRQHandler
                0x08000cec                RCC_IRQHandler
                0x08000cec                TIM8_BRK_TIM12_IRQHandler
                0x08000cec                Default_Handler
                0x08000cec                EXTI15_10_IRQHandler
                0x08000cec                ADC_IRQHandler
                0x08000cec                DMA1_Stream7_IRQHandler
                0x08000cec                CAN2_TX_IRQHandler
                0x08000cec                TIM5_IRQHandler
                0x08000cec                DMA2_Stream7_IRQHandler
                0x08000cec                I2C3_EV_IRQHandler
                0x08000cec                EXTI9_5_IRQHandler
                0x08000cec                RTC_WKUP_IRQHandler
                0x08000cec                ETH_WKUP_IRQHandler
                0x08000cec                SPI2_IRQHandler
                0x08000cec                OTG_HS_EP1_IN_IRQHandler
                0x08000cec                DMA1_Stream0_IRQHandler
                0x08000cec                CAN1_TX_IRQHandler
                0x08000cec                EXTI4_IRQHandler
                0x08000cec                FSMC_IRQHandler
                0x08000cec                ETH_IRQHandler
                0x08000cec                OTG_HS_EP1_OUT_IRQHandler
                0x08000cec                WWDG_IRQHandler
                0x08000cec                TIM2_IRQHandler
                0x08000cec                OTG_FS_WKUP_IRQHandler
                0x08000cec                TIM1_TRG_COM_TIM11_IRQHandler
                0x08000cec                OTG_HS_IRQHandler
                0x08000cec                EXTI1_IRQHandler
                0x08000cec                USART2_IRQHandler
                0x08000cec                I2C2_ER_IRQHandler
                0x08000cec                DMA2_Stream1_IRQHandler
                0x08000cec                CAN1_SCE_IRQHandler
                0x08000cec                FLASH_IRQHandler
                0x08000cec                DMA2_Stream4_IRQHandler
                0x08000cec                USART1_IRQHandler
                0x08000cec                OTG_FS_IRQHandler
                0x08000cec                SPI3_IRQHandler
                0x08000cec                DMA1_Stream4_IRQHandler
                0x08000cec                I2C1_ER_IRQHandler
                0x08000cec                DMA2_Stream6_IRQHandler
                0x08000cec                DMA1_Stream3_IRQHandler
 *fill*         0x08000cee        0x2 
 .text.HAL_Init
                0x08000cf0       0x44 ./Drivers/STM32F4xx_HAL_Driver/Src/stm32f4xx_hal.o
                0x08000cf0                HAL_Init
 .text.HAL_IncTick
                0x08000d34       0x28 ./Drivers/STM32F4xx_HAL_Driver/Src/stm32f4xx_hal.o
                0x08000d34                HAL_IncTick
 .text.HAL_GetTick
                0x08000d5c       0x18 ./Drivers/STM32F4xx_HAL_Driver/Src/stm32f4xx_hal.o
                0x08000d5c                HAL_GetTick
 .text.__NVIC_SetPriorityGrouping
                0x08000d74       0x48 ./Drivers/STM32F4xx_HAL_Driver/Src/stm32f4xx_hal_cortex.o
 .text.__NVIC_GetPriorityGrouping
                0x08000dbc       0x1c ./Drivers/STM32F4xx_HAL_Driver/Src/stm32f4xx_hal_cortex.o
 .text.__NVIC_EnableIRQ
                0x08000dd8       0x3c ./Drivers/STM32F4xx_HAL_Driver/Src/stm32f4xx_hal_cortex.o
 .text.__NVIC_SetPriority
                0x08000e14       0x54 ./Drivers/STM32F4xx_HAL_Driver/Src/stm32f4xx_hal_cortex.o
 .text.NVIC_EncodePriority
                0x08000e68       0x66 ./Drivers/STM32F4xx_HAL_Driver/Src/stm32f4xx_hal_cortex.o
 .text.HAL_NVIC_SetPriorityGrouping
                0x08000ece       0x16 ./Drivers/STM32F4xx_HAL_Driver/Src/stm32f4xx_hal_cortex.o
                0x08000ece                HAL_NVIC_SetPriorityGrouping
 .text.HAL_NVIC_SetPriority
                0x08000ee4       0x38 ./Drivers/STM32F4xx_HAL_Driver/Src/stm32f4xx_hal_cortex.o
                0x08000ee4                HAL_NVIC_SetPriority
 .text.HAL_NVIC_EnableIRQ
                0x08000f1c       0x1c ./Drivers/STM32F4xx_HAL_Driver/Src/stm32f4xx_hal_cortex.o
                0x08000f1c                HAL_NVIC_EnableIRQ
 .text.HAL_GPIO_Init
                0x08000f38      0x338 ./Drivers/STM32F4xx_HAL_Driver/Src/stm32f4xx_hal_gpio.o
                0x08000f38                HAL_GPIO_Init
 .text.HAL_GPIO_ReadPin
                0x08001270       0x30 ./Drivers/STM32F4xx_HAL_Driver/Src/stm32f4xx_hal_gpio.o
                0x08001270                HAL_GPIO_ReadPin
 .text.HAL_GPIO_WritePin
                0x080012a0       0x32 ./Drivers/STM32F4xx_HAL_Driver/Src/stm32f4xx_hal_gpio.o
                0x080012a0                HAL_GPIO_WritePin
 *fill*         0x080012d2        0x2 
 .text.HAL_RCC_OscConfig
                0x080012d4      0x4f0 ./Drivers/STM32F4xx_HAL_Driver/Src/stm32f4xx_hal_rcc.o
                0x080012d4                HAL_RCC_OscConfig
 .text.HAL_RCC_ClockConfig
                0x080017c4      0x1cc ./Drivers/STM32F4xx_HAL_Driver/Src/stm32f4xx_hal_rcc.o
                0x080017c4                HAL_RCC_ClockConfig
 .text.HAL_RCC_GetSysClockFreq
                0x08001990      0x20c ./Drivers/STM32F4xx_HAL_Driver/Src/stm32f4xx_hal_rcc.o
                0x08001990                HAL_RCC_GetSysClockFreq
 .text.HAL_RCC_GetHCLKFreq
                0x08001b9c       0x18 ./Drivers/STM32F4xx_HAL_Driver/Src/stm32f4xx_hal_rcc.o
                0x08001b9c                HAL_RCC_GetHCLKFreq
 .text.HAL_RCC_GetPCLK1Freq
                0x08001bb4       0x28 ./Drivers/STM32F4xx_HAL_Driver/Src/stm32f4xx_hal_rcc.o
                0x08001bb4                HAL_RCC_GetPCLK1Freq
 .text.HAL_RCC_GetClockConfig
                0x08001bdc       0x64 ./Drivers/STM32F4xx_HAL_Driver/Src/stm32f4xx_hal_rcc.o
                0x08001bdc                HAL_RCC_GetClockConfig
 .text.HAL_TIM_Base_Init
                0x08001c40       0x9e ./Drivers/STM32F4xx_HAL_Driver/Src/stm32f4xx_hal_tim.o
                0x08001c40                HAL_TIM_Base_Init
 .text.HAL_TIM_Base_MspInit
                0x08001cde       0x14 ./Drivers/STM32F4xx_HAL_Driver/Src/stm32f4xx_hal_tim.o
                0x08001cde                HAL_TIM_Base_MspInit
 *fill*         0x08001cf2        0x2 
 .text.HAL_TIM_Base_Start_IT
                0x08001cf4       0xe0 ./Drivers/STM32F4xx_HAL_Driver/Src/stm32f4xx_hal_tim.o
                0x08001cf4                HAL_TIM_Base_Start_IT
 .text.HAL_TIM_IRQHandler
                0x08001dd4      0x1e0 ./Drivers/STM32F4xx_HAL_Driver/Src/stm32f4xx_hal_tim.o
                0x08001dd4                HAL_TIM_IRQHandler
 .text.HAL_TIM_OC_DelayElapsedCallback
                0x08001fb4       0x14 ./Drivers/STM32F4xx_HAL_Driver/Src/stm32f4xx_hal_tim.o
                0x08001fb4                HAL_TIM_OC_DelayElapsedCallback
 .text.HAL_TIM_IC_CaptureCallback
                0x08001fc8       0x14 ./Drivers/STM32F4xx_HAL_Driver/Src/stm32f4xx_hal_tim.o
                0x08001fc8                HAL_TIM_IC_CaptureCallback
 .text.HAL_TIM_PWM_PulseFinishedCallback
                0x08001fdc       0x14 ./Drivers/STM32F4xx_HAL_Driver/Src/stm32f4xx_hal_tim.o
                0x08001fdc                HAL_TIM_PWM_PulseFinishedCallback
 .text.HAL_TIM_TriggerCallback
                0x08001ff0       0x14 ./Drivers/STM32F4xx_HAL_Driver/Src/stm32f4xx_hal_tim.o
                0x08001ff0                HAL_TIM_TriggerCallback
 .text.TIM_Base_SetConfig
                0x08002004      0x158 ./Drivers/STM32F4xx_HAL_Driver/Src/stm32f4xx_hal_tim.o
                0x08002004                TIM_Base_SetConfig
 .text.HAL_TIMEx_CommutCallback
                0x0800215c       0x14 ./Drivers/STM32F4xx_HAL_Driver/Src/stm32f4xx_hal_tim_ex.o
                0x0800215c                HAL_TIMEx_CommutCallback
 .text.HAL_TIMEx_BreakCallback
                0x08002170       0x14 ./Drivers/STM32F4xx_HAL_Driver/Src/stm32f4xx_hal_tim_ex.o
                0x08002170                HAL_TIMEx_BreakCallback
 .text.vListInitialise
                0x08002184       0x40 ./FreeRTOS/list.o
                0x08002184                vListInitialise
 .text.vListInitialiseItem
                0x080021c4       0x1a ./FreeRTOS/list.o
                0x080021c4                vListInitialiseItem
 .text.vListInsertEnd
                0x080021de       0x48 ./FreeRTOS/list.o
                0x080021de                vListInsertEnd
 .text.vListInsert
                0x08002226       0x72 ./FreeRTOS/list.o
                0x08002226                vListInsert
 .text.uxListRemove
                0x08002298       0x54 ./FreeRTOS/list.o
                0x08002298                uxListRemove
 .text.xQueueGenericReset
                0x080022ec       0xd4 ./FreeRTOS/queue.o
                0x080022ec                xQueueGenericReset
 .text.xQueueGenericCreate
                0x080023c0       0x7a ./FreeRTOS/queue.o
                0x080023c0                xQueueGenericCreate
 .text.prvInitialiseNewQueue
                0x0800243a       0x46 ./FreeRTOS/queue.o
 .text.xQueueGenericSend
                0x08002480      0x204 ./FreeRTOS/queue.o
                0x08002480                xQueueGenericSend
 .text.xQueueGenericSendFromISR
                0x08002684      0x136 ./FreeRTOS/queue.o
                0x08002684                xQueueGenericSendFromISR
 *fill*         0x080027ba        0x2 
 .text.xQueueReceive
                0x080027bc      0x1c4 ./FreeRTOS/queue.o
                0x080027bc                xQueueReceive
 .text.prvCopyDataToQueue
                0x08002980       0xd4 ./FreeRTOS/queue.o
 .text.prvCopyDataFromQueue
                0x08002a54       0x4c ./FreeRTOS/queue.o
 .text.prvUnlockQueue
                0x08002aa0       0xa4 ./FreeRTOS/queue.o
 .text.prvIsQueueEmpty
                0x08002b44       0x2c ./FreeRTOS/queue.o
 .text.prvIsQueueFull
                0x08002b70       0x30 ./FreeRTOS/queue.o
 .text.vQueueAddToRegistry
                0x08002ba0       0x54 ./FreeRTOS/queue.o
                0x08002ba0                vQueueAddToRegistry
 .text.vQueueWaitForMessageRestricted
                0x08002bf4       0x68 ./FreeRTOS/queue.o
                0x08002bf4                vQueueWaitForMessageRestricted
 .text.xTaskCreate
                0x08002c5c       0x82 ./FreeRTOS/tasks.o
                0x08002c5c                xTaskCreate
 .text.prvInitialiseNewTask
                0x08002cde      0x120 ./FreeRTOS/tasks.o
 *fill*         0x08002dfe        0x2 
 .text.prvAddNewTaskToReadyList
                0x08002e00       0xdc ./FreeRTOS/tasks.o
 .text.vTaskDelay
                0x08002edc       0x6c ./FreeRTOS/tasks.o
                0x08002edc                vTaskDelay
 .text.vTaskStartScheduler
                0x08002f48       0x9c ./FreeRTOS/tasks.o
                0x08002f48                vTaskStartScheduler
 .text.vTaskSuspendAll
                0x08002fe4       0x1c ./FreeRTOS/tasks.o
                0x08002fe4                vTaskSuspendAll
 .text.xTaskResumeAll
                0x08003000      0x13c ./FreeRTOS/tasks.o
                0x08003000                xTaskResumeAll
 .text.xTaskGetTickCount
                0x0800313c       0x20 ./FreeRTOS/tasks.o
                0x0800313c                xTaskGetTickCount
 .text.xTaskIncrementTick
                0x0800315c      0x174 ./FreeRTOS/tasks.o
                0x0800315c                xTaskIncrementTick
 .text.vTaskSwitchContext
                0x080032d0       0xb8 ./FreeRTOS/tasks.o
                0x080032d0                vTaskSwitchContext
 .text.vTaskPlaceOnEventList
                0x08003388       0x4c ./FreeRTOS/tasks.o
                0x08003388                vTaskPlaceOnEventList
 .text.vTaskPlaceOnEventListRestricted
                0x080033d4       0x58 ./FreeRTOS/tasks.o
                0x080033d4                vTaskPlaceOnEventListRestricted
 .text.xTaskRemoveFromEventList
                0x0800342c       0xc8 ./FreeRTOS/tasks.o
                0x0800342c                xTaskRemoveFromEventList
 .text.vTaskInternalSetTimeOutState
                0x080034f4       0x2c ./FreeRTOS/tasks.o
                0x080034f4                vTaskInternalSetTimeOutState
 .text.xTaskCheckForTimeOut
                0x08003520       0xc8 ./FreeRTOS/tasks.o
                0x08003520                xTaskCheckForTimeOut
 .text.vTaskMissedYield
                0x080035e8       0x18 ./FreeRTOS/tasks.o
                0x080035e8                vTaskMissedYield
 .text.prvIdleTask
                0x08003600       0x30 ./FreeRTOS/tasks.o
 .text.prvInitialiseTaskLists
                0x08003630       0x80 ./FreeRTOS/tasks.o
 .text.prvCheckTasksWaitingTermination
                0x080036b0       0x5c ./FreeRTOS/tasks.o
 .text.prvDeleteTCB
                0x0800370c       0x20 ./FreeRTOS/tasks.o
 .text.prvResetNextTaskUnblockTime
                0x0800372c       0x40 ./FreeRTOS/tasks.o
 .text.xTaskGetSchedulerState
                0x0800376c       0x3c ./FreeRTOS/tasks.o
                0x0800376c                xTaskGetSchedulerState
 .text.xTaskPriorityDisinherit
                0x080037a8      0x110 ./FreeRTOS/tasks.o
                0x080037a8                xTaskPriorityDisinherit
 .text.prvAddCurrentTaskToDelayedList
                0x080038b8       0xcc ./FreeRTOS/tasks.o
 .text.xTimerCreateTimerTask
                0x08003984       0x68 ./FreeRTOS/timers.o
                0x08003984                xTimerCreateTimerTask
 .text.xTimerGenericCommand
                0x080039ec       0x9c ./FreeRTOS/timers.o
                0x080039ec                xTimerGenericCommand
 .text.prvProcessExpiredTimer
                0x08003a88       0x9c ./FreeRTOS/timers.o
 .text.prvTimerTask
                0x08003b24       0x26 ./FreeRTOS/timers.o
 *fill*         0x08003b4a        0x2 
 .text.prvProcessTimerOrBlockTask
                0x08003b4c       0x9c ./FreeRTOS/timers.o
 .text.prvGetNextExpireTime
                0x08003be8       0x48 ./FreeRTOS/timers.o
 .text.prvSampleTimeNow
                0x08003c30       0x40 ./FreeRTOS/timers.o
 .text.prvInsertTimerInActiveList
                0x08003c70       0x84 ./FreeRTOS/timers.o
 .text.prvProcessReceivedCommands
                0x08003cf4      0x194 ./FreeRTOS/timers.o
 .text.prvSwitchTimerLists
                0x08003e88       0xcc ./FreeRTOS/timers.o
 .text.prvCheckForValidListAndQueue
                0x08003f54       0x6c ./FreeRTOS/timers.o
 .text.pxPortInitialiseStack
                0x08003fc0       0x68 ./FreeRTOS/portable/ARM_CM4F/port.o
                0x08003fc0                pxPortInitialiseStack
 .text.prvTaskExitError
                0x08004028       0x5c ./FreeRTOS/portable/ARM_CM4F/port.o
 *fill*         0x08004084        0xc 
 .text.SVC_Handler
                0x08004090       0x28 ./FreeRTOS/portable/ARM_CM4F/port.o
                0x08004090                SVC_Handler
 .text.prvPortStartFirstTask
                0x080040b8       0x28 ./FreeRTOS/portable/ARM_CM4F/port.o
 .text.xPortStartScheduler
                0x080040e0      0x148 ./FreeRTOS/portable/ARM_CM4F/port.o
                0x080040e0                xPortStartScheduler
 .text.vPortEnterCritical
                0x08004228       0x64 ./FreeRTOS/portable/ARM_CM4F/port.o
                0x08004228                vPortEnterCritical
 .text.vPortExitCritical
                0x0800428c       0x54 ./FreeRTOS/portable/ARM_CM4F/port.o
                0x0800428c                vPortExitCritical
 .text.PendSV_Handler
                0x080042e0       0x68 ./FreeRTOS/portable/ARM_CM4F/port.o
                0x080042e0                PendSV_Handler
 .text.SysTick_Handler
                0x08004348       0x44 ./FreeRTOS/portable/ARM_CM4F/port.o
                0x08004348                SysTick_Handler
 .text.vPortSetupTimerInterrupt
                0x0800438c       0x48 ./FreeRTOS/portable/ARM_CM4F/port.o
                0x0800438c                vPortSetupTimerInterrupt
 .text.vPortEnableVFP
                0x080043d4       0x14 ./FreeRTOS/portable/ARM_CM4F/port.o
 .text.vPortValidateInterruptPriority
                0x080043e8       0x84 ./FreeRTOS/portable/ARM_CM4F/port.o
                0x080043e8                vPortValidateInterruptPriority
 .text.pvPortMalloc
                0x0800446c      0x190 ./FreeRTOS/portable/MemMang/heap_4.o
                0x0800446c                pvPortMalloc
 .text.vPortFree
                0x080045fc       0xb8 ./FreeRTOS/portable/MemMang/heap_4.o
                0x080045fc                vPortFree
 .text.prvHeapInit
                0x080046b4       0xc4 ./FreeRTOS/portable/MemMang/heap_4.o
 .text.prvInsertBlockIntoFreeList
                0x08004778       0xb4 ./FreeRTOS/portable/MemMang/heap_4.o
 .text.memset   0x0800482c       0x10 C:/ST/STM32CubeIDE_1.17.0/STM32CubeIDE/plugins/com.st.stm32cube.ide.mcu.externaltools.gnu-tools-for-stm32.13.3.rel1.win32_1.0.0.202411081344/tools/bin/../lib/gcc/arm-none-eabi/13.3.1/../../../../arm-none-eabi/lib/thumb/v7e-m+fp/hard\libc_nano.a(libc_a-memset.o)
                0x0800482c                memset
 .text.__libc_init_array
                0x0800483c       0x48 C:/ST/STM32CubeIDE_1.17.0/STM32CubeIDE/plugins/com.st.stm32cube.ide.mcu.externaltools.gnu-tools-for-stm32.13.3.rel1.win32_1.0.0.202411081344/tools/bin/../lib/gcc/arm-none-eabi/13.3.1/../../../../arm-none-eabi/lib/thumb/v7e-m+fp/hard\libc_nano.a(libc_a-init.o)
                0x0800483c                __libc_init_array
 .text.memcpy   0x08004884       0x1c C:/ST/STM32CubeIDE_1.17.0/STM32CubeIDE/plugins/com.st.stm32cube.ide.mcu.externaltools.gnu-tools-for-stm32.13.3.rel1.win32_1.0.0.202411081344/tools/bin/../lib/gcc/arm-none-eabi/13.3.1/../../../../arm-none-eabi/lib/thumb/v7e-m+fp/hard\libc_nano.a(libc_a-memcpy-stub.o)
                0x08004884                memcpy
 *(.glue_7)
 .glue_7        0x080048a0        0x0 linker stubs
 *(.glue_7t)
 .glue_7t       0x080048a0        0x0 linker stubs
 *(.eh_frame)
 .eh_frame      0x080048a0        0x0 C:/ST/STM32CubeIDE_1.17.0/STM32CubeIDE/plugins/com.st.stm32cube.ide.mcu.externaltools.gnu-tools-for-stm32.13.3.rel1.win32_1.0.0.202411081344/tools/bin/../lib/gcc/arm-none-eabi/13.3.1/thumb/v7e-m+fp/hard/crtbegin.o
 *(.init)
 .init          0x080048a0        0x4 C:/ST/STM32CubeIDE_1.17.0/STM32CubeIDE/plugins/com.st.stm32cube.ide.mcu.externaltools.gnu-tools-for-stm32.13.3.rel1.win32_1.0.0.202411081344/tools/bin/../lib/gcc/arm-none-eabi/13.3.1/thumb/v7e-m+fp/hard/crti.o
                0x080048a0                _init
 .init          0x080048a4        0x8 C:/ST/STM32CubeIDE_1.17.0/STM32CubeIDE/plugins/com.st.stm32cube.ide.mcu.externaltools.gnu-tools-for-stm32.13.3.rel1.win32_1.0.0.202411081344/tools/bin/../lib/gcc/arm-none-eabi/13.3.1/thumb/v7e-m+fp/hard/crtn.o
 *(.fini)
 .fini          0x080048ac        0x4 C:/ST/STM32CubeIDE_1.17.0/STM32CubeIDE/plugins/com.st.stm32cube.ide.mcu.externaltools.gnu-tools-for-stm32.13.3.rel1.win32_1.0.0.202411081344/tools/bin/../lib/gcc/arm-none-eabi/13.3.1/thumb/v7e-m+fp/hard/crti.o
                0x080048ac                _fini
 .fini          0x080048b0        0x8 C:/ST/STM32CubeIDE_1.17.0/STM32CubeIDE/plugins/com.st.stm32cube.ide.mcu.externaltools.gnu-tools-for-stm32.13.3.rel1.win32_1.0.0.202411081344/tools/bin/../lib/gcc/arm-none-eabi/13.3.1/thumb/v7e-m+fp/hard/crtn.o
                0x080048b8                        . = ALIGN (0x4)
                0x080048b8                        _etext = .

.vfp11_veneer   0x080048b8        0x0
 .vfp11_veneer  0x080048b8        0x0 linker stubs

.v4_bx          0x080048b8        0x0
 .v4_bx         0x080048b8        0x0 linker stubs

.iplt           0x080048b8        0x0
 .iplt          0x080048b8        0x0 C:/ST/STM32CubeIDE_1.17.0/STM32CubeIDE/plugins/com.st.stm32cube.ide.mcu.externaltools.gnu-tools-for-stm32.13.3.rel1.win32_1.0.0.202411081344/tools/bin/../lib/gcc/arm-none-eabi/13.3.1/thumb/v7e-m+fp/hard/crtbegin.o

.rodata         0x080048b8       0x50
                0x080048b8                        . = ALIGN (0x4)
 *(.rodata)
 .rodata        0x080048b8       0x20 ./Core/Src/main.o
 .rodata        0x080048d8        0x5 ./FreeRTOS/tasks.o
 *fill*         0x080048dd        0x3 
 .rodata        0x080048e0        0xd ./FreeRTOS/timers.o
 *(.rodata*)
 *fill*         0x080048ed        0x3 
 .rodata.AHBPrescTable
                0x080048f0       0x10 ./Core/Src/system_stm32f4xx.o
                0x080048f0                AHBPrescTable
 .rodata.APBPrescTable
                0x08004900        0x8 ./Core/Src/system_stm32f4xx.o
                0x08004900                APBPrescTable
                0x08004908                        . = ALIGN (0x4)

.ARM.extab      0x08004908        0x0
                0x08004908                        . = ALIGN (0x4)
 *(.ARM.extab* .gnu.linkonce.armextab.*)
                0x08004908                        . = ALIGN (0x4)

.ARM            0x08004908        0x8
                0x08004908                        . = ALIGN (0x4)
                0x08004908                        __exidx_start = .
 *(.ARM.exidx*)
 .ARM.exidx     0x08004908        0x8 C:/ST/STM32CubeIDE_1.17.0/STM32CubeIDE/plugins/com.st.stm32cube.ide.mcu.externaltools.gnu-tools-for-stm32.13.3.rel1.win32_1.0.0.202411081344/tools/bin/../lib/gcc/arm-none-eabi/13.3.1/thumb/v7e-m+fp/hard\libgcc.a(_udivmoddi4.o)
                0x08004910                        __exidx_end = .
                0x08004910                        . = ALIGN (0x4)

.preinit_array  0x08004910        0x0
                0x08004910                        . = ALIGN (0x4)
                0x08004910                        PROVIDE (__preinit_array_start = .)
 *(.preinit_array*)
                0x08004910                        PROVIDE (__preinit_array_end = .)
                0x08004910                        . = ALIGN (0x4)

.init_array     0x08004910        0x4
                0x08004910                        . = ALIGN (0x4)
                0x08004910                        PROVIDE (__init_array_start = .)
 *(SORT_BY_NAME(.init_array.*))
 *(.init_array*)
 .init_array    0x08004910        0x4 C:/ST/STM32CubeIDE_1.17.0/STM32CubeIDE/plugins/com.st.stm32cube.ide.mcu.externaltools.gnu-tools-for-stm32.13.3.rel1.win32_1.0.0.202411081344/tools/bin/../lib/gcc/arm-none-eabi/13.3.1/thumb/v7e-m+fp/hard/crtbegin.o
                0x08004914                        PROVIDE (__init_array_end = .)
                0x08004914                        . = ALIGN (0x4)

.fini_array     0x08004914        0x4
                0x08004914                        . = ALIGN (0x4)
                [!provide]                        PROVIDE (__fini_array_start = .)
 *(SORT_BY_NAME(.fini_array.*))
 *(.fini_array*)
 .fini_array    0x08004914        0x4 C:/ST/STM32CubeIDE_1.17.0/STM32CubeIDE/plugins/com.st.stm32cube.ide.mcu.externaltools.gnu-tools-for-stm32.13.3.rel1.win32_1.0.0.202411081344/tools/bin/../lib/gcc/arm-none-eabi/13.3.1/thumb/v7e-m+fp/hard/crtbegin.o
                [!provide]                        PROVIDE (__fini_array_end = .)
                0x08004918                        . = ALIGN (0x4)
                0x08004918                        _sidata = LOADADDR (.data)

.rel.dyn        0x08004918        0x0
 .rel.iplt      0x08004918        0x0 C:/ST/STM32CubeIDE_1.17.0/STM32CubeIDE/plugins/com.st.stm32cube.ide.mcu.externaltools.gnu-tools-for-stm32.13.3.rel1.win32_1.0.0.202411081344/tools/bin/../lib/gcc/arm-none-eabi/13.3.1/thumb/v7e-m+fp/hard/crtbegin.o

.data           0x20000000       0x10 load address 0x08004918
                0x20000000                        . = ALIGN (0x4)
                0x20000000                        _sdata = .
 *(.data)
 *(.data*)
 .data.SystemCoreClock
                0x20000000        0x4 ./Core/Src/system_stm32f4xx.o
                0x20000000                SystemCoreClock
 .data.uwTickPrio
                0x20000004        0x4 ./Drivers/STM32F4xx_HAL_Driver/Src/stm32f4xx_hal.o
                0x20000004                uwTickPrio
 .data.uwTickFreq
                0x20000008        0x1 ./Drivers/STM32F4xx_HAL_Driver/Src/stm32f4xx_hal.o
                0x20000008                uwTickFreq
 *fill*         0x20000009        0x3 
 .data.uxCriticalNesting
                0x2000000c        0x4 ./FreeRTOS/portable/ARM_CM4F/port.o
 *(.RamFunc)
 *(.RamFunc*)
                0x20000010                        . = ALIGN (0x4)
                0x20000010                        _edata = .
                0x08004928                        _siccmram = LOADADDR (.ccmram)

.igot.plt       0x20000010        0x0 load address 0x08004928
 .igot.plt      0x20000010        0x0 C:/ST/STM32CubeIDE_1.17.0/STM32CubeIDE/plugins/com.st.stm32cube.ide.mcu.externaltools.gnu-tools-for-stm32.13.3.rel1.win32_1.0.0.202411081344/tools/bin/../lib/gcc/arm-none-eabi/13.3.1/thumb/v7e-m+fp/hard/crtbegin.o

.ccmram         0x10000000        0x0 load address 0x08004928
                0x10000000                        . = ALIGN (0x4)
                0x10000000                        _sccmram = .
 *(.ccmram)
 *(.ccmram*)
                0x10000000                        . = ALIGN (0x4)
                0x10000000                        _eccmram = .
                0x10000000                        . = ALIGN (0x4)

.bss            0x20000010    0x12e0c
                0x20000010                        _sbss = .
                0x20000010                        __bss_start__ = _sbss
 *(.bss)
 .bss           0x20000010       0x1c C:/ST/STM32CubeIDE_1.17.0/STM32CubeIDE/plugins/com.st.stm32cube.ide.mcu.externaltools.gnu-tools-for-stm32.13.3.rel1.win32_1.0.0.202411081344/tools/bin/../lib/gcc/arm-none-eabi/13.3.1/thumb/v7e-m+fp/hard/crtbegin.o
 *(.bss*)
 .bss.MsgQueue  0x2000002c        0x4 ./Core/Src/main.o
                0x2000002c                MsgQueue
 .bss.htim7     0x20000030       0x48 ./Core/Src/stm32f4xx_hal_timebase_tim.o
                0x20000030                htim7
 .bss.uwTick    0x20000078        0x4 ./Drivers/STM32F4xx_HAL_Driver/Src/stm32f4xx_hal.o
                0x20000078                uwTick
 .bss.xQueueRegistry
                0x2000007c       0x40 ./FreeRTOS/queue.o
                0x2000007c                xQueueRegistry
 .bss.pxCurrentTCB
                0x200000bc        0x4 ./FreeRTOS/tasks.o
                0x200000bc                pxCurrentTCB
 .bss.pxReadyTasksLists
                0x200000c0       0x64 ./FreeRTOS/tasks.o
 .bss.xDelayedTaskList1
                0x20000124       0x14 ./FreeRTOS/tasks.o
 .bss.xDelayedTaskList2
                0x20000138       0x14 ./FreeRTOS/tasks.o
 .bss.pxDelayedTaskList
                0x2000014c        0x4 ./FreeRTOS/tasks.o
 .bss.pxOverflowDelayedTaskList
                0x20000150        0x4 ./FreeRTOS/tasks.o
 .bss.xPendingReadyList
                0x20000154       0x14 ./FreeRTOS/tasks.o
 .bss.xTasksWaitingTermination
                0x20000168       0x14 ./FreeRTOS/tasks.o
 .bss.uxDeletedTasksWaitingCleanUp
                0x2000017c        0x4 ./FreeRTOS/tasks.o
 .bss.xSuspendedTaskList
                0x20000180       0x14 ./FreeRTOS/tasks.o
 .bss.uxCurrentNumberOfTasks
                0x20000194        0x4 ./FreeRTOS/tasks.o
 .bss.xTickCount
                0x20000198        0x4 ./FreeRTOS/tasks.o
 .bss.uxTopReadyPriority
                0x2000019c        0x4 ./FreeRTOS/tasks.o
 .bss.xSchedulerRunning
                0x200001a0        0x4 ./FreeRTOS/tasks.o
 .bss.uxPendedTicks
                0x200001a4        0x4 ./FreeRTOS/tasks.o
 .bss.xYieldPending
                0x200001a8        0x4 ./FreeRTOS/tasks.o
 .bss.xNumOfOverflows
                0x200001ac        0x4 ./FreeRTOS/tasks.o
 .bss.uxTaskNumber
                0x200001b0        0x4 ./FreeRTOS/tasks.o
 .bss.xNextTaskUnblockTime
                0x200001b4        0x4 ./FreeRTOS/tasks.o
 .bss.xIdleTaskHandle
                0x200001b8        0x4 ./FreeRTOS/tasks.o
 .bss.uxSchedulerSuspended
                0x200001bc        0x4 ./FreeRTOS/tasks.o
 .bss.xActiveTimerList1
                0x200001c0       0x14 ./FreeRTOS/timers.o
 .bss.xActiveTimerList2
                0x200001d4       0x14 ./FreeRTOS/timers.o
 .bss.pxCurrentTimerList
                0x200001e8        0x4 ./FreeRTOS/timers.o
 .bss.pxOverflowTimerList
                0x200001ec        0x4 ./FreeRTOS/timers.o
 .bss.xTimerQueue
                0x200001f0        0x4 ./FreeRTOS/timers.o
 .bss.xTimerTaskHandle
                0x200001f4        0x4 ./FreeRTOS/timers.o
 .bss.xLastTime.0
                0x200001f8        0x4 ./FreeRTOS/timers.o
 .bss.ucMaxSysCallPriority
                0x200001fc        0x1 ./FreeRTOS/portable/ARM_CM4F/port.o
 *fill*         0x200001fd        0x3 
 .bss.ulMaxPRIGROUPValue
                0x20000200        0x4 ./FreeRTOS/portable/ARM_CM4F/port.o
 .bss.ucHeap    0x20000204    0x12c00 ./FreeRTOS/portable/MemMang/heap_4.o
 .bss.xStart    0x20012e04        0x8 ./FreeRTOS/portable/MemMang/heap_4.o
 .bss.pxEnd     0x20012e0c        0x4 ./FreeRTOS/portable/MemMang/heap_4.o
 .bss.xFreeBytesRemaining
                0x20012e10        0x4 ./FreeRTOS/portable/MemMang/heap_4.o
 .bss.xMinimumEverFreeBytesRemaining
                0x20012e14        0x4 ./FreeRTOS/portable/MemMang/heap_4.o
 .bss.xBlockAllocatedBit
                0x20012e18        0x4 ./FreeRTOS/portable/MemMang/heap_4.o
 *(COMMON)
                0x20012e1c                        . = ALIGN (0x4)
                0x20012e1c                        _ebss = .
                0x20012e1c                        __bss_end__ = _ebss

._user_heap_stack
                0x20012e1c      0x604
                0x20012e20                        . = ALIGN (0x8)
 *fill*         0x20012e1c        0x4 
                [!provide]                        PROVIDE (end = .)
                0x20012e20                        PROVIDE (_end = .)
                0x20013020                        . = (. + _Min_Heap_Size)
 *fill*         0x20012e20      0x200 
                0x20013420                        . = (. + _Min_Stack_Size)
 *fill*         0x20013020      0x400 
                0x20013420                        . = ALIGN (0x8)

/DISCARD/
 libc.a(*)
 libm.a(*)
 libgcc.a(*)

.ARM.attributes
                0x00000000       0x30
 *(.ARM.attributes)
 .ARM.attributes
                0x00000000       0x22 C:/ST/STM32CubeIDE_1.17.0/STM32CubeIDE/plugins/com.st.stm32cube.ide.mcu.externaltools.gnu-tools-for-stm32.13.3.rel1.win32_1.0.0.202411081344/tools/bin/../lib/gcc/arm-none-eabi/13.3.1/thumb/v7e-m+fp/hard/crti.o
 .ARM.attributes
                0x00000022       0x34 C:/ST/STM32CubeIDE_1.17.0/STM32CubeIDE/plugins/com.st.stm32cube.ide.mcu.externaltools.gnu-tools-for-stm32.13.3.rel1.win32_1.0.0.202411081344/tools/bin/../lib/gcc/arm-none-eabi/13.3.1/thumb/v7e-m+fp/hard/crtbegin.o
 .ARM.attributes
                0x00000056       0x34 ./Core/Src/main.o
 .ARM.attributes
                0x0000008a       0x34 ./Core/Src/stm32f4xx_hal_msp.o
 .ARM.attributes
                0x000000be       0x34 ./Core/Src/stm32f4xx_hal_timebase_tim.o
 .ARM.attributes
                0x000000f2       0x34 ./Core/Src/stm32f4xx_it.o
 .ARM.attributes
                0x00000126       0x34 ./Core/Src/system_stm32f4xx.o
 .ARM.attributes
                0x0000015a       0x21 ./Core/Startup/startup_stm32f407vgtx.o
 .ARM.attributes
                0x0000017b       0x34 ./Drivers/STM32F4xx_HAL_Driver/Src/stm32f4xx_hal.o
 .ARM.attributes
                0x000001af       0x34 ./Drivers/STM32F4xx_HAL_Driver/Src/stm32f4xx_hal_cortex.o
 .ARM.attributes
                0x000001e3       0x34 ./Drivers/STM32F4xx_HAL_Driver/Src/stm32f4xx_hal_gpio.o
 .ARM.attributes
                0x00000217       0x34 ./Drivers/STM32F4xx_HAL_Driver/Src/stm32f4xx_hal_rcc.o
 .ARM.attributes
                0x0000024b       0x34 ./Drivers/STM32F4xx_HAL_Driver/Src/stm32f4xx_hal_tim.o
 .ARM.attributes
                0x0000027f       0x34 ./Drivers/STM32F4xx_HAL_Driver/Src/stm32f4xx_hal_tim_ex.o
 .ARM.attributes
                0x000002b3       0x34 ./FreeRTOS/list.o
 .ARM.attributes
                0x000002e7       0x34 ./FreeRTOS/queue.o
 .ARM.attributes
                0x0000031b       0x34 ./FreeRTOS/tasks.o
 .ARM.attributes
                0x0000034f       0x34 ./FreeRTOS/timers.o
 .ARM.attributes
                0x00000383       0x34 ./FreeRTOS/portable/ARM_CM4F/port.o
 .ARM.attributes
                0x000003b7       0x34 ./FreeRTOS/portable/MemMang/heap_4.o
 .ARM.attributes
                0x000003eb       0x34 C:/ST/STM32CubeIDE_1.17.0/STM32CubeIDE/plugins/com.st.stm32cube.ide.mcu.externaltools.gnu-tools-for-stm32.13.3.rel1.win32_1.0.0.202411081344/tools/bin/../lib/gcc/arm-none-eabi/13.3.1/../../../../arm-none-eabi/lib/thumb/v7e-m+fp/hard\libc_nano.a(libc_a-memset.o)
 .ARM.attributes
                0x0000041f       0x34 C:/ST/STM32CubeIDE_1.17.0/STM32CubeIDE/plugins/com.st.stm32cube.ide.mcu.externaltools.gnu-tools-for-stm32.13.3.rel1.win32_1.0.0.202411081344/tools/bin/../lib/gcc/arm-none-eabi/13.3.1/../../../../arm-none-eabi/lib/thumb/v7e-m+fp/hard\libc_nano.a(libc_a-init.o)
 .ARM.attributes
                0x00000453       0x34 C:/ST/STM32CubeIDE_1.17.0/STM32CubeIDE/plugins/com.st.stm32cube.ide.mcu.externaltools.gnu-tools-for-stm32.13.3.rel1.win32_1.0.0.202411081344/tools/bin/../lib/gcc/arm-none-eabi/13.3.1/../../../../arm-none-eabi/lib/thumb/v7e-m+fp/hard\libc_nano.a(libc_a-memcpy-stub.o)
 .ARM.attributes
                0x00000487       0x22 C:/ST/STM32CubeIDE_1.17.0/STM32CubeIDE/plugins/com.st.stm32cube.ide.mcu.externaltools.gnu-tools-for-stm32.13.3.rel1.win32_1.0.0.202411081344/tools/bin/../lib/gcc/arm-none-eabi/13.3.1/thumb/v7e-m+fp/hard\libgcc.a(_aeabi_uldivmod.o)
 .ARM.attributes
                0x000004a9       0x34 C:/ST/STM32CubeIDE_1.17.0/STM32CubeIDE/plugins/com.st.stm32cube.ide.mcu.externaltools.gnu-tools-for-stm32.13.3.rel1.win32_1.0.0.202411081344/tools/bin/../lib/gcc/arm-none-eabi/13.3.1/thumb/v7e-m+fp/hard\libgcc.a(_udivmoddi4.o)
 .ARM.attributes
                0x000004dd       0x22 C:/ST/STM32CubeIDE_1.17.0/STM32CubeIDE/plugins/com.st.stm32cube.ide.mcu.externaltools.gnu-tools-for-stm32.13.3.rel1.win32_1.0.0.202411081344/tools/bin/../lib/gcc/arm-none-eabi/13.3.1/thumb/v7e-m+fp/hard\libgcc.a(_dvmd_tls.o)
 .ARM.attributes
                0x000004ff       0x22 C:/ST/STM32CubeIDE_1.17.0/STM32CubeIDE/plugins/com.st.stm32cube.ide.mcu.externaltools.gnu-tools-for-stm32.13.3.rel1.win32_1.0.0.202411081344/tools/bin/../lib/gcc/arm-none-eabi/13.3.1/thumb/v7e-m+fp/hard/crtn.o
OUTPUT(lab_1_new.elf elf32-littlearm)
LOAD linker stubs
LOAD C:/ST/STM32CubeIDE_1.17.0/STM32CubeIDE/plugins/com.st.stm32cube.ide.mcu.externaltools.gnu-tools-for-stm32.13.3.rel1.win32_1.0.0.202411081344/tools/bin/../lib/gcc/arm-none-eabi/13.3.1/../../../../arm-none-eabi/lib/thumb/v7e-m+fp/hard\libc.a
LOAD C:/ST/STM32CubeIDE_1.17.0/STM32CubeIDE/plugins/com.st.stm32cube.ide.mcu.externaltools.gnu-tools-for-stm32.13.3.rel1.win32_1.0.0.202411081344/tools/bin/../lib/gcc/arm-none-eabi/13.3.1/../../../../arm-none-eabi/lib/thumb/v7e-m+fp/hard\libm.a
LOAD C:/ST/STM32CubeIDE_1.17.0/STM32CubeIDE/plugins/com.st.stm32cube.ide.mcu.externaltools.gnu-tools-for-stm32.13.3.rel1.win32_1.0.0.202411081344/tools/bin/../lib/gcc/arm-none-eabi/13.3.1/thumb/v7e-m+fp/hard\libgcc.a

.debug_info     0x00000000     0xdcf3
 .debug_info    0x00000000      0xf28 ./Core/Src/main.o
 .debug_info    0x00000f28      0x269 ./Core/Src/stm32f4xx_hal_msp.o
 .debug_info    0x00001191      0xbee ./Core/Src/stm32f4xx_hal_timebase_tim.o
 .debug_info    0x00001d7f      0x6ab ./Core/Src/stm32f4xx_it.o
 .debug_info    0x0000242a      0x512 ./Core/Src/system_stm32f4xx.o
 .debug_info    0x0000293c       0x30 ./Core/Startup/startup_stm32f407vgtx.o
 .debug_info    0x0000296c      0x944 ./Drivers/STM32F4xx_HAL_Driver/Src/stm32f4xx_hal.o
 .debug_info    0x000032b0      0xd8c ./Drivers/STM32F4xx_HAL_Driver/Src/stm32f4xx_hal_cortex.o
 .debug_info    0x0000403c      0x6c3 ./Drivers/STM32F4xx_HAL_Driver/Src/stm32f4xx_hal_gpio.o
 .debug_info    0x000046ff      0x8af ./Drivers/STM32F4xx_HAL_Driver/Src/stm32f4xx_hal_rcc.o
 .debug_info    0x00004fae     0x299d ./Drivers/STM32F4xx_HAL_Driver/Src/stm32f4xx_hal_tim.o
 .debug_info    0x0000794b     0x14db ./Drivers/STM32F4xx_HAL_Driver/Src/stm32f4xx_hal_tim_ex.o
 .debug_info    0x00008e26      0x2af ./FreeRTOS/list.o
 .debug_info    0x000090d5     0x1740 ./FreeRTOS/queue.o
 .debug_info    0x0000a815     0x1e4f ./FreeRTOS/tasks.o
 .debug_info    0x0000c664      0xdec ./FreeRTOS/timers.o
 .debug_info    0x0000d450      0x4de ./FreeRTOS/portable/ARM_CM4F/port.o
 .debug_info    0x0000d92e      0x3c5 ./FreeRTOS/portable/MemMang/heap_4.o

.debug_abbrev   0x00000000     0x2638
 .debug_abbrev  0x00000000      0x2f6 ./Core/Src/main.o
 .debug_abbrev  0x000002f6       0xd8 ./Core/Src/stm32f4xx_hal_msp.o
 .debug_abbrev  0x000003ce      0x1f4 ./Core/Src/stm32f4xx_hal_timebase_tim.o
 .debug_abbrev  0x000005c2      0x17d ./Core/Src/stm32f4xx_it.o
 .debug_abbrev  0x0000073f      0x11a ./Core/Src/system_stm32f4xx.o
 .debug_abbrev  0x00000859       0x24 ./Core/Startup/startup_stm32f407vgtx.o
 .debug_abbrev  0x0000087d      0x214 ./Drivers/STM32F4xx_HAL_Driver/Src/stm32f4xx_hal.o
 .debug_abbrev  0x00000a91      0x31d ./Drivers/STM32F4xx_HAL_Driver/Src/stm32f4xx_hal_cortex.o
 .debug_abbrev  0x00000dae      0x1d4 ./Drivers/STM32F4xx_HAL_Driver/Src/stm32f4xx_hal_gpio.o
 .debug_abbrev  0x00000f82      0x2b7 ./Drivers/STM32F4xx_HAL_Driver/Src/stm32f4xx_hal_rcc.o
 .debug_abbrev  0x00001239      0x278 ./Drivers/STM32F4xx_HAL_Driver/Src/stm32f4xx_hal_tim.o
 .debug_abbrev  0x000014b1      0x283 ./Drivers/STM32F4xx_HAL_Driver/Src/stm32f4xx_hal_tim_ex.o
 .debug_abbrev  0x00001734       0xf5 ./FreeRTOS/list.o
 .debug_abbrev  0x00001829      0x352 ./FreeRTOS/queue.o
 .debug_abbrev  0x00001b7b      0x37e ./FreeRTOS/tasks.o
 .debug_abbrev  0x00001ef9      0x2de ./FreeRTOS/timers.o
 .debug_abbrev  0x000021d7      0x25c ./FreeRTOS/portable/ARM_CM4F/port.o
 .debug_abbrev  0x00002433      0x205 ./FreeRTOS/portable/MemMang/heap_4.o

.debug_aranges  0x00000000      0xe70
 .debug_aranges
                0x00000000       0x50 ./Core/Src/main.o
 .debug_aranges
                0x00000050       0x20 ./Core/Src/stm32f4xx_hal_msp.o
 .debug_aranges
                0x00000070       0x30 ./Core/Src/stm32f4xx_hal_timebase_tim.o
 .debug_aranges
                0x000000a0       0x50 ./Core/Src/stm32f4xx_it.o
 .debug_aranges
                0x000000f0       0x28 ./Core/Src/system_stm32f4xx.o
 .debug_aranges
                0x00000118       0x28 ./Core/Startup/startup_stm32f407vgtx.o
 .debug_aranges
                0x00000140       0xf0 ./Drivers/STM32F4xx_HAL_Driver/Src/stm32f4xx_hal.o
 .debug_aranges
                0x00000230      0x130 ./Drivers/STM32F4xx_HAL_Driver/Src/stm32f4xx_hal_cortex.o
 .debug_aranges
                0x00000360       0x58 ./Drivers/STM32F4xx_HAL_Driver/Src/stm32f4xx_hal_gpio.o
 .debug_aranges
                0x000003b8       0x88 ./Drivers/STM32F4xx_HAL_Driver/Src/stm32f4xx_hal_rcc.o
 .debug_aranges
                0x00000440      0x3d0 ./Drivers/STM32F4xx_HAL_Driver/Src/stm32f4xx_hal_tim.o
 .debug_aranges
                0x00000810      0x168 ./Drivers/STM32F4xx_HAL_Driver/Src/stm32f4xx_hal_tim_ex.o
 .debug_aranges
                0x00000978       0x40 ./FreeRTOS/list.o
 .debug_aranges
                0x000009b8      0x130 ./FreeRTOS/queue.o
 .debug_aranges
                0x00000ae8      0x1e8 ./FreeRTOS/tasks.o
 .debug_aranges
                0x00000cd0       0xd0 ./FreeRTOS/timers.o
 .debug_aranges
                0x00000da0       0x80 ./FreeRTOS/portable/ARM_CM4F/port.o
 .debug_aranges
                0x00000e20       0x50 ./FreeRTOS/portable/MemMang/heap_4.o

.debug_rnglists
                0x00000000      0xb1b
 .debug_rnglists
                0x00000000       0x3a ./Core/Src/main.o
 .debug_rnglists
                0x0000003a       0x13 ./Core/Src/stm32f4xx_hal_msp.o
 .debug_rnglists
                0x0000004d       0x20 ./Core/Src/stm32f4xx_hal_timebase_tim.o
 .debug_rnglists
                0x0000006d       0x37 ./Core/Src/stm32f4xx_it.o
 .debug_rnglists
                0x000000a4       0x1a ./Core/Src/system_stm32f4xx.o
 .debug_rnglists
                0x000000be       0x19 ./Core/Startup/startup_stm32f407vgtx.o
 .debug_rnglists
                0x000000d7       0xaf ./Drivers/STM32F4xx_HAL_Driver/Src/stm32f4xx_hal.o
 .debug_rnglists
                0x00000186       0xe0 ./Drivers/STM32F4xx_HAL_Driver/Src/stm32f4xx_hal_cortex.o
 .debug_rnglists
                0x00000266       0x3f ./Drivers/STM32F4xx_HAL_Driver/Src/stm32f4xx_hal_gpio.o
 .debug_rnglists
                0x000002a5       0x66 ./Drivers/STM32F4xx_HAL_Driver/Src/stm32f4xx_hal_rcc.o
 .debug_rnglists
                0x0000030b      0x31a ./Drivers/STM32F4xx_HAL_Driver/Src/stm32f4xx_hal_tim.o
 .debug_rnglists
                0x00000625      0x125 ./Drivers/STM32F4xx_HAL_Driver/Src/stm32f4xx_hal_tim_ex.o
 .debug_rnglists
                0x0000074a       0x2b ./FreeRTOS/list.o
 .debug_rnglists
                0x00000775       0xea ./FreeRTOS/queue.o
 .debug_rnglists
                0x0000085f      0x187 ./FreeRTOS/tasks.o
 .debug_rnglists
                0x000009e6       0x9d ./FreeRTOS/timers.o
 .debug_rnglists
                0x00000a83       0x5d ./FreeRTOS/portable/ARM_CM4F/port.o
 .debug_rnglists
                0x00000ae0       0x3b ./FreeRTOS/portable/MemMang/heap_4.o

.debug_macro    0x00000000    0x2158c
 .debug_macro   0x00000000      0x24e ./Core/Src/main.o
 .debug_macro   0x0000024e      0xad8 ./Core/Src/main.o
 .debug_macro   0x00000d26      0x295 ./Core/Src/main.o
 .debug_macro   0x00000fbb       0x2e ./Core/Src/main.o
 .debug_macro   0x00000fe9       0x2f ./Core/Src/main.o
 .debug_macro   0x00001018       0x22 ./Core/Src/main.o
 .debug_macro   0x0000103a       0x8e ./Core/Src/main.o
 .debug_macro   0x000010c8       0x51 ./Core/Src/main.o
 .debug_macro   0x00001119      0x103 ./Core/Src/main.o
 .debug_macro   0x0000121c       0x6a ./Core/Src/main.o
 .debug_macro   0x00001286      0x1df ./Core/Src/main.o
 .debug_macro   0x00001465       0x1c ./Core/Src/main.o
 .debug_macro   0x00001481       0x22 ./Core/Src/main.o
 .debug_macro   0x000014a3       0xfb ./Core/Src/main.o
 .debug_macro   0x0000159e     0x1011 ./Core/Src/main.o
 .debug_macro   0x000025af      0x11f ./Core/Src/main.o
 .debug_macro   0x000026ce    0x15e97 ./Core/Src/main.o
 .debug_macro   0x00018565       0x6d ./Core/Src/main.o
 .debug_macro   0x000185d2     0x369a ./Core/Src/main.o
 .debug_macro   0x0001bc6c      0x190 ./Core/Src/main.o
 .debug_macro   0x0001bdfc       0x5c ./Core/Src/main.o
 .debug_macro   0x0001be58      0x980 ./Core/Src/main.o
 .debug_macro   0x0001c7d8      0x9e9 ./Core/Src/main.o
 .debug_macro   0x0001d1c1      0x115 ./Core/Src/main.o
 .debug_macro   0x0001d2d6      0x13e ./Core/Src/main.o
 .debug_macro   0x0001d414       0xa5 ./Core/Src/main.o
 .debug_macro   0x0001d4b9      0x174 ./Core/Src/main.o
 .debug_macro   0x0001d62d      0x287 ./Core/Src/main.o
 .debug_macro   0x0001d8b4       0x5f ./Core/Src/main.o
 .debug_macro   0x0001d913      0x236 ./Core/Src/main.o
 .debug_macro   0x0001db49      0x12c ./Core/Src/main.o
 .debug_macro   0x0001dc75      0x21e ./Core/Src/main.o
 .debug_macro   0x0001de93       0x2e ./Core/Src/main.o
 .debug_macro   0x0001dec1      0x127 ./Core/Src/main.o
 .debug_macro   0x0001dfe8       0x7e ./Core/Src/main.o
 .debug_macro   0x0001e066       0x89 ./Core/Src/main.o
 .debug_macro   0x0001e0ef      0x8ed ./Core/Src/main.o
 .debug_macro   0x0001e9dc       0x4d ./Core/Src/main.o
 .debug_macro   0x0001ea29      0x12d ./Core/Src/main.o
 .debug_macro   0x0001eb56      0x190 ./Core/Src/main.o
 .debug_macro   0x0001ece6      0x106 ./Core/Src/main.o
 .debug_macro   0x0001edec      0x15a ./Core/Src/main.o
 .debug_macro   0x0001ef46       0xe4 ./Core/Src/main.o
 .debug_macro   0x0001f02a       0x1c ./Core/Src/main.o
 .debug_macro   0x0001f046       0x26 ./Core/Src/main.o
 .debug_macro   0x0001f06c      0x4d3 ./Core/Src/main.o
 .debug_macro   0x0001f53f       0xb5 ./Core/Src/main.o
 .debug_macro   0x0001f5f4       0xaa ./Core/Src/main.o
 .debug_macro   0x0001f69e       0x80 ./Core/Src/main.o
 .debug_macro   0x0001f71e      0x1d3 ./Core/Src/stm32f4xx_hal_msp.o
 .debug_macro   0x0001f8f1      0x1c4 ./Core/Src/stm32f4xx_hal_timebase_tim.o
 .debug_macro   0x0001fab5      0x1dd ./Core/Src/stm32f4xx_it.o
 .debug_macro   0x0001fc92      0x1c4 ./Core/Src/system_stm32f4xx.o
 .debug_macro   0x0001fe56      0x224 ./Drivers/STM32F4xx_HAL_Driver/Src/stm32f4xx_hal.o
 .debug_macro   0x0002007a      0x1c4 ./Drivers/STM32F4xx_HAL_Driver/Src/stm32f4xx_hal_cortex.o
 .debug_macro   0x0002023e      0x1ca ./Drivers/STM32F4xx_HAL_Driver/Src/stm32f4xx_hal_gpio.o
 .debug_macro   0x00020408      0x1e8 ./Drivers/STM32F4xx_HAL_Driver/Src/stm32f4xx_hal_rcc.o
 .debug_macro   0x000205f0      0x1c5 ./Drivers/STM32F4xx_HAL_Driver/Src/stm32f4xx_hal_tim.o
 .debug_macro   0x000207b5      0x1c4 ./Drivers/STM32F4xx_HAL_Driver/Src/stm32f4xx_hal_tim_ex.o
 .debug_macro   0x00020979      0x187 ./FreeRTOS/list.o
 .debug_macro   0x00020b00      0x216 ./FreeRTOS/queue.o
 .debug_macro   0x00020d16       0x16 ./FreeRTOS/queue.o
 .debug_macro   0x00020d2c       0x20 ./FreeRTOS/queue.o
 .debug_macro   0x00020d4c      0x279 ./FreeRTOS/tasks.o
 .debug_macro   0x00020fc5       0x10 ./FreeRTOS/tasks.o
 .debug_macro   0x00020fd5      0x1dc ./FreeRTOS/timers.o
 .debug_macro   0x000211b1       0x97 ./FreeRTOS/timers.o
 .debug_macro   0x00021248      0x196 ./FreeRTOS/portable/ARM_CM4F/port.o
 .debug_macro   0x000213de      0x1ae ./FreeRTOS/portable/MemMang/heap_4.o

.debug_line     0x00000000    0x10119
 .debug_line    0x00000000      0xaab ./Core/Src/main.o
 .debug_line    0x00000aab      0x72e ./Core/Src/stm32f4xx_hal_msp.o
 .debug_line    0x000011d9      0x7ac ./Core/Src/stm32f4xx_hal_timebase_tim.o
 .debug_line    0x00001985      0x7b7 ./Core/Src/stm32f4xx_it.o
 .debug_line    0x0000213c      0x7b3 ./Core/Src/system_stm32f4xx.o
 .debug_line    0x000028ef       0x7a ./Core/Startup/startup_stm32f407vgtx.o
 .debug_line    0x00002969      0xa20 ./Drivers/STM32F4xx_HAL_Driver/Src/stm32f4xx_hal.o
 .debug_line    0x00003389      0xcf0 ./Drivers/STM32F4xx_HAL_Driver/Src/stm32f4xx_hal_cortex.o
 .debug_line    0x00004079      0xb78 ./Drivers/STM32F4xx_HAL_Driver/Src/stm32f4xx_hal_gpio.o
 .debug_line    0x00004bf1      0xe2f ./Drivers/STM32F4xx_HAL_Driver/Src/stm32f4xx_hal_rcc.o
 .debug_line    0x00005a20     0x379d ./Drivers/STM32F4xx_HAL_Driver/Src/stm32f4xx_hal_tim.o
 .debug_line    0x000091bd     0x1980 ./Drivers/STM32F4xx_HAL_Driver/Src/stm32f4xx_hal_tim_ex.o
 .debug_line    0x0000ab3d      0x78b ./FreeRTOS/list.o
 .debug_line    0x0000b2c8     0x1560 ./FreeRTOS/queue.o
 .debug_line    0x0000c828     0x1ad5 ./FreeRTOS/tasks.o
 .debug_line    0x0000e2fd      0xc93 ./FreeRTOS/timers.o
 .debug_line    0x0000ef90      0x84d ./FreeRTOS/portable/ARM_CM4F/port.o
 .debug_line    0x0000f7dd      0x93c ./FreeRTOS/portable/MemMang/heap_4.o

.debug_str      0x00000000    0xd00bc
 .debug_str     0x00000000    0xd00bc ./Core/Src/main.o
                              0xc75cc (size before relaxing)
 .debug_str     0x000d00bc    0xc2797 ./Core/Src/stm32f4xx_hal_msp.o
 .debug_str     0x000d00bc    0xc2ca5 ./Core/Src/stm32f4xx_hal_timebase_tim.o
 .debug_str     0x000d00bc    0xc2c44 ./Core/Src/stm32f4xx_it.o
 .debug_str     0x000d00bc    0xc21ae ./Core/Src/system_stm32f4xx.o
 .debug_str     0x000d00bc       0x83 ./Core/Startup/startup_stm32f407vgtx.o
 .debug_str     0x000d00bc    0xc2d32 ./Drivers/STM32F4xx_HAL_Driver/Src/stm32f4xx_hal.o
 .debug_str     0x000d00bc    0xc2aae ./Drivers/STM32F4xx_HAL_Driver/Src/stm32f4xx_hal_cortex.o
 .debug_str     0x000d00bc    0xc2329 ./Drivers/STM32F4xx_HAL_Driver/Src/stm32f4xx_hal_gpio.o
 .debug_str     0x000d00bc    0xc25e2 ./Drivers/STM32F4xx_HAL_Driver/Src/stm32f4xx_hal_rcc.o
 .debug_str     0x000d00bc    0xc3538 ./Drivers/STM32F4xx_HAL_Driver/Src/stm32f4xx_hal_tim.o
 .debug_str     0x000d00bc    0xc2d44 ./Drivers/STM32F4xx_HAL_Driver/Src/stm32f4xx_hal_tim_ex.o
 .debug_str     0x000d00bc     0xac19 ./FreeRTOS/list.o
 .debug_str     0x000d00bc     0xc4e2 ./FreeRTOS/queue.o
 .debug_str     0x000d00bc     0xd0ba ./FreeRTOS/tasks.o
 .debug_str     0x000d00bc     0xc893 ./FreeRTOS/timers.o
 .debug_str     0x000d00bc     0x87b7 ./FreeRTOS/portable/ARM_CM4F/port.o
 .debug_str     0x000d00bc     0xb436 ./FreeRTOS/portable/MemMang/heap_4.o

.comment        0x00000000       0x43
 .comment       0x00000000       0x43 ./Core/Src/main.o
                                 0x44 (size before relaxing)
 .comment       0x00000043       0x44 ./Core/Src/stm32f4xx_hal_msp.o
 .comment       0x00000043       0x44 ./Core/Src/stm32f4xx_hal_timebase_tim.o
 .comment       0x00000043       0x44 ./Core/Src/stm32f4xx_it.o
 .comment       0x00000043       0x44 ./Core/Src/system_stm32f4xx.o
 .comment       0x00000043       0x44 ./Drivers/STM32F4xx_HAL_Driver/Src/stm32f4xx_hal.o
 .comment       0x00000043       0x44 ./Drivers/STM32F4xx_HAL_Driver/Src/stm32f4xx_hal_cortex.o
 .comment       0x00000043       0x44 ./Drivers/STM32F4xx_HAL_Driver/Src/stm32f4xx_hal_gpio.o
 .comment       0x00000043       0x44 ./Drivers/STM32F4xx_HAL_Driver/Src/stm32f4xx_hal_rcc.o
 .comment       0x00000043       0x44 ./Drivers/STM32F4xx_HAL_Driver/Src/stm32f4xx_hal_tim.o
 .comment       0x00000043       0x44 ./Drivers/STM32F4xx_HAL_Driver/Src/stm32f4xx_hal_tim_ex.o
 .comment       0x00000043       0x44 ./FreeRTOS/list.o
 .comment       0x00000043       0x44 ./FreeRTOS/queue.o
 .comment       0x00000043       0x44 ./FreeRTOS/tasks.o
 .comment       0x00000043       0x44 ./FreeRTOS/timers.o
 .comment       0x00000043       0x44 ./FreeRTOS/portable/ARM_CM4F/port.o
 .comment       0x00000043       0x44 ./FreeRTOS/portable/MemMang/heap_4.o

.debug_frame    0x00000000     0x3bbc
 .debug_frame   0x00000000       0xf8 ./Core/Src/main.o
 .debug_frame   0x000000f8       0x38 ./Core/Src/stm32f4xx_hal_msp.o
 .debug_frame   0x00000130       0x74 ./Core/Src/stm32f4xx_hal_timebase_tim.o
 .debug_frame   0x000001a4       0xc4 ./Core/Src/stm32f4xx_it.o
 .debug_frame   0x00000268       0x58 ./Core/Src/system_stm32f4xx.o
 .debug_frame   0x000002c0      0x374 ./Drivers/STM32F4xx_HAL_Driver/Src/stm32f4xx_hal.o
 .debug_frame   0x00000634      0x508 ./Drivers/STM32F4xx_HAL_Driver/Src/stm32f4xx_hal_cortex.o
 .debug_frame   0x00000b3c      0x14c ./Drivers/STM32F4xx_HAL_Driver/Src/stm32f4xx_hal_gpio.o
 .debug_frame   0x00000c88      0x1f4 ./Drivers/STM32F4xx_HAL_Driver/Src/stm32f4xx_hal_rcc.o
 .debug_frame   0x00000e7c     0x11c0 ./Drivers/STM32F4xx_HAL_Driver/Src/stm32f4xx_hal_tim.o
 .debug_frame   0x0000203c      0x638 ./Drivers/STM32F4xx_HAL_Driver/Src/stm32f4xx_hal_tim_ex.o
 .debug_frame   0x00002674       0xd8 ./FreeRTOS/list.o
 .debug_frame   0x0000274c      0x530 ./FreeRTOS/queue.o
 .debug_frame   0x00002c7c      0x854 ./FreeRTOS/tasks.o
 .debug_frame   0x000034d0      0x368 ./FreeRTOS/timers.o
 .debug_frame   0x00003838      0x1a8 ./FreeRTOS/portable/ARM_CM4F/port.o
 .debug_frame   0x000039e0      0x108 ./FreeRTOS/portable/MemMang/heap_4.o
 .debug_frame   0x00003ae8       0x20 C:/ST/STM32CubeIDE_1.17.0/STM32CubeIDE/plugins/com.st.stm32cube.ide.mcu.externaltools.gnu-tools-for-stm32.13.3.rel1.win32_1.0.0.202411081344/tools/bin/../lib/gcc/arm-none-eabi/13.3.1/../../../../arm-none-eabi/lib/thumb/v7e-m+fp/hard\libc_nano.a(libc_a-memset.o)
 .debug_frame   0x00003b08       0x2c C:/ST/STM32CubeIDE_1.17.0/STM32CubeIDE/plugins/com.st.stm32cube.ide.mcu.externaltools.gnu-tools-for-stm32.13.3.rel1.win32_1.0.0.202411081344/tools/bin/../lib/gcc/arm-none-eabi/13.3.1/../../../../arm-none-eabi/lib/thumb/v7e-m+fp/hard\libc_nano.a(libc_a-init.o)
 .debug_frame   0x00003b34       0x28 C:/ST/STM32CubeIDE_1.17.0/STM32CubeIDE/plugins/com.st.stm32cube.ide.mcu.externaltools.gnu-tools-for-stm32.13.3.rel1.win32_1.0.0.202411081344/tools/bin/../lib/gcc/arm-none-eabi/13.3.1/../../../../arm-none-eabi/lib/thumb/v7e-m+fp/hard\libc_nano.a(libc_a-memcpy-stub.o)
 .debug_frame   0x00003b5c       0x2c C:/ST/STM32CubeIDE_1.17.0/STM32CubeIDE/plugins/com.st.stm32cube.ide.mcu.externaltools.gnu-tools-for-stm32.13.3.rel1.win32_1.0.0.202411081344/tools/bin/../lib/gcc/arm-none-eabi/13.3.1/thumb/v7e-m+fp/hard\libgcc.a(_aeabi_uldivmod.o)
 .debug_frame   0x00003b88       0x34 C:/ST/STM32CubeIDE_1.17.0/STM32CubeIDE/plugins/com.st.stm32cube.ide.mcu.externaltools.gnu-tools-for-stm32.13.3.rel1.win32_1.0.0.202411081344/tools/bin/../lib/gcc/arm-none-eabi/13.3.1/thumb/v7e-m+fp/hard\libgcc.a(_udivmoddi4.o)

.debug_line_str
                0x00000000       0x67
 .debug_line_str
                0x00000000       0x67 ./Core/Startup/startup_stm32f407vgtx.o
